Archive member included to satisfy reference by file (symbol)

/opt/stm32cubeide/plugins/com.st.stm32cube.ide.mcu.externaltools.gnu-tools-for-stm32.14.3.rel1.linux64_1.0.100.202602081740/tools/bin/../lib/gcc/arm-none-eabi/14.3.1/../../../../arm-none-eabi/lib/thumb/v7e-m+dp/hard/libc_nano.a(libc_a-exit.o)
                              /opt/stm32cubeide/plugins/com.st.stm32cube.ide.mcu.externaltools.gnu-tools-for-stm32.14.3.rel1.linux64_1.0.100.202602081740/tools/bin/../lib/gcc/arm-none-eabi/14.3.1/../../../../arm-none-eabi/lib/thumb/v7e-m+dp/hard/crt0.o (exit)
/opt/stm32cubeide/plugins/com.st.stm32cube.ide.mcu.externaltools.gnu-tools-for-stm32.14.3.rel1.linux64_1.0.100.202602081740/tools/bin/../lib/gcc/arm-none-eabi/14.3.1/../../../../arm-none-eabi/lib/thumb/v7e-m+dp/hard/libc_nano.a(libc_a-nano-vfprintf_float.o)
                              (_printf_float)
/opt/stm32cubeide/plugins/com.st.stm32cube.ide.mcu.externaltools.gnu-tools-for-stm32.14.3.rel1.linux64_1.0.100.202602081740/tools/bin/../lib/gcc/arm-none-eabi/14.3.1/../../../../arm-none-eabi/lib/thumb/v7e-m+dp/hard/libc_nano.a(libc_a-nano-vfprintf_i.o)
                              /opt/stm32cubeide/plugins/com.st.stm32cube.ide.mcu.externaltools.gnu-tools-for-stm32.14.3.rel1.linux64_1.0.100.202602081740/tools/bin/../lib/gcc/arm-none-eabi/14.3.1/../../../../arm-none-eabi/lib/thumb/v7e-m+dp/hard/libc_nano.a(libc_a-nano-vfprintf_float.o) (_printf_common)
/opt/stm32cubeide/plugins/com.st.stm32cube.ide.mcu.externaltools.gnu-tools-for-stm32.14.3.rel1.linux64_1.0.100.202602081740/tools/bin/../lib/gcc/arm-none-eabi/14.3.1/../../../../arm-none-eabi/lib/thumb/v7e-m+dp/hard/libc_nano.a(libc_a-findfp.o)
                              /opt/stm32cubeide/plugins/com.st.stm32cube.ide.mcu.externaltools.gnu-tools-for-stm32.14.3.rel1.linux64_1.0.100.202602081740/tools/bin/../lib/gcc/arm-none-eabi/14.3.1/../../../../arm-none-eabi/lib/thumb/v7e-m+dp/hard/libc_nano.a(libc_a-exit.o) (__stdio_exit_handler)
/opt/stm32cubeide/plugins/com.st.stm32cube.ide.mcu.externaltools.gnu-tools-for-stm32.14.3.rel1.linux64_1.0.100.202602081740/tools/bin/../lib/gcc/arm-none-eabi/14.3.1/../../../../arm-none-eabi/lib/thumb/v7e-m+dp/hard/libc_nano.a(libc_a-fwalk.o)
                              /opt/stm32cubeide/plugins/com.st.stm32cube.ide.mcu.externaltools.gnu-tools-for-stm32.14.3.rel1.linux64_1.0.100.202602081740/tools/bin/../lib/gcc/arm-none-eabi/14.3.1/../../../../arm-none-eabi/lib/thumb/v7e-m+dp/hard/libc_nano.a(libc_a-findfp.o) (_fwalk_sglue)
/opt/stm32cubeide/plugins/com.st.stm32cube.ide.mcu.externaltools.gnu-tools-for-stm32.14.3.rel1.linux64_1.0.100.202602081740/tools/bin/../lib/gcc/arm-none-eabi/14.3.1/../../../../arm-none-eabi/lib/thumb/v7e-m+dp/hard/libc_nano.a(libc_a-snprintf.o)
                              ./Middlewares/ST/lsm6dso/lsm6dso32_device.o (snprintf)
/opt/stm32cubeide/plugins/com.st.stm32cube.ide.mcu.externaltools.gnu-tools-for-stm32.14.3.rel1.linux64_1.0.100.202602081740/tools/bin/../lib/gcc/arm-none-eabi/14.3.1/../../../../arm-none-eabi/lib/thumb/v7e-m+dp/hard/libc_nano.a(libc_a-stdio.o)
                              /opt/stm32cubeide/plugins/com.st.stm32cube.ide.mcu.externaltools.gnu-tools-for-stm32.14.3.rel1.linux64_1.0.100.202602081740/tools/bin/../lib/gcc/arm-none-eabi/14.3.1/../../../../arm-none-eabi/lib/thumb/v7e-m+dp/hard/libc_nano.a(libc_a-findfp.o) (__sread)
/opt/stm32cubeide/plugins/com.st.stm32cube.ide.mcu.externaltools.gnu-tools-for-stm32.14.3.rel1.linux64_1.0.100.202602081740/tools/bin/../lib/gcc/arm-none-eabi/14.3.1/../../../../arm-none-eabi/lib/thumb/v7e-m+dp/hard/libc_nano.a(libc_a-vsnprintf.o)
                              ./Core/Src/main.o (vsnprintf)
/opt/stm32cubeide/plugins/com.st.stm32cube.ide.mcu.externaltools.gnu-tools-for-stm32.14.3.rel1.linux64_1.0.100.202602081740/tools/bin/../lib/gcc/arm-none-eabi/14.3.1/../../../../arm-none-eabi/lib/thumb/v7e-m+dp/hard/libc_nano.a(libc_a-memset.o)
                              /opt/stm32cubeide/plugins/com.st.stm32cube.ide.mcu.externaltools.gnu-tools-for-stm32.14.3.rel1.linux64_1.0.100.202602081740/tools/bin/../lib/gcc/arm-none-eabi/14.3.1/../../../../arm-none-eabi/lib/thumb/v7e-m+dp/hard/crt0.o (memset)
/opt/stm32cubeide/plugins/com.st.stm32cube.ide.mcu.externaltools.gnu-tools-for-stm32.14.3.rel1.linux64_1.0.100.202602081740/tools/bin/../lib/gcc/arm-none-eabi/14.3.1/../../../../arm-none-eabi/lib/thumb/v7e-m+dp/hard/libc_nano.a(libc_a-localeconv.o)
                              /opt/stm32cubeide/plugins/com.st.stm32cube.ide.mcu.externaltools.gnu-tools-for-stm32.14.3.rel1.linux64_1.0.100.202602081740/tools/bin/../lib/gcc/arm-none-eabi/14.3.1/../../../../arm-none-eabi/lib/thumb/v7e-m+dp/hard/libc_nano.a(libc_a-nano-vfprintf_float.o) (_localeconv_r)
/opt/stm32cubeide/plugins/com.st.stm32cube.ide.mcu.externaltools.gnu-tools-for-stm32.14.3.rel1.linux64_1.0.100.202602081740/tools/bin/../lib/gcc/arm-none-eabi/14.3.1/../../../../arm-none-eabi/lib/thumb/v7e-m+dp/hard/libc_nano.a(libc_a-closer.o)
[...]
Memory Configuration

Name             Origin             Length             Attributes
FLASH            0x08000000         0x00080000         xr
FLASH2           0x08100000         0x00080000         xr
DTCMRAM          0x20000000         0x00020000         xrw
RAM_D1           0x24000000         0x00080000         xrw
RAM_D2           0x30000000         0x00048000         xrw
RAM_D3           0x38000000         0x00010000         xrw
ITCMRAM          0x00000000         0x00010000         xrw
*default*        0x00000000         0xffffffff

Linker script and memory map

LOAD /opt/stm32cubeide/plugins/com.st.stm32cube.ide.mcu.externaltools.gnu-tools-for-stm32.14.3.rel1.linux64_1.0.100.202602081740/tools/bin/../lib/gcc/arm-none-eabi/14.3.1/thumb/v7e-m+dp/hard/crti.o
LOAD /opt/stm32cubeide/plugins/com.st.stm32cube.ide.mcu.externaltools.gnu-tools-for-stm32.14.3.rel1.linux64_1.0.100.202602081740/tools/bin/../lib/gcc/arm-none-eabi/14.3.1/thumb/v7e-m+dp/hard/crtbegin.o
LOAD /opt/stm32cubeide/plugins/com.st.stm32cube.ide.mcu.externaltools.gnu-tools-for-stm32.14.3.rel1.linux64_1.0.100.202602081740/tools/bin/../lib/gcc/arm-none-eabi/14.3.1/../../../../arm-none-eabi/lib/thumb/v7e-m+dp/hard/crt0.o
LOAD ./Core/Src/main.o
LOAD ./Core/Src/stm32h7xx_hal_msp.o
LOAD ./Core/Src/stm32h7xx_it.o
LOAD ./Core/Src/syscalls.o
LOAD ./Core/Src/sysmem.o
LOAD ./Core/Src/system_stm32h7xx.o
LOAD ./Core/Startup/startup_stm32h743vgtx.o
LOAD ./Drivers/STM32H7xx_HAL_Driver/Src/stm32h7xx_hal.o
LOAD ./Drivers/STM32H7xx_HAL_Driver/Src/stm32h7xx_hal_cortex.o
LOAD ./Drivers/STM32H7xx_HAL_Driver/Src/stm32h7xx_hal_dma.o
LOAD ./Drivers/STM32H7xx_HAL_Driver/Src/stm32h7xx_hal_dma_ex.o
LOAD ./Drivers/STM32H7xx_HAL_Driver/Src/stm32h7xx_hal_exti.o
LOAD ./Drivers/STM32H7xx_HAL_Driver/Src/stm32h7xx_hal_flash.o
LOAD ./Drivers/STM32H7xx_HAL_Driver/Src/stm32h7xx_hal_flash_ex.o
LOAD ./Drivers/STM32H7xx_HAL_Driver/Src/stm32h7xx_hal_gpio.o
LOAD ./Drivers/STM32H7xx_HAL_Driver/Src/stm32h7xx_hal_hsem.o
LOAD ./Drivers/STM32H7xx_HAL_Driver/Src/stm32h7xx_hal_i2c.o
LOAD ./Drivers/STM32H7xx_HAL_Driver/Src/stm32h7xx_hal_i2c_ex.o
LOAD ./Drivers/STM32H7xx_HAL_Driver/Src/stm32h7xx_hal_mdma.o
LOAD ./Drivers/STM32H7xx_HAL_Driver/Src/stm32h7xx_hal_pwr.o
LOAD ./Drivers/STM32H7xx_HAL_Driver/Src/stm32h7xx_hal_pwr_ex.o
LOAD ./Drivers/STM32H7xx_HAL_Driver/Src/stm32h7xx_hal_rcc.o
LOAD ./Drivers/STM32H7xx_HAL_Driver/Src/stm32h7xx_hal_rcc_ex.o
LOAD ./Drivers/STM32H7xx_HAL_Driver/Src/stm32h7xx_hal_spi.o
LOAD ./Drivers/STM32H7xx_HAL_Driver/Src/stm32h7xx_hal_spi_ex.o
LOAD ./Drivers/STM32H7xx_HAL_Driver/Src/stm32h7xx_hal_tim.o
LOAD ./Drivers/STM32H7xx_HAL_Driver/Src/stm32h7xx_hal_tim_ex.o
LOAD ./Drivers/STM32H7xx_HAL_Driver/Src/stm32h7xx_hal_uart.o
LOAD ./Drivers/STM32H7xx_HAL_Driver/Src/stm32h7xx_hal_uart_ex.o
LOAD ./FATFS/App/fatfs.o
LOAD ./FATFS/Target/user_diskio.o
LOAD ./FATFS/Target/user_diskio_spi.o
LOAD ./Middlewares/ST/lsm6dso/lsm6dso32_device.o
LOAD ./Middlewares/ST/lsm6dso/lsm6dso32_reg.o
LOAD ./Middlewares/Third_Party/FatFs/src/diskio.o
LOAD ./Middlewares/Third_Party/FatFs/src/ff.o
LOAD ./Middlewares/Third_Party/FatFs/src/ff_gen_drv.o
LOAD ./Middlewares/Third_Party/FatFs/src/option/syscall.o
LOAD ./UserCode/SD_Card.o
START GROUP
LOAD /opt/stm32cubeide/plugins/com.st.stm32cube.ide.mcu.externaltools.gnu-tools-for-stm32.14.3.rel1.linux64_1.0.100.202602081740/tools/bin/../lib/gcc/arm-none-eabi/14.3.1/../../../../arm-none-eabi/lib/thumb/v7e-m+dp/hard/libc_nano.a
LOAD /opt/stm32cubeide/plugins/com.st.stm32cube.ide.mcu.externaltools.gnu-tools-for-stm32.14.3.rel1.linux64_1.0.100.202602081740/tools/bin/../lib/gcc/arm-none-eabi/14.3.1/../../../../arm-none-eabi/lib/thumb/v7e-m+dp/hard/libm.a
END GROUP
START GROUP
LOAD /opt/stm32cubeide/plugins/com.st.stm32cube.ide.mcu.externaltools.gnu-tools-for-stm32.14.3.rel1.linux64_1.0.100.202602081740/tools/bin/../lib/gcc/arm-none-eabi/14.3.1/thumb/v7e-m+dp/hard/libgcc.a
LOAD /opt/stm32cubeide/plugins/com.st.stm32cube.ide.mcu.externaltools.gnu-tools-for-stm32.14.3.rel1.linux64_1.0.100.202602081740/tools/bin/../lib/gcc/arm-none-eabi/14.3.1/../../../../arm-none-eabi/lib/thumb/v7e-m+dp/hard/libc_nano.a
END GROUP
START GROUP
LOAD /opt/stm32cubeide/plugins/com.st.stm32cube.ide.mcu.externaltools.gnu-tools-for-stm32.14.3.rel1.linux64_1.0.100.202602081740/tools/bin/../lib/gcc/arm-none-eabi/14.3.1/thumb/v7e-m+dp/hard/libgcc.a
LOAD /opt/stm32cubeide/plugins/com.st.stm32cube.ide.mcu.externaltools.gnu-tools-for-stm32.14.3.rel1.linux64_1.0.100.202602081740/tools/bin/../lib/gcc/arm-none-eabi/14.3.1/../../../../arm-none-eabi/lib/thumb/v7e-m+dp/hard/libc_nano.a
LOAD /opt/stm32cubeide/plugins/com.st.stm32cube.ide.mcu.externaltools.gnu-tools-for-stm32.14.3.rel1.linux64_1.0.100.202602081740/tools/bin/../lib/gcc/arm-none-eabi/14.3.1/../../../../arm-none-eabi/lib/thumb/v7e-m+dp/hard/libnosys.a
END GROUP
START GROUP
LOAD /opt/stm32cubeide/plugins/com.st.stm32cube.ide.mcu.externaltools.gnu-tools-for-stm32.14.3.rel1.linux64_1.0.100.202602081740/tools/bin/../lib/gcc/arm-none-eabi/14.3.1/thumb/v7e-m+dp/hard/libgcc.a
LOAD /opt/stm32cubeide/plugins/com.st.stm32cube.ide.mcu.externaltools.gnu-tools-for-stm32.14.3.rel1.linux64_1.0.100.202602081740/tools/bin/../lib/gcc/arm-none-eabi/14.3.1/../../../../arm-none-eabi/lib/thumb/v7e-m+dp/hard/libc_nano.a
LOAD /opt/stm32cubeide/plugins/com.st.stm32cube.ide.mcu.externaltools.gnu-tools-for-stm32.14.3.rel1.linux64_1.0.100.202602081740/tools/bin/../lib/gcc/arm-none-eabi/14.3.1/../../../../arm-none-eabi/lib/thumb/v7e-m+dp/hard/libnosys.a
END GROUP
LOAD /opt/stm32cubeide/plugins/com.st.stm32cube.ide.mcu.externaltools.gnu-tools-for-stm32.14.3.rel1.linux64_1.0.100.202602081740/tools/bin/../lib/gcc/arm-none-eabi/14.3.1/thumb/v7e-m+dp/hard/crtend.o
LOAD /opt/stm32cubeide/plugins/com.st.stm32cube.ide.mcu.externaltools.gnu-tools-for-stm32.14.3.rel1.linux64_1.0.100.202602081740/tools/bin/../lib/gcc/arm-none-eabi/14.3.1/thumb/v7e-m+dp/hard/crtn.o
                0x24080000                        _estack = (ORIGIN (RAM_D1) + LENGTH (RAM_D1))
                0x00000400                        _Min_Heap_Size = 0x400
                0x00000800                        _Min_Stack_Size = 0x800

.isr_vector     0x08000000      0x298
                0x08000000                        . = ALIGN (0x4)
 *(.isr_vector)
 .isr_vector    0x08000000      0x298 ./Core/Startup/startup_stm32h743vgtx.o
                0x08000000                g_pfnVectors
                0x08000298                        . = ALIGN (0x4)

.text           0x080002a0     0xd7c0
                0x080002a0                        . = ALIGN (0x4)
 *(.text)
 .text          0x080002a0       0x40 /opt/stm32cubeide/plugins/com.st.stm32cube.ide.mcu.externaltools.gnu-tools-for-stm32.14.3.rel1.linux64_1.0.100.202602081740/tools/bin/../lib/gcc/arm-none-eabi/14.3.1/thumb/v7e-m+dp/hard/crtbegin.o
 .text          0x080002e0       0xa0 /opt/stm32cubeide/plugins/com.st.stm32cube.ide.mcu.externaltools.gnu-tools-for-stm32.14.3.rel1.linux64_1.0.100.202602081740/tools/bin/../lib/gcc/arm-none-eabi/14.3.1/../../../../arm-none-eabi/lib/thumb/v7e-m+dp/hard/libc_nano.a(libc_a-memchr.o)
                0x080002e0                memchr
 .text          0x08000380       0x10 /opt/stm32cubeide/plugins/com.st.stm32cube.ide.mcu.externaltools.gnu-tools-for-stm32.14.3.rel1.linux64_1.0.100.202602081740/tools/bin/../lib/gcc/arm-none-eabi/14.3.1/../../../../arm-none-eabi/lib/thumb/v7e-m+dp/hard/libc_nano.a(libc_a-strlen.o)
                0x08000380                strlen
 .text          0x08000390       0x30 /opt/stm32cubeide/plugins/com.st.stm32cube.ide.mcu.externaltools.gnu-tools-for-stm32.14.3.rel1.linux64_1.0.100.202602081740/tools/bin/../lib/gcc/arm-none-eabi/14.3.1/thumb/v7e-m+dp/hard/libgcc.a(_aeabi_uldivmod.o)
                0x08000390                __aeabi_uldivmod
 .text          0x080003c0      0x2f8 /opt/stm32cubeide/plugins/com.st.stm32cube.ide.mcu.externaltools.gnu-tools-for-stm32.14.3.rel1.linux64_1.0.100.202602081740/tools/bin/../lib/gcc/arm-none-eabi/14.3.1/thumb/v7e-m+dp/hard/libgcc.a(_udivmoddi4.o)
                0x080003c0                __udivmoddi4
 .text          0x080006b8        0x4 /opt/stm32cubeide/plugins/com.st.stm32cube.ide.mcu.externaltools.gnu-tools-for-stm32.14.3.rel1.linux64_1.0.100.202602081740/tools/bin/../lib/gcc/arm-none-eabi/14.3.1/thumb/v7e-m+dp/hard/libgcc.a(_dvmd_tls.o)
                0x080006b8                __aeabi_ldiv0
                0x080006b8                __aeabi_idiv0
 *(.text*)
 .text.myprintf
                0x080006bc       0x4c ./Core/Src/main.o
                0x080006bc                myprintf
 .text.main     0x08000708       0x88 ./Core/Src/main.o
                0x08000708                main
 .text.SystemClock_Config
                0x08000790       0xd4 ./Core/Src/main.o
                0x08000790                SystemClock_Config
 .text.PeriphCommonClock_Config
                0x08000864       0x3c ./Core/Src/main.o
                0x08000864                PeriphCommonClock_Config
 .text.MX_I2C4_Init
                0x080008a0       0x80 ./Core/Src/main.o
 .text.MX_SPI1_Init
                0x08000920       0xac ./Core/Src/main.o
 .text.MX_SPI2_Init
                0x080009cc       0xac ./Core/Src/main.o
 .text.MX_SPI3_Init
                0x08000a78       0xac ./Core/Src/main.o
 .text.MX_USART3_UART_Init
                0x08000b24       0x98 ./Core/Src/main.o
 .text.MX_GPIO_Init
                0x08000bbc      0x12c ./Core/Src/main.o
 .text.MPU_Config
                0x08000ce8       0x58 ./Core/Src/main.o
 .text.Error_Handler
                0x08000d40        0xc ./Core/Src/main.o
                0x08000d40                Error_Handler
 .text.HAL_MspInit
                0x08000d4c       0x34 ./Core/Src/stm32h7xx_hal_msp.o
                0x08000d4c                HAL_MspInit
 .text.HAL_I2C_MspInit
                0x08000d80       0xd4 ./Core/Src/stm32h7xx_hal_msp.o
                0x08000d80                HAL_I2C_MspInit
 .text.HAL_SPI_MspInit
                0x08000e54      0x270 ./Core/Src/stm32h7xx_hal_msp.o
                0x08000e54                HAL_SPI_MspInit
 .text.HAL_UART_MspInit
                0x080010c4       0xd4 ./Core/Src/stm32h7xx_hal_msp.o
                0x080010c4                HAL_UART_MspInit
 .text.NMI_Handler
                0x08001198        0x8 ./Core/Src/stm32h7xx_it.o
                0x08001198                NMI_Handler
 .text.HardFault_Handler
                0x080011a0        0x8 ./Core/Src/stm32h7xx_it.o
                0x080011a0                HardFault_Handler
 .text.MemManage_Handler
                0x080011a8        0x8 ./Core/Src/stm32h7xx_it.o
                0x080011a8                MemManage_Handler
 .text.BusFault_Handler
                0x080011b0        0x8 ./Core/Src/stm32h7xx_it.o
                0x080011b0                BusFault_Handler
 .text.UsageFault_Handler
                0x080011b8        0x8 ./Core/Src/stm32h7xx_it.o
                0x080011b8                UsageFault_Handler
 .text.SVC_Handler
                0x080011c0        0xe ./Core/Src/stm32h7xx_it.o
                0x080011c0                SVC_Handler
 .text.DebugMon_Handler
                0x080011ce        0xe ./Core/Src/stm32h7xx_it.o
                0x080011ce                DebugMon_Handler
 .text.PendSV_Handler
                0x080011dc        0xe ./Core/Src/stm32h7xx_it.o
                0x080011dc                PendSV_Handler
 .text.SysTick_Handler
                0x080011ea        0xc ./Core/Src/stm32h7xx_it.o
                0x080011ea                SysTick_Handler
 .text._getpid  0x080011f6       0x10 ./Core/Src/syscalls.o
                0x080011f6                _getpid
 .text._kill    0x08001206       0x20 ./Core/Src/syscalls.o
                0x08001206                _kill
 .text._exit    0x08001226       0x16 ./Core/Src/syscalls.o
                0x08001226                _exit
 .text._read    0x0800123c       0x3a ./Core/Src/syscalls.o
                0x0800123c                _read
 .text._write   0x08001276       0x38 ./Core/Src/syscalls.o
                0x08001276                _write
 .text._close   0x080012ae       0x18 ./Core/Src/syscalls.o
                0x080012ae                _close
 .text._fstat   0x080012c6       0x20 ./Core/Src/syscalls.o
                0x080012c6                _fstat
 .text._isatty  0x080012e6       0x16 ./Core/Src/syscalls.o
                0x080012e6                _isatty
 .text._lseek   0x080012fc       0x1a ./Core/Src/syscalls.o
                0x080012fc                _lseek
 *fill*         0x08001316        0x2 
 .text._sbrk    0x08001318       0x6c ./Core/Src/sysmem.o
                0x08001318                _sbrk
 .text.SystemInit
                0x08001384      0x140 ./Core/Src/system_stm32h7xx.o
                0x08001384                SystemInit
 .text.ExitRun0Mode
                0x080014c4       0x18 ./Core/Src/system_stm32h7xx.o
                0x080014c4                ExitRun0Mode
 .text.Reset_Handler
                0x080014dc       0x54 ./Core/Startup/startup_stm32h743vgtx.o
                0x080014dc                Reset_Handler
 .text.Default_Handler
                0x08001530        0x2 ./Core/Startup/startup_stm32h743vgtx.o
                0x08001530                RTC_Alarm_IRQHandler
                0x08001530                EXTI2_IRQHandler
                0x08001530                TIM8_CC_IRQHandler
                0x08001530                HRTIM1_Master_IRQHandler
                0x08001530                UART8_IRQHandler
                0x08001530                SPI4_IRQHandler
                0x08001530                TIM1_CC_IRQHandler
                0x08001530                BDMA_Channel6_IRQHandler
                0x08001530                DMA2_Stream5_IRQHandler
                0x08001530                HRTIM1_FLT_IRQHandler
                0x08001530                JPEG_IRQHandler
                0x08001530                DMA1_Stream5_IRQHandler
                0x08001530                BDMA_Channel1_IRQHandler
                0x08001530                HRTIM1_TIMD_IRQHandler
                0x08001530                TAMP_STAMP_IRQHandler
                0x08001530                EXTI3_IRQHandler
                0x08001530                LPTIM4_IRQHandler
                0x08001530                TIM8_TRG_COM_TIM14_IRQHandler
                0x08001530                LPTIM2_IRQHandler
                0x08001530                DFSDM1_FLT1_IRQHandler
                0x08001530                DMAMUX2_OVR_IRQHandler
                0x08001530                TIM8_UP_TIM13_IRQHandler
                0x08001530                I2C3_ER_IRQHandler
                0x08001530                DFSDM1_FLT2_IRQHandler
                0x08001530                MDMA_IRQHandler
                0x08001530                LPTIM3_IRQHandler
                0x08001530                HSEM1_IRQHandler
                0x08001530                EXTI0_IRQHandler
                0x08001530                I2C2_EV_IRQHandler
                0x08001530                DMA1_Stream2_IRQHandler
                0x08001530                FPU_IRQHandler
                0x08001530                OTG_HS_WKUP_IRQHandler
                0x08001530                FDCAN1_IT1_IRQHandler
                0x08001530                LTDC_ER_IRQHandler
                0x08001530                DMA2_Stream2_IRQHandler
                0x08001530                HRTIM1_TIME_IRQHandler
                0x08001530                SPI1_IRQHandler
                0x08001530                TIM6_DAC_IRQHandler
                0x08001530                DCMI_IRQHandler
                0x08001530                HRTIM1_TIMC_IRQHandler
                0x08001530                DMA2_Stream3_IRQHandler
                0x08001530                SAI2_IRQHandler
                0x08001530                DFSDM1_FLT3_IRQHandler
                0x08001530                USART6_IRQHandler
                0x08001530                TIM17_IRQHandler
                0x08001530                USART3_IRQHandler
                0x08001530                BDMA_Channel7_IRQHandler
                0x08001530                LPTIM5_IRQHandler
                0x08001530                UART5_IRQHandler
                0x08001530                ADC3_IRQHandler
                0x08001530                DMA2_Stream0_IRQHandler
                0x08001530                TIM4_IRQHandler
                0x08001530                BDMA_Channel2_IRQHandler
                0x08001530                QUADSPI_IRQHandler
                0x08001530                I2C1_EV_IRQHandler
                0x08001530                DMA1_Stream6_IRQHandler
                0x08001530                DMAMUX1_OVR_IRQHandler
                0x08001530                DMA1_Stream1_IRQHandler
                0x08001530                TIM16_IRQHandler
                0x08001530                UART4_IRQHandler
                0x08001530                BDMA_Channel5_IRQHandler
                0x08001530                TIM3_IRQHandler
                0x08001530                RCC_IRQHandler
                0x08001530                TIM8_BRK_TIM12_IRQHandler
                0x08001530                TIM1_TRG_COM_IRQHandler
                0x08001530                Default_Handler
                0x08001530                ECC_IRQHandler
                0x08001530                CEC_IRQHandler
                0x08001530                EXTI15_10_IRQHandler
                0x08001530                BDMA_Channel0_IRQHandler
                0x08001530                ADC_IRQHandler
                0x08001530                DMA1_Stream7_IRQHandler
                0x08001530                HRTIM1_TIMA_IRQHandler
                0x08001530                SPI5_IRQHandler
                0x08001530                TIM7_IRQHandler
                0x08001530                SDMMC1_IRQHandler
                0x08001530                TIM5_IRQHandler
                0x08001530                DMA2_Stream7_IRQHandler
                0x08001530                TIM15_IRQHandler
                0x08001530                PVD_AVD_IRQHandler
                0x08001530                I2C3_EV_IRQHandler
                0x08001530                EXTI9_5_IRQHandler
                0x08001530                RTC_WKUP_IRQHandler
                0x08001530                LTDC_IRQHandler
                0x08001530                SAI3_IRQHandler
                0x08001530                ETH_WKUP_IRQHandler
                0x08001530                SPDIF_RX_IRQHandler
                0x08001530                SPI2_IRQHandler
                0x08001530                OTG_HS_EP1_IN_IRQHandler
                0x08001530                DMA1_Stream0_IRQHandler
                0x08001530                CRS_IRQHandler
                0x08001530                EXTI4_IRQHandler
                0x08001530                RNG_IRQHandler
                0x08001530                HRTIM1_TIMB_IRQHandler
                0x08001530                FDCAN2_IT1_IRQHandler
                0x08001530                ETH_IRQHandler
                0x08001530                TIM1_UP_IRQHandler
                0x08001530                BDMA_Channel4_IRQHandler
                0x08001530                OTG_HS_EP1_OUT_IRQHandler
                0x08001530                WWDG_IRQHandler
                0x08001530                SPI6_IRQHandler
                0x08001530                MDIOS_IRQHandler
                0x08001530                I2C4_EV_IRQHandler
                0x08001530                FDCAN2_IT0_IRQHandler
                0x08001530                LPUART1_IRQHandler
                0x08001530                FDCAN1_IT0_IRQHandler
                0x08001530                TIM2_IRQHandler
                0x08001530                OTG_FS_WKUP_IRQHandler
                0x08001530                OTG_HS_IRQHandler
                0x08001530                DMA2D_IRQHandler
                0x08001530                TIM1_BRK_IRQHandler
                0x08001530                EXTI1_IRQHandler
                0x08001530                SDMMC2_IRQHandler
                0x08001530                OTG_FS_EP1_OUT_IRQHandler
                0x08001530                BDMA_Channel3_IRQHandler
                0x08001530                UART7_IRQHandler
                0x08001530                MDIOS_WKUP_IRQHandler
                0x08001530                USART2_IRQHandler
                0x08001530                DFSDM1_FLT0_IRQHandler
                0x08001530                SAI4_IRQHandler
                0x08001530                I2C2_ER_IRQHandler
                0x08001530                DMA2_Stream1_IRQHandler
                0x08001530                FLASH_IRQHandler
                0x08001530                DMA2_Stream4_IRQHandler
                0x08001530                USART1_IRQHandler
                0x08001530                OTG_FS_IRQHandler
                0x08001530                SPI3_IRQHandler
                0x08001530                WAKEUP_PIN_IRQHandler
                0x08001530                DMA1_Stream4_IRQHandler
                0x08001530                OTG_FS_EP1_IN_IRQHandler
                0x08001530                I2C1_ER_IRQHandler
                0x08001530                FMC_IRQHandler
                0x08001530                FDCAN_CAL_IRQHandler
                0x08001530                SWPMI1_IRQHandler
                0x08001530                COMP1_IRQHandler
                0x08001530                LPTIM1_IRQHandler
                0x08001530                I2C4_ER_IRQHandler
                0x08001530                DMA2_Stream6_IRQHandler
                0x08001530                SAI1_IRQHandler
                0x08001530                DMA1_Stream3_IRQHandler
 *fill*         0x08001532        0x2 
 .text.HAL_Init
                0x08001534       0x78 ./Drivers/STM32H7xx_HAL_Driver/Src/stm32h7xx_hal.o
                0x08001534                HAL_Init
 .text.HAL_InitTick
                0x080015ac       0x6c ./Drivers/STM32H7xx_HAL_Driver/Src/stm32h7xx_hal.o
                0x080015ac                HAL_InitTick
 .text.HAL_IncTick
                0x08001618       0x28 ./Drivers/STM32H7xx_HAL_Driver/Src/stm32h7xx_hal.o
                0x08001618                HAL_IncTick
 .text.HAL_GetTick
                0x08001640       0x18 ./Drivers/STM32H7xx_HAL_Driver/Src/stm32h7xx_hal.o
                0x08001640                HAL_GetTick
 .text.HAL_Delay
                0x08001658       0x48 ./Drivers/STM32H7xx_HAL_Driver/Src/stm32h7xx_hal.o
                0x08001658                HAL_Delay
 .text.HAL_GetREVID
                0x080016a0       0x18 ./Drivers/STM32H7xx_HAL_Driver/Src/stm32h7xx_hal.o
                0x080016a0                HAL_GetREVID
 .text.__NVIC_SetPriorityGrouping
                0x080016b8       0x48 ./Drivers/STM32H7xx_HAL_Driver/Src/stm32h7xx_hal_cortex.o
 .text.__NVIC_GetPriorityGrouping
                0x08001700       0x1c ./Drivers/STM32H7xx_HAL_Driver/Src/stm32h7xx_hal_cortex.o
 .text.__NVIC_SetPriority
                0x0800171c       0x54 ./Drivers/STM32H7xx_HAL_Driver/Src/stm32h7xx_hal_cortex.o
 .text.NVIC_EncodePriority
                0x08001770       0x66 ./Drivers/STM32H7xx_HAL_Driver/Src/stm32h7xx_hal_cortex.o
 *fill*         0x080017d6        0x2 
 .text.SysTick_Config
                0x080017d8       0x44 ./Drivers/STM32H7xx_HAL_Driver/Src/stm32h7xx_hal_cortex.o
 .text.HAL_NVIC_SetPriorityGrouping
                0x0800181c       0x16 ./Drivers/STM32H7xx_HAL_Driver/Src/stm32h7xx_hal_cortex.o
                0x0800181c                HAL_NVIC_SetPriorityGrouping
 .text.HAL_NVIC_SetPriority
                0x08001832       0x34 ./Drivers/STM32H7xx_HAL_Driver/Src/stm32h7xx_hal_cortex.o
                0x08001832                HAL_NVIC_SetPriority
 .text.HAL_SYSTICK_Config
                0x08001866       0x18 ./Drivers/STM32H7xx_HAL_Driver/Src/stm32h7xx_hal_cortex.o
                0x08001866                HAL_SYSTICK_Config
 *fill*         0x0800187e        0x2 
 .text.HAL_MPU_Disable
                0x08001880       0x30 ./Drivers/STM32H7xx_HAL_Driver/Src/stm32h7xx_hal_cortex.o
                0x08001880                HAL_MPU_Disable
 .text.HAL_MPU_Enable
                0x080018b0       0x40 ./Drivers/STM32H7xx_HAL_Driver/Src/stm32h7xx_hal_cortex.o
                0x080018b0                HAL_MPU_Enable
 .text.HAL_MPU_ConfigRegion
                0x080018f0       0x80 ./Drivers/STM32H7xx_HAL_Driver/Src/stm32h7xx_hal_cortex.o
                0x080018f0                HAL_MPU_ConfigRegion
 .text.HAL_GPIO_Init
                0x08001970      0x374 ./Drivers/STM32H7xx_HAL_Driver/Src/stm32h7xx_hal_gpio.o
                0x08001970                HAL_GPIO_Init
 .text.HAL_GPIO_WritePin
                0x08001ce4       0x32 ./Drivers/STM32H7xx_HAL_Driver/Src/stm32h7xx_hal_gpio.o
                0x08001ce4                HAL_GPIO_WritePin
 .text.HAL_GPIO_TogglePin
                0x08001d16       0x34 ./Drivers/STM32H7xx_HAL_Driver/Src/stm32h7xx_hal_gpio.o
                0x08001d16                HAL_GPIO_TogglePin
 *fill*         0x08001d4a        0x2 
 .text.HAL_I2C_Init
                0x08001d4c      0x138 ./Drivers/STM32H7xx_HAL_Driver/Src/stm32h7xx_hal_i2c.o
                0x08001d4c                HAL_I2C_Init
 .text.HAL_I2CEx_ConfigAnalogFilter
                0x08001e84       0x96 ./Drivers/STM32H7xx_HAL_Driver/Src/stm32h7xx_hal_i2c_ex.o
                0x08001e84                HAL_I2CEx_ConfigAnalogFilter
 .text.HAL_I2CEx_ConfigDigitalFilter
                0x08001f1a       0x98 ./Drivers/STM32H7xx_HAL_Driver/Src/stm32h7xx_hal_i2c_ex.o
                0x08001f1a                HAL_I2CEx_ConfigDigitalFilter
 *fill*         0x08001fb2        0x2 
 .text.HAL_PWREx_ConfigSupply
                0x08001fb4       0x74 ./Drivers/STM32H7xx_HAL_Driver/Src/stm32h7xx_hal_pwr_ex.o
                0x08001fb4                HAL_PWREx_ConfigSupply
 .text.HAL_RCC_OscConfig
                0x08002028      0x8b4 ./Drivers/STM32H7xx_HAL_Driver/Src/stm32h7xx_hal_rcc.o
                0x08002028                HAL_RCC_OscConfig
 .text.HAL_RCC_ClockConfig
                0x080028dc      0x36c ./Drivers/STM32H7xx_HAL_Driver/Src/stm32h7xx_hal_rcc.o
                0x080028dc                HAL_RCC_ClockConfig
 .text.HAL_RCC_GetSysClockFreq
                0x08002c48      0x2f4 ./Drivers/STM32H7xx_HAL_Driver/Src/stm32h7xx_hal_rcc.o
                0x08002c48                HAL_RCC_GetSysClockFreq
 .text.HAL_RCC_GetHCLKFreq
                0x08002f3c       0x60 ./Drivers/STM32H7xx_HAL_Driver/Src/stm32h7xx_hal_rcc.o
                0x08002f3c                HAL_RCC_GetHCLKFreq
 .text.HAL_RCC_GetPCLK1Freq
                0x08002f9c       0x2c ./Drivers/STM32H7xx_HAL_Driver/Src/stm32h7xx_hal_rcc.o
                0x08002f9c                HAL_RCC_GetPCLK1Freq
 .text.HAL_RCC_GetPCLK2Freq
                0x08002fc8       0x2c ./Drivers/STM32H7xx_HAL_Driver/Src/stm32h7xx_hal_rcc.o
                0x08002fc8                HAL_RCC_GetPCLK2Freq
 .text.HAL_RCCEx_PeriphCLKConfig
                0x08002ff4     0x1414 ./Drivers/STM32H7xx_HAL_Driver/Src/stm32h7xx_hal_rcc_ex.o
                0x08002ff4                HAL_RCCEx_PeriphCLKConfig
 .text.HAL_RCCEx_GetD3PCLK1Freq
                0x08004408       0x2c ./Drivers/STM32H7xx_HAL_Driver/Src/stm32h7xx_hal_rcc_ex.o
                0x08004408                HAL_RCCEx_GetD3PCLK1Freq
 .text.HAL_RCCEx_GetPLL2ClockFreq
                0x08004434      0x2a8 ./Drivers/STM32H7xx_HAL_Driver/Src/stm32h7xx_hal_rcc_ex.o
                0x08004434                HAL_RCCEx_GetPLL2ClockFreq
 .text.HAL_RCCEx_GetPLL3ClockFreq
                0x080046dc      0x2a8 ./Drivers/STM32H7xx_HAL_Driver/Src/stm32h7xx_hal_rcc_ex.o
                0x080046dc                HAL_RCCEx_GetPLL3ClockFreq
 .text.RCCEx_PLL2_Config
                0x08004984      0x164 ./Drivers/STM32H7xx_HAL_Driver/Src/stm32h7xx_hal_rcc_ex.o
 .text.RCCEx_PLL3_Config
                0x08004ae8      0x164 ./Drivers/STM32H7xx_HAL_Driver/Src/stm32h7xx_hal_rcc_ex.o
 .text.HAL_SPI_Init
                0x08004c4c      0x248 ./Drivers/STM32H7xx_HAL_Driver/Src/stm32h7xx_hal_spi.o
                0x08004c4c                HAL_SPI_Init
 .text.HAL_SPI_Transmit
                0x08004e94      0x3dc ./Drivers/STM32H7xx_HAL_Driver/Src/stm32h7xx_hal_spi.o
                0x08004e94                HAL_SPI_Transmit
 .text.HAL_SPI_Receive
                0x08005270      0x56c ./Drivers/STM32H7xx_HAL_Driver/Src/stm32h7xx_hal_spi.o
                0x08005270                HAL_SPI_Receive
 .text.HAL_SPI_TransmitReceive
                0x080057dc      0x674 ./Drivers/STM32H7xx_HAL_Driver/Src/stm32h7xx_hal_spi.o
                0x080057dc                HAL_SPI_TransmitReceive
 .text.SPI_CloseTransfer
                0x08005e50      0x140 ./Drivers/STM32H7xx_HAL_Driver/Src/stm32h7xx_hal_spi.o
 .text.SPI_WaitOnFlagUntilTimeout
                0x08005f90       0x5c ./Drivers/STM32H7xx_HAL_Driver/Src/stm32h7xx_hal_spi.o
 .text.SPI_GetPacketSize
                0x08005fec       0x36 ./Drivers/STM32H7xx_HAL_Driver/Src/stm32h7xx_hal_spi.o
 .text.HAL_UART_Init
                0x08006022       0xa0 ./Drivers/STM32H7xx_HAL_Driver/Src/stm32h7xx_hal_uart.o
                0x08006022                HAL_UART_Init
 .text.HAL_UART_Transmit
                0x080060c2      0x132 ./Drivers/STM32H7xx_HAL_Driver/Src/stm32h7xx_hal_uart.o
                0x080060c2                HAL_UART_Transmit
 .text.UART_SetConfig
                0x080061f4      0xad0 ./Drivers/STM32H7xx_HAL_Driver/Src/stm32h7xx_hal_uart.o
                0x080061f4                UART_SetConfig
 .text.UART_AdvFeatureConfig
                0x08006cc4      0x144 ./Drivers/STM32H7xx_HAL_Driver/Src/stm32h7xx_hal_uart.o
                0x08006cc4                UART_AdvFeatureConfig
 .text.UART_CheckIdleState
                0x08006e08      0x154 ./Drivers/STM32H7xx_HAL_Driver/Src/stm32h7xx_hal_uart.o
                0x08006e08                UART_CheckIdleState
 .text.UART_WaitOnFlagUntilTimeout
                0x08006f5c       0xda ./Drivers/STM32H7xx_HAL_Driver/Src/stm32h7xx_hal_uart.o
                0x08006f5c                UART_WaitOnFlagUntilTimeout
 *fill*         0x08007036        0x2 
 .text.UART_EndRxTransfer
                0x08007038       0xcc ./Drivers/STM32H7xx_HAL_Driver/Src/stm32h7xx_hal_uart.o
 .text.HAL_UARTEx_DisableFifoMode
                0x08007104       0x72 ./Drivers/STM32H7xx_HAL_Driver/Src/stm32h7xx_hal_uart_ex.o
                0x08007104                HAL_UARTEx_DisableFifoMode
 .text.HAL_UARTEx_SetTxFifoThreshold
                0x08007176       0x7c ./Drivers/STM32H7xx_HAL_Driver/Src/stm32h7xx_hal_uart_ex.o
                0x08007176                HAL_UARTEx_SetTxFifoThreshold
 .text.HAL_UARTEx_SetRxFifoThreshold
                0x080071f2       0x7c ./Drivers/STM32H7xx_HAL_Driver/Src/stm32h7xx_hal_uart_ex.o
                0x080071f2                HAL_UARTEx_SetRxFifoThreshold
 *fill*         0x0800726e        0x2 
 .text.UARTEx_SetNbDataToProcess
                0x08007270       0x9c ./Drivers/STM32H7xx_HAL_Driver/Src/stm32h7xx_hal_uart_ex.o
 .text.MX_FATFS_Init
                0x0800730c       0x24 ./FATFS/App/fatfs.o
                0x0800730c                MX_FATFS_Init
 .text.get_fattime
                0x08007330       0x10 ./FATFS/App/fatfs.o
                0x08007330                get_fattime
 .text.USER_initialize
                0x08007340       0x1c ./FATFS/Target/user_diskio.o
                0x08007340                USER_initialize
 .text.USER_status
                0x0800735c       0x1c ./FATFS/Target/user_diskio.o
                0x0800735c                USER_status
 .text.USER_read
                0x08007378       0x26 ./FATFS/Target/user_diskio.o
                0x08007378                USER_read
 .text.USER_write
                0x0800739e       0x26 ./FATFS/Target/user_diskio.o
                0x0800739e                USER_write
 .text.USER_ioctl
                0x080073c4       0x26 ./FATFS/Target/user_diskio.o
                0x080073c4                USER_ioctl
 *fill*         0x080073ea        0x2 
 .text.SPI_Timer_On
                0x080073ec       0x28 ./FATFS/Target/user_diskio_spi.o
                0x080073ec                SPI_Timer_On
 .text.SPI_Timer_Status
                0x08007414       0x2c ./FATFS/Target/user_diskio_spi.o
                0x08007414                SPI_Timer_Status
 .text.xchg_spi
                0x08007440       0x2c ./FATFS/Target/user_diskio_spi.o
 .text.rcvr_spi_multi
                0x0800746c       0x38 ./FATFS/Target/user_diskio_spi.o
 .text.xmit_spi_multi
                0x080074a4       0x28 ./FATFS/Target/user_diskio_spi.o
 .text.wait_ready
                0x080074cc       0x46 ./FATFS/Target/user_diskio_spi.o
 *fill*         0x08007512        0x2 
 .text.despiselect
                0x08007514       0x20 ./FATFS/Target/user_diskio_spi.o
 .text.spiselect
                0x08007534       0x38 ./FATFS/Target/user_diskio_spi.o
 .text.rcvr_datablock
                0x0800756c       0x52 ./FATFS/Target/user_diskio_spi.o
 .text.xmit_datablock
                0x080075be       0x64 ./FATFS/Target/user_diskio_spi.o
 .text.send_cmd
                0x08007622       0xde ./FATFS/Target/user_diskio_spi.o
 .text.USER_SPI_initialize
                0x08007700      0x1d4 ./FATFS/Target/user_diskio_spi.o
                0x08007700                USER_SPI_initialize
 .text.USER_SPI_status
                0x080078d4       0x2c ./FATFS/Target/user_diskio_spi.o
                0x080078d4                USER_SPI_status
 .text.USER_SPI_read
                0x08007900       0xcc ./FATFS/Target/user_diskio_spi.o
                0x08007900                USER_SPI_read
 .text.USER_SPI_write
                0x080079cc       0xf8 ./FATFS/Target/user_diskio_spi.o
                0x080079cc                USER_SPI_write
 .text.USER_SPI_ioctl
                0x08007ac4      0x2e0 ./FATFS/Target/user_diskio_spi.o
                0x08007ac4                USER_SPI_ioctl
 .text.lsm6_init
                0x08007da4       0xb4 ./Middlewares/ST/lsm6dso/lsm6dso32_device.o
                0x08007da4                lsm6_init
 .text.lsm6_getAndPrintData
                0x08007e58      0x22c ./Middlewares/ST/lsm6dso/lsm6dso32_device.o
                0x08007e58                lsm6_getAndPrintData
 .text.platform_write
                0x08008084       0x54 ./Middlewares/ST/lsm6dso/lsm6dso32_device.o
 .text.platform_read
                0x080080d8       0x60 ./Middlewares/ST/lsm6dso/lsm6dso32_device.o
 .text.tx_com   0x08008138       0x28 ./Middlewares/ST/lsm6dso/lsm6dso32_device.o
 .text.lsm6dso32_read_reg
                0x08008160       0x3c ./Middlewares/ST/lsm6dso/lsm6dso32_reg.o
                0x08008160                lsm6dso32_read_reg
 .text.lsm6dso32_write_reg
                0x0800819c       0x3c ./Middlewares/ST/lsm6dso/lsm6dso32_reg.o
                0x0800819c                lsm6dso32_write_reg
 .text.lsm6dso32_from_fs16_to_mg
                0x080081d8       0x30 ./Middlewares/ST/lsm6dso/lsm6dso32_reg.o
                0x080081d8                lsm6dso32_from_fs16_to_mg
 .text.lsm6dso32_from_fs2000_to_mdps
                0x08008208       0x30 ./Middlewares/ST/lsm6dso/lsm6dso32_reg.o
                0x08008208                lsm6dso32_from_fs2000_to_mdps
 .text.lsm6dso32_from_lsb_to_celsius
                0x08008238       0x38 ./Middlewares/ST/lsm6dso/lsm6dso32_reg.o
                0x08008238                lsm6dso32_from_lsb_to_celsius
 .text.lsm6dso32_xl_full_scale_set
                0x08008270       0x4c ./Middlewares/ST/lsm6dso/lsm6dso32_reg.o
                0x08008270                lsm6dso32_xl_full_scale_set
 .text.lsm6dso32_xl_data_rate_set
                0x080082bc       0xfc ./Middlewares/ST/lsm6dso/lsm6dso32_reg.o
                0x080082bc                lsm6dso32_xl_data_rate_set
 .text.lsm6dso32_gy_full_scale_set
                0x080083b8       0x4c ./Middlewares/ST/lsm6dso/lsm6dso32_reg.o
                0x080083b8                lsm6dso32_gy_full_scale_set
 .text.lsm6dso32_gy_data_rate_set
                0x08008404       0xbe ./Middlewares/ST/lsm6dso/lsm6dso32_reg.o
                0x08008404                lsm6dso32_gy_data_rate_set
 .text.lsm6dso32_block_data_update_set
                0x080084c2       0x4c ./Middlewares/ST/lsm6dso/lsm6dso32_reg.o
                0x080084c2                lsm6dso32_block_data_update_set
 .text.lsm6dso32_status_reg_get
                0x0800850e       0x22 ./Middlewares/ST/lsm6dso/lsm6dso32_reg.o
                0x0800850e                lsm6dso32_status_reg_get
 .text.lsm6dso32_temperature_raw_get
                0x08008530       0x4e ./Middlewares/ST/lsm6dso/lsm6dso32_reg.o
                0x08008530                lsm6dso32_temperature_raw_get
 .text.lsm6dso32_angular_rate_raw_get
                0x0800857e       0x9a ./Middlewares/ST/lsm6dso/lsm6dso32_reg.o
                0x0800857e                lsm6dso32_angular_rate_raw_get
 .text.lsm6dso32_acceleration_raw_get
                0x08008618       0x9a ./Middlewares/ST/lsm6dso/lsm6dso32_reg.o
                0x08008618                lsm6dso32_acceleration_raw_get
 .text.lsm6dso32_device_id_get
                0x080086b2       0x22 ./Middlewares/ST/lsm6dso/lsm6dso32_reg.o
                0x080086b2                lsm6dso32_device_id_get
 .text.lsm6dso32_reset_set
                0x080086d4       0x4c ./Middlewares/ST/lsm6dso/lsm6dso32_reg.o
                0x080086d4                lsm6dso32_reset_set
 .text.lsm6dso32_reset_get
                0x08008720       0x3c ./Middlewares/ST/lsm6dso/lsm6dso32_reg.o
                0x08008720                lsm6dso32_reset_get
 .text.lsm6dso32_i3c_disable_set
                0x0800875c       0x8c ./Middlewares/ST/lsm6dso/lsm6dso32_reg.o
                0x0800875c                lsm6dso32_i3c_disable_set
 .text.disk_status
                0x080087e8       0x34 ./Middlewares/Third_Party/FatFs/src/diskio.o
                0x080087e8                disk_status
 .text.disk_initialize
                0x0800881c       0x50 ./Middlewares/Third_Party/FatFs/src/diskio.o
                0x0800881c                disk_initialize
 .text.disk_read
                0x0800886c       0x40 ./Middlewares/Third_Party/FatFs/src/diskio.o
                0x0800886c                disk_read
 .text.disk_write
                0x080088ac       0x40 ./Middlewares/Third_Party/FatFs/src/diskio.o
                0x080088ac                disk_write
 .text.disk_ioctl
                0x080088ec       0x3c ./Middlewares/Third_Party/FatFs/src/diskio.o
                0x080088ec                disk_ioctl
 .text.ld_word  0x08008928       0x32 ./Middlewares/Third_Party/FatFs/src/ff.o
 .text.ld_dword
                0x0800895a       0x46 ./Middlewares/Third_Party/FatFs/src/ff.o
 .text.st_word  0x080089a0       0x36 ./Middlewares/Third_Party/FatFs/src/ff.o
 .text.st_dword
                0x080089d6       0x58 ./Middlewares/Third_Party/FatFs/src/ff.o
 .text.mem_cpy  0x08008a2e       0x42 ./Middlewares/Third_Party/FatFs/src/ff.o
 .text.mem_set  0x08008a70       0x36 ./Middlewares/Third_Party/FatFs/src/ff.o
 .text.mem_cmp  0x08008aa6       0x4e ./Middlewares/Third_Party/FatFs/src/ff.o
 .text.chk_chr  0x08008af4       0x36 ./Middlewares/Third_Party/FatFs/src/ff.o
 *fill*         0x08008b2a        0x2 
 .text.chk_lock
                0x08008b2c       0xb8 ./Middlewares/Third_Party/FatFs/src/ff.o
 .text.enq_lock
                0x08008be4       0x44 ./Middlewares/Third_Party/FatFs/src/ff.o
 .text.inc_lock
                0x08008c28      0x11c ./Middlewares/Third_Party/FatFs/src/ff.o
 .text.dec_lock
                0x08008d44       0x78 ./Middlewares/Third_Party/FatFs/src/ff.o
 .text.clear_lock
                0x08008dbc       0x48 ./Middlewares/Third_Party/FatFs/src/ff.o
 .text.sync_window
                0x08008e04       0x88 ./Middlewares/Third_Party/FatFs/src/ff.o
 .text.move_window
                0x08008e8c       0x5a ./Middlewares/Third_Party/FatFs/src/ff.o
 *fill*         0x08008ee6        0x2 
 .text.sync_fs  0x08008ee8       0xdc ./Middlewares/Third_Party/FatFs/src/ff.o
 .text.clust2sect
                0x08008fc4       0x3e ./Middlewares/Third_Party/FatFs/src/ff.o
 .text.get_fat  0x08009002      0x14e ./Middlewares/Third_Party/FatFs/src/ff.o
 .text.put_fat  0x08009150      0x1d4 ./Middlewares/Third_Party/FatFs/src/ff.o
 .text.remove_chain
                0x08009324       0xca ./Middlewares/Third_Party/FatFs/src/ff.o
 .text.create_chain
                0x080093ee      0x130 ./Middlewares/Third_Party/FatFs/src/ff.o
 .text.clmt_clust
                0x0800951e       0x68 ./Middlewares/Third_Party/FatFs/src/ff.o
 .text.dir_sdi  0x08009586       0xf6 ./Middlewares/Third_Party/FatFs/src/ff.o
 .text.dir_next
                0x0800967c      0x18a ./Middlewares/Third_Party/FatFs/src/ff.o
 .text.dir_alloc
                0x08009806       0x8e ./Middlewares/Third_Party/FatFs/src/ff.o
 .text.ld_clust
                0x08009894       0x3e ./Middlewares/Third_Party/FatFs/src/ff.o
 .text.st_clust
                0x080098d2       0x40 ./Middlewares/Third_Party/FatFs/src/ff.o
 .text.dir_find
                0x08009912       0xaa ./Middlewares/Third_Party/FatFs/src/ff.o
 .text.dir_register
                0x080099bc       0x64 ./Middlewares/Third_Party/FatFs/src/ff.o
 .text.create_name
                0x08009a20      0x128 ./Middlewares/Third_Party/FatFs/src/ff.o
 .text.follow_path
                0x08009b48       0xe2 ./Middlewares/Third_Party/FatFs/src/ff.o
 .text.get_ldnumber
                0x08009c2a       0x88 ./Middlewares/Third_Party/FatFs/src/ff.o
 *fill*         0x08009cb2        0x2 
 .text.check_fs
                0x08009cb4       0xac ./Middlewares/Third_Party/FatFs/src/ff.o
 .text.find_volume
                0x08009d60      0x498 ./Middlewares/Third_Party/FatFs/src/ff.o
 .text.validate
                0x0800a1f8       0x6a ./Middlewares/Third_Party/FatFs/src/ff.o
 *fill*         0x0800a262        0x2 
 .text.f_mount  0x0800a264       0x8c ./Middlewares/Third_Party/FatFs/src/ff.o
                0x0800a264                f_mount
 .text.f_open   0x0800a2f0      0x374 ./Middlewares/Third_Party/FatFs/src/ff.o
                0x0800a2f0                f_open
 .text.f_write  0x0800a664      0x2ea ./Middlewares/Third_Party/FatFs/src/ff.o
                0x0800a664                f_write
 .text.f_sync   0x0800a94e       0xfc ./Middlewares/Third_Party/FatFs/src/ff.o
                0x0800a94e                f_sync
 .text.f_close  0x0800aa4a       0x54 ./Middlewares/Third_Party/FatFs/src/ff.o
                0x0800aa4a                f_close
 .text.f_getfree
                0x0800aa9e      0x16a ./Middlewares/Third_Party/FatFs/src/ff.o
                0x0800aa9e                f_getfree
 .text.FATFS_LinkDriverEx
                0x0800ac08       0x98 ./Middlewares/Third_Party/FatFs/src/ff_gen_drv.o
                0x0800ac08                FATFS_LinkDriverEx
 .text.FATFS_LinkDriver
                0x0800aca0       0x1e ./Middlewares/Third_Party/FatFs/src/ff_gen_drv.o
                0x0800aca0                FATFS_LinkDriver
 *fill*         0x0800acbe        0x2 
 .text.SD_initAndMount
                0x0800acc0       0xc8 ./UserCode/SD_Card.o
                0x0800acc0                SD_initAndMount
 .text.SD_openFileForWriting
                0x0800ad88       0x54 ./UserCode/SD_Card.o
                0x0800ad88                SD_openFileForWriting
 .text.SD_writeToOpenedFile
                0x0800addc       0x5c ./UserCode/SD_Card.o
                0x0800addc                SD_writeToOpenedFile
 .text.SD_closeFile
                0x0800ae38       0x14 ./UserCode/SD_Card.o
                0x0800ae38                SD_closeFile
 .text.__cvt    0x0800ae4c       0xa8 /opt/stm32cubeide/plugins/com.st.stm32cube.ide.mcu.externaltools.gnu-tools-for-stm32.14.3.rel1.linux64_1.0.100.202602081740/tools/bin/../lib/gcc/arm-none-eabi/14.3.1/../../../../arm-none-eabi/lib/thumb/v7e-m+dp/hard/libc_nano.a(libc_a-nano-vfprintf_float.o)
                0x0800ae4c                __cvt
 .text.__exponent
                0x0800aef4       0x74 /opt/stm32cubeide/plugins/com.st.stm32cube.ide.mcu.externaltools.gnu-tools-for-stm32.14.3.rel1.linux64_1.0.100.202602081740/tools/bin/../lib/gcc/arm-none-eabi/14.3.1/../../../../arm-none-eabi/lib/thumb/v7e-m+dp/hard/libc_nano.a(libc_a-nano-vfprintf_float.o)
                0x0800aef4                __exponent
 .text._printf_float
                0x0800af68      0x434 /opt/stm32cubeide/plugins/com.st.stm32cube.ide.mcu.externaltools.gnu-tools-for-stm32.14.3.rel1.linux64_1.0.100.202602081740/tools/bin/../lib/gcc/arm-none-eabi/14.3.1/../../../../arm-none-eabi/lib/thumb/v7e-m+dp/hard/libc_nano.a(libc_a-nano-vfprintf_float.o)
                0x0800af68                _printf_float
 .text._printf_common
                0x0800b39c       0xda /opt/stm32cubeide/plugins/com.st.stm32cube.ide.mcu.externaltools.gnu-tools-for-stm32.14.3.rel1.linux64_1.0.100.202602081740/tools/bin/../lib/gcc/arm-none-eabi/14.3.1/../../../../arm-none-eabi/lib/thumb/v7e-m+dp/hard/libc_nano.a(libc_a-nano-vfprintf_i.o)
                0x0800b39c                _printf_common
 *fill*         0x0800b476        0x2 
 .text._printf_i
                0x0800b478      0x24c /opt/stm32cubeide/plugins/com.st.stm32cube.ide.mcu.externaltools.gnu-tools-for-stm32.14.3.rel1.linux64_1.0.100.202602081740/tools/bin/../lib/gcc/arm-none-eabi/14.3.1/../../../../arm-none-eabi/lib/thumb/v7e-m+dp/hard/libc_nano.a(libc_a-nano-vfprintf_i.o)
                0x0800b478                _printf_i
 .text.std      0x0800b6c4       0x6c /opt/stm32cubeide/plugins/com.st.stm32cube.ide.mcu.externaltools.gnu-tools-for-stm32.14.3.rel1.linux64_1.0.100.202602081740/tools/bin/../lib/gcc/arm-none-eabi/14.3.1/../../../../arm-none-eabi/lib/thumb/v7e-m+dp/hard/libc_nano.a(libc_a-findfp.o)
 .text.stdio_exit_handler
                0x0800b730       0x18 /opt/stm32cubeide/plugins/com.st.stm32cube.ide.mcu.externaltools.gnu-tools-for-stm32.14.3.rel1.linux64_1.0.100.202602081740/tools/bin/../lib/gcc/arm-none-eabi/14.3.1/../../../../arm-none-eabi/lib/thumb/v7e-m+dp/hard/libc_nano.a(libc_a-findfp.o)
 .text.cleanup_stdio
                0x0800b748       0x40 /opt/stm32cubeide/plugins/com.st.stm32cube.ide.mcu.externaltools.gnu-tools-for-stm32.14.3.rel1.linux64_1.0.100.202602081740/tools/bin/../lib/gcc/arm-none-eabi/14.3.1/../../../../arm-none-eabi/lib/thumb/v7e-m+dp/hard/libc_nano.a(libc_a-findfp.o)
 .text.global_stdio_init.part.0
                0x0800b788       0x40 /opt/stm32cubeide/plugins/com.st.stm32cube.ide.mcu.externaltools.gnu-tools-for-stm32.14.3.rel1.linux64_1.0.100.202602081740/tools/bin/../lib/gcc/arm-none-eabi/14.3.1/../../../../arm-none-eabi/lib/thumb/v7e-m+dp/hard/libc_nano.a(libc_a-findfp.o)
 .text.__sfp_lock_acquire
                0x0800b7c8        0xc /opt/stm32cubeide/plugins/com.st.stm32cube.ide.mcu.externaltools.gnu-tools-for-stm32.14.3.rel1.linux64_1.0.100.202602081740/tools/bin/../lib/gcc/arm-none-eabi/14.3.1/../../../../arm-none-eabi/lib/thumb/v7e-m+dp/hard/libc_nano.a(libc_a-findfp.o)
                0x0800b7c8                __sfp_lock_acquire
 .text.__sfp_lock_release
                0x0800b7d4        0xc /opt/stm32cubeide/plugins/com.st.stm32cube.ide.mcu.externaltools.gnu-tools-for-stm32.14.3.rel1.linux64_1.0.100.202602081740/tools/bin/../lib/gcc/arm-none-eabi/14.3.1/../../../../arm-none-eabi/lib/thumb/v7e-m+dp/hard/libc_nano.a(libc_a-findfp.o)
                0x0800b7d4                __sfp_lock_release
 .text.__sinit  0x0800b7e0       0x30 /opt/stm32cubeide/plugins/com.st.stm32cube.ide.mcu.externaltools.gnu-tools-for-stm32.14.3.rel1.linux64_1.0.100.202602081740/tools/bin/../lib/gcc/arm-none-eabi/14.3.1/../../../../arm-none-eabi/lib/thumb/v7e-m+dp/hard/libc_nano.a(libc_a-findfp.o)
                0x0800b7e0                __sinit
 .text._fwalk_sglue
                0x0800b810       0x3c /opt/stm32cubeide/plugins/com.st.stm32cube.ide.mcu.externaltools.gnu-tools-for-stm32.14.3.rel1.linux64_1.0.100.202602081740/tools/bin/../lib/gcc/arm-none-eabi/14.3.1/../../../../arm-none-eabi/lib/thumb/v7e-m+dp/hard/libc_nano.a(libc_a-fwalk.o)
                0x0800b810                _fwalk_sglue
 .text.snprintf
                0x0800b84c       0x6c /opt/stm32cubeide/plugins/com.st.stm32cube.ide.mcu.externaltools.gnu-tools-for-stm32.14.3.rel1.linux64_1.0.100.202602081740/tools/bin/../lib/gcc/arm-none-eabi/14.3.1/../../../../arm-none-eabi/lib/thumb/v7e-m+dp/hard/libc_nano.a(libc_a-snprintf.o)
                0x0800b84c                snprintf
                0x0800b84c                sniprintf
 .text.__sread  0x0800b8b8       0x22 /opt/stm32cubeide/plugins/com.st.stm32cube.ide.mcu.externaltools.gnu-tools-for-stm32.14.3.rel1.linux64_1.0.100.202602081740/tools/bin/../lib/gcc/arm-none-eabi/14.3.1/../../../../arm-none-eabi/lib/thumb/v7e-m+dp/hard/libc_nano.a(libc_a-stdio.o)
                0x0800b8b8                __sread
 .text.__swrite
                0x0800b8da       0x38 /opt/stm32cubeide/plugins/com.st.stm32cube.ide.mcu.externaltools.gnu-tools-for-stm32.14.3.rel1.linux64_1.0.100.202602081740/tools/bin/../lib/gcc/arm-none-eabi/14.3.1/../../../../arm-none-eabi/lib/thumb/v7e-m+dp/hard/libc_nano.a(libc_a-stdio.o)
                0x0800b8da                __swrite
 .text.__sseek  0x0800b912       0x26 /opt/stm32cubeide/plugins/com.st.stm32cube.ide.mcu.externaltools.gnu-tools-for-stm32.14.3.rel1.linux64_1.0.100.202602081740/tools/bin/../lib/gcc/arm-none-eabi/14.3.1/../../../../arm-none-eabi/lib/thumb/v7e-m+dp/hard/libc_nano.a(libc_a-stdio.o)
                0x0800b912                __sseek
 .text.__sclose
                0x0800b938        0x8 /opt/stm32cubeide/plugins/com.st.stm32cube.ide.mcu.externaltools.gnu-tools-for-stm32.14.3.rel1.linux64_1.0.100.202602081740/tools/bin/../lib/gcc/arm-none-eabi/14.3.1/../../../../arm-none-eabi/lib/thumb/v7e-m+dp/hard/libc_nano.a(libc_a-stdio.o)
                0x0800b938                __sclose
 .text._vsnprintf_r
                0x0800b940       0x5c /opt/stm32cubeide/plugins/com.st.stm32cube.ide.mcu.externaltools.gnu-tools-for-stm32.14.3.rel1.linux64_1.0.100.202602081740/tools/bin/../lib/gcc/arm-none-eabi/14.3.1/../../../../arm-none-eabi/lib/thumb/v7e-m+dp/hard/libc_nano.a(libc_a-vsnprintf.o)
                0x0800b940                _vsnprintf_r
                0x0800b940                _vsniprintf_r
 .text.vsnprintf
                0x0800b99c       0x1c /opt/stm32cubeide/plugins/com.st.stm32cube.ide.mcu.externaltools.gnu-tools-for-stm32.14.3.rel1.linux64_1.0.100.202602081740/tools/bin/../lib/gcc/arm-none-eabi/14.3.1/../../../../arm-none-eabi/lib/thumb/v7e-m+dp/hard/libc_nano.a(libc_a-vsnprintf.o)
                0x0800b99c                vsnprintf
                0x0800b99c                vsniprintf
 .text.memset   0x0800b9b8       0x10 /opt/stm32cubeide/plugins/com.st.stm32cube.ide.mcu.externaltools.gnu-tools-for-stm32.14.3.rel1.linux64_1.0.100.202602081740/tools/bin/../lib/gcc/arm-none-eabi/14.3.1/../../../../arm-none-eabi/lib/thumb/v7e-m+dp/hard/libc_nano.a(libc_a-memset.o)
                0x0800b9b8                memset
 .text._localeconv_r
                0x0800b9c8        0x8 /opt/stm32cubeide/plugins/com.st.stm32cube.ide.mcu.externaltools.gnu-tools-for-stm32.14.3.rel1.linux64_1.0.100.202602081740/tools/bin/../lib/gcc/arm-none-eabi/14.3.1/../../../../arm-none-eabi/lib/thumb/v7e-m+dp/hard/libc_nano.a(libc_a-localeconv.o)
                0x0800b9c8                _localeconv_r
 .text._close_r
                0x0800b9d0       0x20 /opt/stm32cubeide/plugins/com.st.stm32cube.ide.mcu.externaltools.gnu-tools-for-stm32.14.3.rel1.linux64_1.0.100.202602081740/tools/bin/../lib/gcc/arm-none-eabi/14.3.1/../../../../arm-none-eabi/lib/thumb/v7e-m+dp/hard/libc_nano.a(libc_a-closer.o)
                0x0800b9d0                _close_r
 .text._lseek_r
                0x0800b9f0       0x24 /opt/stm32cubeide/plugins/com.st.stm32cube.ide.mcu.externaltools.gnu-tools-for-stm32.14.3.rel1.linux64_1.0.100.202602081740/tools/bin/../lib/gcc/arm-none-eabi/14.3.1/../../../../arm-none-eabi/lib/thumb/v7e-m+dp/hard/libc_nano.a(libc_a-lseekr.o)
                0x0800b9f0                _lseek_r
 .text._read_r  0x0800ba14       0x24 /opt/stm32cubeide/plugins/com.st.stm32cube.ide.mcu.externaltools.gnu-tools-for-stm32.14.3.rel1.linux64_1.0.100.202602081740/tools/bin/../lib/gcc/arm-none-eabi/14.3.1/../../../../arm-none-eabi/lib/thumb/v7e-m+dp/hard/libc_nano.a(libc_a-readr.o)
                0x0800ba14                _read_r
 .text._write_r
                0x0800ba38       0x24 /opt/stm32cubeide/plugins/com.st.stm32cube.ide.mcu.externaltools.gnu-tools-for-stm32.14.3.rel1.linux64_1.0.100.202602081740/tools/bin/../lib/gcc/arm-none-eabi/14.3.1/../../../../arm-none-eabi/lib/thumb/v7e-m+dp/hard/libc_nano.a(libc_a-writer.o)
                0x0800ba38                _write_r
 .text.__errno  0x0800ba5c        0xc /opt/stm32cubeide/plugins/com.st.stm32cube.ide.mcu.externaltools.gnu-tools-for-stm32.14.3.rel1.linux64_1.0.100.202602081740/tools/bin/../lib/gcc/arm-none-eabi/14.3.1/../../../../arm-none-eabi/lib/thumb/v7e-m+dp/hard/libc_nano.a(libc_a-errno.o)
                0x0800ba5c                __errno
 .text.__libc_init_array
                0x0800ba68       0x48 /opt/stm32cubeide/plugins/com.st.stm32cube.ide.mcu.externaltools.gnu-tools-for-stm32.14.3.rel1.linux64_1.0.100.202602081740/tools/bin/../lib/gcc/arm-none-eabi/14.3.1/../../../../arm-none-eabi/lib/thumb/v7e-m+dp/hard/libc_nano.a(libc_a-init.o)
                0x0800ba68                __libc_init_array
 .text.__retarget_lock_init_recursive
                0x0800bab0        0x2 /opt/stm32cubeide/plugins/com.st.stm32cube.ide.mcu.externaltools.gnu-tools-for-stm32.14.3.rel1.linux64_1.0.100.202602081740/tools/bin/../lib/gcc/arm-none-eabi/14.3.1/../../../../arm-none-eabi/lib/thumb/v7e-m+dp/hard/libc_nano.a(libc_a-lock.o)
                0x0800bab0                __retarget_lock_init_recursive
 .text.__retarget_lock_acquire_recursive
                0x0800bab2        0x2 /opt/stm32cubeide/plugins/com.st.stm32cube.ide.mcu.externaltools.gnu-tools-for-stm32.14.3.rel1.linux64_1.0.100.202602081740/tools/bin/../lib/gcc/arm-none-eabi/14.3.1/../../../../arm-none-eabi/lib/thumb/v7e-m+dp/hard/libc_nano.a(libc_a-lock.o)
                0x0800bab2                __retarget_lock_acquire_recursive
 .text.__retarget_lock_release_recursive
                0x0800bab4        0x2 /opt/stm32cubeide/plugins/com.st.stm32cube.ide.mcu.externaltools.gnu-tools-for-stm32.14.3.rel1.linux64_1.0.100.202602081740/tools/bin/../lib/gcc/arm-none-eabi/14.3.1/../../../../arm-none-eabi/lib/thumb/v7e-m+dp/hard/libc_nano.a(libc_a-lock.o)
                0x0800bab4                __retarget_lock_release_recursive
 .text.quorem   0x0800bab6      0x110 /opt/stm32cubeide/plugins/com.st.stm32cube.ide.mcu.externaltools.gnu-tools-for-stm32.14.3.rel1.linux64_1.0.100.202602081740/tools/bin/../lib/gcc/arm-none-eabi/14.3.1/../../../../arm-none-eabi/lib/thumb/v7e-m+dp/hard/libc_nano.a(libc_a-dtoa.o)
 *fill*         0x0800bbc6        0x2 
 .text._dtoa_r  0x0800bbc8      0xa94 /opt/stm32cubeide/plugins/com.st.stm32cube.ide.mcu.externaltools.gnu-tools-for-stm32.14.3.rel1.linux64_1.0.100.202602081740/tools/bin/../lib/gcc/arm-none-eabi/14.3.1/../../../../arm-none-eabi/lib/thumb/v7e-m+dp/hard/libc_nano.a(libc_a-dtoa.o)
                0x0800bbc8                _dtoa_r
 .text._free_r  0x0800c65c       0x94 /opt/stm32cubeide/plugins/com.st.stm32cube.ide.mcu.externaltools.gnu-tools-for-stm32.14.3.rel1.linux64_1.0.100.202602081740/tools/bin/../lib/gcc/arm-none-eabi/14.3.1/../../../../arm-none-eabi/lib/thumb/v7e-m+dp/hard/libc_nano.a(libc_a-freer.o)
                0x0800c65c                _free_r
 .text.malloc   0x0800c6f0       0x10 /opt/stm32cubeide/plugins/com.st.stm32cube.ide.mcu.externaltools.gnu-tools-for-stm32.14.3.rel1.linux64_1.0.100.202602081740/tools/bin/../lib/gcc/arm-none-eabi/14.3.1/../../../../arm-none-eabi/lib/thumb/v7e-m+dp/hard/libc_nano.a(libc_a-malloc.o)
                0x0800c6f0                malloc
 .text.sbrk_aligned
                0x0800c700       0x44 /opt/stm32cubeide/plugins/com.st.stm32cube.ide.mcu.externaltools.gnu-tools-for-stm32.14.3.rel1.linux64_1.0.100.202602081740/tools/bin/../lib/gcc/arm-none-eabi/14.3.1/../../../../arm-none-eabi/lib/thumb/v7e-m+dp/hard/libc_nano.a(libc_a-mallocr.o)
 .text._malloc_r
                0x0800c744      0x100 /opt/stm32cubeide/plugins/com.st.stm32cube.ide.mcu.externaltools.gnu-tools-for-stm32.14.3.rel1.linux64_1.0.100.202602081740/tools/bin/../lib/gcc/arm-none-eabi/14.3.1/../../../../arm-none-eabi/lib/thumb/v7e-m+dp/hard/libc_nano.a(libc_a-mallocr.o)
                0x0800c744                _malloc_r
 .text.__malloc_lock
                0x0800c844        0xc /opt/stm32cubeide/plugins/com.st.stm32cube.ide.mcu.externaltools.gnu-tools-for-stm32.14.3.rel1.linux64_1.0.100.202602081740/tools/bin/../lib/gcc/arm-none-eabi/14.3.1/../../../../arm-none-eabi/lib/thumb/v7e-m+dp/hard/libc_nano.a(libc_a-mlock.o)
                0x0800c844                __malloc_lock
 .text.__malloc_unlock
                0x0800c850        0xc /opt/stm32cubeide/plugins/com.st.stm32cube.ide.mcu.externaltools.gnu-tools-for-stm32.14.3.rel1.linux64_1.0.100.202602081740/tools/bin/../lib/gcc/arm-none-eabi/14.3.1/../../../../arm-none-eabi/lib/thumb/v7e-m+dp/hard/libc_nano.a(libc_a-mlock.o)
                0x0800c850                __malloc_unlock
 .text._Balloc  0x0800c85c       0x7c /opt/stm32cubeide/plugins/com.st.stm32cube.ide.mcu.externaltools.gnu-tools-for-stm32.14.3.rel1.linux64_1.0.100.202602081740/tools/bin/../lib/gcc/arm-none-eabi/14.3.1/../../../../arm-none-eabi/lib/thumb/v7e-m+dp/hard/libc_nano.a(libc_a-mprec.o)
                0x0800c85c                _Balloc
 .text._Bfree   0x0800c8d8       0x44 /opt/stm32cubeide/plugins/com.st.stm32cube.ide.mcu.externaltools.gnu-tools-for-stm32.14.3.rel1.linux64_1.0.100.202602081740/tools/bin/../lib/gcc/arm-none-eabi/14.3.1/../../../../arm-none-eabi/lib/thumb/v7e-m+dp/hard/libc_nano.a(libc_a-mprec.o)
                0x0800c8d8                _Bfree
 .text.__multadd
                0x0800c91c       0x8c /opt/stm32cubeide/plugins/com.st.stm32cube.ide.mcu.externaltools.gnu-tools-for-stm32.14.3.rel1.linux64_1.0.100.202602081740/tools/bin/../lib/gcc/arm-none-eabi/14.3.1/../../../../arm-none-eabi/lib/thumb/v7e-m+dp/hard/libc_nano.a(libc_a-mprec.o)
                0x0800c91c                __multadd
 .text.__hi0bits
                0x0800c9a8       0x3e /opt/stm32cubeide/plugins/com.st.stm32cube.ide.mcu.externaltools.gnu-tools-for-stm32.14.3.rel1.linux64_1.0.100.202602081740/tools/bin/../lib/gcc/arm-none-eabi/14.3.1/../../../../arm-none-eabi/lib/thumb/v7e-m+dp/hard/libc_nano.a(libc_a-mprec.o)
                0x0800c9a8                __hi0bits
 .text.__lo0bits
                0x0800c9e6       0x5a /opt/stm32cubeide/plugins/com.st.stm32cube.ide.mcu.externaltools.gnu-tools-for-stm32.14.3.rel1.linux64_1.0.100.202602081740/tools/bin/../lib/gcc/arm-none-eabi/14.3.1/../../../../arm-none-eabi/lib/thumb/v7e-m+dp/hard/libc_nano.a(libc_a-mprec.o)
                0x0800c9e6                __lo0bits
 .text.__i2b    0x0800ca40       0x2c /opt/stm32cubeide/plugins/com.st.stm32cube.ide.mcu.externaltools.gnu-tools-for-stm32.14.3.rel1.linux64_1.0.100.202602081740/tools/bin/../lib/gcc/arm-none-eabi/14.3.1/../../../../arm-none-eabi/lib/thumb/v7e-m+dp/hard/libc_nano.a(libc_a-mprec.o)
                0x0800ca40                __i2b
 .text.__multiply
                0x0800ca6c      0x154 /opt/stm32cubeide/plugins/com.st.stm32cube.ide.mcu.externaltools.gnu-tools-for-stm32.14.3.rel1.linux64_1.0.100.202602081740/tools/bin/../lib/gcc/arm-none-eabi/14.3.1/../../../../arm-none-eabi/lib/thumb/v7e-m+dp/hard/libc_nano.a(libc_a-mprec.o)
                0x0800ca6c                __multiply
 .text.__pow5mult
                0x0800cbc0       0xb8 /opt/stm32cubeide/plugins/com.st.stm32cube.ide.mcu.externaltools.gnu-tools-for-stm32.14.3.rel1.linux64_1.0.100.202602081740/tools/bin/../lib/gcc/arm-none-eabi/14.3.1/../../../../arm-none-eabi/lib/thumb/v7e-m+dp/hard/libc_nano.a(libc_a-mprec.o)
                0x0800cbc0                __pow5mult
 .text.__lshift
                0x0800cc78       0xdc /opt/stm32cubeide/plugins/com.st.stm32cube.ide.mcu.externaltools.gnu-tools-for-stm32.14.3.rel1.linux64_1.0.100.202602081740/tools/bin/../lib/gcc/arm-none-eabi/14.3.1/../../../../arm-none-eabi/lib/thumb/v7e-m+dp/hard/libc_nano.a(libc_a-mprec.o)
                0x0800cc78                __lshift
 .text.__mcmp   0x0800cd54       0x36 /opt/stm32cubeide/plugins/com.st.stm32cube.ide.mcu.externaltools.gnu-tools-for-stm32.14.3.rel1.linux64_1.0.100.202602081740/tools/bin/../lib/gcc/arm-none-eabi/14.3.1/../../../../arm-none-eabi/lib/thumb/v7e-m+dp/hard/libc_nano.a(libc_a-mprec.o)
                0x0800cd54                __mcmp
 *fill*         0x0800cd8a        0x2 
 .text.__mdiff  0x0800cd8c      0x130 /opt/stm32cubeide/plugins/com.st.stm32cube.ide.mcu.externaltools.gnu-tools-for-stm32.14.3.rel1.linux64_1.0.100.202602081740/tools/bin/../lib/gcc/arm-none-eabi/14.3.1/../../../../arm-none-eabi/lib/thumb/v7e-m+dp/hard/libc_nano.a(libc_a-mprec.o)
                0x0800cd8c                __mdiff
 .text.__d2b    0x0800cebc       0xb0 /opt/stm32cubeide/plugins/com.st.stm32cube.ide.mcu.externaltools.gnu-tools-for-stm32.14.3.rel1.linux64_1.0.100.202602081740/tools/bin/../lib/gcc/arm-none-eabi/14.3.1/../../../../arm-none-eabi/lib/thumb/v7e-m+dp/hard/libc_nano.a(libc_a-mprec.o)
                0x0800cebc                __d2b
 .text.__ssputs_r
                0x0800cf6c       0xc0 /opt/stm32cubeide/plugins/com.st.stm32cube.ide.mcu.externaltools.gnu-tools-for-stm32.14.3.rel1.linux64_1.0.100.202602081740/tools/bin/../lib/gcc/arm-none-eabi/14.3.1/../../../../arm-none-eabi/lib/thumb/v7e-m+dp/hard/libc_nano.a(libc_a-nano-svfprintf.o)
                0x0800cf6c                __ssputs_r
 .text._svfprintf_r
                0x0800d02c      0x1f0 /opt/stm32cubeide/plugins/com.st.stm32cube.ide.mcu.externaltools.gnu-tools-for-stm32.14.3.rel1.linux64_1.0.100.202602081740/tools/bin/../lib/gcc/arm-none-eabi/14.3.1/../../../../arm-none-eabi/lib/thumb/v7e-m+dp/hard/libc_nano.a(libc_a-nano-svfprintf.o)
                0x0800d02c                _svfprintf_r
                0x0800d02c                _svfiprintf_r
 .text.__sflush_r
                0x0800d21c      0x104 /opt/stm32cubeide/plugins/com.st.stm32cube.ide.mcu.externaltools.gnu-tools-for-stm32.14.3.rel1.linux64_1.0.100.202602081740/tools/bin/../lib/gcc/arm-none-eabi/14.3.1/../../../../arm-none-eabi/lib/thumb/v7e-m+dp/hard/libc_nano.a(libc_a-fflush.o)
                0x0800d21c                __sflush_r
 .text._fflush_r
                0x0800d320       0x50 /opt/stm32cubeide/plugins/com.st.stm32cube.ide.mcu.externaltools.gnu-tools-for-stm32.14.3.rel1.linux64_1.0.100.202602081740/tools/bin/../lib/gcc/arm-none-eabi/14.3.1/../../../../arm-none-eabi/lib/thumb/v7e-m+dp/hard/libc_nano.a(libc_a-fflush.o)
                0x0800d320                _fflush_r
 .text.memmove  0x0800d370       0x32 /opt/stm32cubeide/plugins/com.st.stm32cube.ide.mcu.externaltools.gnu-tools-for-stm32.14.3.rel1.linux64_1.0.100.202602081740/tools/bin/../lib/gcc/arm-none-eabi/14.3.1/../../../../arm-none-eabi/lib/thumb/v7e-m+dp/hard/libc_nano.a(libc_a-memmove.o)
                0x0800d370                memmove
 *fill*         0x0800d3a2        0x2 
 .text._sbrk_r  0x0800d3a4       0x20 /opt/stm32cubeide/plugins/com.st.stm32cube.ide.mcu.externaltools.gnu-tools-for-stm32.14.3.rel1.linux64_1.0.100.202602081740/tools/bin/../lib/gcc/arm-none-eabi/14.3.1/../../../../arm-none-eabi/lib/thumb/v7e-m+dp/hard/libc_nano.a(libc_a-sbrkr.o)
                0x0800d3a4                _sbrk_r
 .text.memcpy   0x0800d3c4       0x1c /opt/stm32cubeide/plugins/com.st.stm32cube.ide.mcu.externaltools.gnu-tools-for-stm32.14.3.rel1.linux64_1.0.100.202602081740/tools/bin/../lib/gcc/arm-none-eabi/14.3.1/../../../../arm-none-eabi/lib/thumb/v7e-m+dp/hard/libc_nano.a(libc_a-memcpy-stub.o)
                0x0800d3c4                memcpy
 .text.__assert_func
                0x0800d3e0       0x3c /opt/stm32cubeide/plugins/com.st.stm32cube.ide.mcu.externaltools.gnu-tools-for-stm32.14.3.rel1.linux64_1.0.100.202602081740/tools/bin/../lib/gcc/arm-none-eabi/14.3.1/../../../../arm-none-eabi/lib/thumb/v7e-m+dp/hard/libc_nano.a(libc_a-assert.o)
                0x0800d3e0                __assert_func
 .text._calloc_r
                0x0800d41c       0x28 /opt/stm32cubeide/plugins/com.st.stm32cube.ide.mcu.externaltools.gnu-tools-for-stm32.14.3.rel1.linux64_1.0.100.202602081740/tools/bin/../lib/gcc/arm-none-eabi/14.3.1/../../../../arm-none-eabi/lib/thumb/v7e-m+dp/hard/libc_nano.a(libc_a-callocr.o)
                0x0800d41c                _calloc_r
 .text.__ascii_mbtowc
                0x0800d444       0x24 /opt/stm32cubeide/plugins/com.st.stm32cube.ide.mcu.externaltools.gnu-tools-for-stm32.14.3.rel1.linux64_1.0.100.202602081740/tools/bin/../lib/gcc/arm-none-eabi/14.3.1/../../../../arm-none-eabi/lib/thumb/v7e-m+dp/hard/libc_nano.a(libc_a-mbtowc_r.o)
                0x0800d444                __ascii_mbtowc
 .text._realloc_r
                0x0800d468       0x5c /opt/stm32cubeide/plugins/com.st.stm32cube.ide.mcu.externaltools.gnu-tools-for-stm32.14.3.rel1.linux64_1.0.100.202602081740/tools/bin/../lib/gcc/arm-none-eabi/14.3.1/../../../../arm-none-eabi/lib/thumb/v7e-m+dp/hard/libc_nano.a(libc_a-reallocr.o)
                0x0800d468                _realloc_r
 .text.__ascii_wctomb
                0x0800d4c4       0x1a /opt/stm32cubeide/plugins/com.st.stm32cube.ide.mcu.externaltools.gnu-tools-for-stm32.14.3.rel1.linux64_1.0.100.202602081740/tools/bin/../lib/gcc/arm-none-eabi/14.3.1/../../../../arm-none-eabi/lib/thumb/v7e-m+dp/hard/libc_nano.a(libc_a-wctomb_r.o)
                0x0800d4c4                __ascii_wctomb
 *fill*         0x0800d4de        0x2 
 .text.fprintf  0x0800d4e0       0x24 /opt/stm32cubeide/plugins/com.st.stm32cube.ide.mcu.externaltools.gnu-tools-for-stm32.14.3.rel1.linux64_1.0.100.202602081740/tools/bin/../lib/gcc/arm-none-eabi/14.3.1/../../../../arm-none-eabi/lib/thumb/v7e-m+dp/hard/libc_nano.a(libc_a-fprintf.o)
                0x0800d4e0                fprintf
                0x0800d4e0                fiprintf
 .text.abort    0x0800d504        0xe /opt/stm32cubeide/plugins/com.st.stm32cube.ide.mcu.externaltools.gnu-tools-for-stm32.14.3.rel1.linux64_1.0.100.202602081740/tools/bin/../lib/gcc/arm-none-eabi/14.3.1/../../../../arm-none-eabi/lib/thumb/v7e-m+dp/hard/libc_nano.a(libc_a-abort.o)
                0x0800d504                abort
 .text._malloc_usable_size_r
                0x0800d512       0x10 /opt/stm32cubeide/plugins/com.st.stm32cube.ide.mcu.externaltools.gnu-tools-for-stm32.14.3.rel1.linux64_1.0.100.202602081740/tools/bin/../lib/gcc/arm-none-eabi/14.3.1/../../../../arm-none-eabi/lib/thumb/v7e-m+dp/hard/libc_nano.a(libc_a-msizer.o)
                0x0800d512                _malloc_usable_size_r
 .text.__sfputc_r
                0x0800d522       0x2e /opt/stm32cubeide/plugins/com.st.stm32cube.ide.mcu.externaltools.gnu-tools-for-stm32.14.3.rel1.linux64_1.0.100.202602081740/tools/bin/../lib/gcc/arm-none-eabi/14.3.1/../../../../arm-none-eabi/lib/thumb/v7e-m+dp/hard/libc_nano.a(libc_a-nano-vfprintf.o)
 .text.__sfputs_r
                0x0800d550       0x24 /opt/stm32cubeide/plugins/com.st.stm32cube.ide.mcu.externaltools.gnu-tools-for-stm32.14.3.rel1.linux64_1.0.100.202602081740/tools/bin/../lib/gcc/arm-none-eabi/14.3.1/../../../../arm-none-eabi/lib/thumb/v7e-m+dp/hard/libc_nano.a(libc_a-nano-vfprintf.o)
                0x0800d550                __sfputs_r
 .text._vfprintf_r
                0x0800d574      0x228 /opt/stm32cubeide/plugins/com.st.stm32cube.ide.mcu.externaltools.gnu-tools-for-stm32.14.3.rel1.linux64_1.0.100.202602081740/tools/bin/../lib/gcc/arm-none-eabi/14.3.1/../../../../arm-none-eabi/lib/thumb/v7e-m+dp/hard/libc_nano.a(libc_a-nano-vfprintf.o)
                0x0800d574                _vfiprintf_r
                0x0800d574                _vfprintf_r
 .text.__swbuf_r
                0x0800d79c       0x7c /opt/stm32cubeide/plugins/com.st.stm32cube.ide.mcu.externaltools.gnu-tools-for-stm32.14.3.rel1.linux64_1.0.100.202602081740/tools/bin/../lib/gcc/arm-none-eabi/14.3.1/../../../../arm-none-eabi/lib/thumb/v7e-m+dp/hard/libc_nano.a(libc_a-wbuf.o)
                0x0800d79c                __swbuf_r
 .text.__swsetup_r
                0x0800d818       0xa8 /opt/stm32cubeide/plugins/com.st.stm32cube.ide.mcu.externaltools.gnu-tools-for-stm32.14.3.rel1.linux64_1.0.100.202602081740/tools/bin/../lib/gcc/arm-none-eabi/14.3.1/../../../../arm-none-eabi/lib/thumb/v7e-m+dp/hard/libc_nano.a(libc_a-wsetup.o)
                0x0800d818                __swsetup_r
 .text._raise_r
                0x0800d8c0       0x50 /opt/stm32cubeide/plugins/com.st.stm32cube.ide.mcu.externaltools.gnu-tools-for-stm32.14.3.rel1.linux64_1.0.100.202602081740/tools/bin/../lib/gcc/arm-none-eabi/14.3.1/../../../../arm-none-eabi/lib/thumb/v7e-m+dp/hard/libc_nano.a(libc_a-signal.o)
                0x0800d8c0                _raise_r
 .text.raise    0x0800d910       0x10 /opt/stm32cubeide/plugins/com.st.stm32cube.ide.mcu.externaltools.gnu-tools-for-stm32.14.3.rel1.linux64_1.0.100.202602081740/tools/bin/../lib/gcc/arm-none-eabi/14.3.1/../../../../arm-none-eabi/lib/thumb/v7e-m+dp/hard/libc_nano.a(libc_a-signal.o)
                0x0800d910                raise
 .text._kill_r  0x0800d920       0x24 /opt/stm32cubeide/plugins/com.st.stm32cube.ide.mcu.externaltools.gnu-tools-for-stm32.14.3.rel1.linux64_1.0.100.202602081740/tools/bin/../lib/gcc/arm-none-eabi/14.3.1/../../../../arm-none-eabi/lib/thumb/v7e-m+dp/hard/libc_nano.a(libc_a-signalr.o)
                0x0800d920                _kill_r
 .text._getpid_r
                0x0800d944        0x4 /opt/stm32cubeide/plugins/com.st.stm32cube.ide.mcu.externaltools.gnu-tools-for-stm32.14.3.rel1.linux64_1.0.100.202602081740/tools/bin/../lib/gcc/arm-none-eabi/14.3.1/../../../../arm-none-eabi/lib/thumb/v7e-m+dp/hard/libc_nano.a(libc_a-signalr.o)
                0x0800d944                _getpid_r
 .text.__swhatbuf_r
                0x0800d948       0x48 /opt/stm32cubeide/plugins/com.st.stm32cube.ide.mcu.externaltools.gnu-tools-for-stm32.14.3.rel1.linux64_1.0.100.202602081740/tools/bin/../lib/gcc/arm-none-eabi/14.3.1/../../../../arm-none-eabi/lib/thumb/v7e-m+dp/hard/libc_nano.a(libc_a-makebuf.o)
                0x0800d948                __swhatbuf_r
 .text.__smakebuf_r
                0x0800d990       0x72 /opt/stm32cubeide/plugins/com.st.stm32cube.ide.mcu.externaltools.gnu-tools-for-stm32.14.3.rel1.linux64_1.0.100.202602081740/tools/bin/../lib/gcc/arm-none-eabi/14.3.1/../../../../arm-none-eabi/lib/thumb/v7e-m+dp/hard/libc_nano.a(libc_a-makebuf.o)
                0x0800d990                __smakebuf_r
 *fill*         0x0800da02        0x2 
 .text._fstat_r
                0x0800da04       0x24 /opt/stm32cubeide/plugins/com.st.stm32cube.ide.mcu.externaltools.gnu-tools-for-stm32.14.3.rel1.linux64_1.0.100.202602081740/tools/bin/../lib/gcc/arm-none-eabi/14.3.1/../../../../arm-none-eabi/lib/thumb/v7e-m+dp/hard/libc_nano.a(libc_a-fstatr.o)
                0x0800da04                _fstat_r
 .text._isatty_r
                0x0800da28       0x20 /opt/stm32cubeide/plugins/com.st.stm32cube.ide.mcu.externaltools.gnu-tools-for-stm32.14.3.rel1.linux64_1.0.100.202602081740/tools/bin/../lib/gcc/arm-none-eabi/14.3.1/../../../../arm-none-eabi/lib/thumb/v7e-m+dp/hard/libc_nano.a(libc_a-isattyr.o)
                0x0800da28                _isatty_r
 *(.glue_7)
 .glue_7        0x0800da48        0x0 linker stubs
 *(.glue_7t)
 .glue_7t       0x0800da48        0x0 linker stubs
 *(.eh_frame)
 .eh_frame      0x0800da48        0x0 /opt/stm32cubeide/plugins/com.st.stm32cube.ide.mcu.externaltools.gnu-tools-for-stm32.14.3.rel1.linux64_1.0.100.202602081740/tools/bin/../lib/gcc/arm-none-eabi/14.3.1/thumb/v7e-m+dp/hard/crtbegin.o
 *(.init)
 .init          0x0800da48        0x4 /opt/stm32cubeide/plugins/com.st.stm32cube.ide.mcu.externaltools.gnu-tools-for-stm32.14.3.rel1.linux64_1.0.100.202602081740/tools/bin/../lib/gcc/arm-none-eabi/14.3.1/thumb/v7e-m+dp/hard/crti.o
                0x0800da48                _init
 .init          0x0800da4c        0x8 /opt/stm32cubeide/plugins/com.st.stm32cube.ide.mcu.externaltools.gnu-tools-for-stm32.14.3.rel1.linux64_1.0.100.202602081740/tools/bin/../lib/gcc/arm-none-eabi/14.3.1/thumb/v7e-m+dp/hard/crtn.o
 *(.fini)
 .fini          0x0800da54        0x4 /opt/stm32cubeide/plugins/com.st.stm32cube.ide.mcu.externaltools.gnu-tools-for-stm32.14.3.rel1.linux64_1.0.100.202602081740/tools/bin/../lib/gcc/arm-none-eabi/14.3.1/thumb/v7e-m+dp/hard/crti.o
                0x0800da54                _fini
 .fini          0x0800da58        0x8 /opt/stm32cubeide/plugins/com.st.stm32cube.ide.mcu.externaltools.gnu-tools-for-stm32.14.3.rel1.linux64_1.0.100.202602081740/tools/bin/../lib/gcc/arm-none-eabi/14.3.1/thumb/v7e-m+dp/hard/crtn.o
                0x0800da60                        . = ALIGN (0x4)
                0x0800da60                        _etext = .

.vfp11_veneer   0x0800da60        0x0
 .vfp11_veneer  0x0800da60        0x0 linker stubs

.v4_bx          0x0800da60        0x0
 .v4_bx         0x0800da60        0x0 linker stubs

.iplt           0x0800da60        0x0
 .iplt          0x0800da60        0x0 /opt/stm32cubeide/plugins/com.st.stm32cube.ide.mcu.externaltools.gnu-tools-for-stm32.14.3.rel1.linux64_1.0.100.202602081740/tools/bin/../lib/gcc/arm-none-eabi/14.3.1/thumb/v7e-m+dp/hard/crtbegin.o

.rodata         0x0800da60      0x6dc
                0x0800da60                        . = ALIGN (0x4)
 *(.rodata)
 *(.rodata*)
 .rodata.D1CorePrescTable
                0x0800da60       0x10 ./Core/Src/system_stm32h7xx.o
                0x0800da60                D1CorePrescTable
 .rodata.UARTPrescTable
                0x0800da70       0x18 ./Drivers/STM32H7xx_HAL_Driver/Src/stm32h7xx_hal_uart.o
                0x0800da70                UARTPrescTable
 .rodata.numerator.1
                0x0800da88        0x8 ./Drivers/STM32H7xx_HAL_Driver/Src/stm32h7xx_hal_uart_ex.o
 .rodata.denominator.0
                0x0800da90        0x8 ./Drivers/STM32H7xx_HAL_Driver/Src/stm32h7xx_hal_uart_ex.o
 .rodata.lsm6_init.str1.4
                0x0800da98      0x2a9 ./Middlewares/ST/lsm6dso/lsm6dso32_device.o
                                 0x20 (size before relaxing)
 .rodata.lsm6_getAndPrintData.str1.4
                0x0800dd41       0xaf ./Middlewares/ST/lsm6dso/lsm6dso32_device.o
 *fill*         0x0800dd41        0x3 
 .rodata.ExCvt  0x0800dd44       0x80 ./Middlewares/Third_Party/FatFs/src/ff.o
 .rodata.create_name.str1.4
                0x0800ddc4        0xf ./Middlewares/Third_Party/FatFs/src/ff.o
 .rodata.SD_initAndMount.str1.4
                0x0800ddc4       0xd1 ./UserCode/SD_Card.o
 .rodata.SD_read.str1.4
                0x0800ddc4       0xb8 ./UserCode/SD_Card.o
 .rodata.SD_openFileForWriting.str1.4
                0x0800ddc4        0xe ./UserCode/SD_Card.o
 .rodata.SD_writeToOpenedFile.str1.4
                0x0800ddc4       0x31 ./UserCode/SD_Card.o
 .rodata._printf_float.str1.1
                0x0800ddc4      0x171 /opt/stm32cubeide/plugins/com.st.stm32cube.ide.mcu.externaltools.gnu-tools-for-stm32.14.3.rel1.linux64_1.0.100.202602081740/tools/bin/../lib/gcc/arm-none-eabi/14.3.1/../../../../arm-none-eabi/lib/thumb/v7e-m+dp/hard/libc_nano.a(libc_a-nano-vfprintf_float.o)
                                 0x12 (size before relaxing)
 .rodata._printf_i.str1.1
                0x0800df35       0x22 /opt/stm32cubeide/plugins/com.st.stm32cube.ide.mcu.externaltools.gnu-tools-for-stm32.14.3.rel1.linux64_1.0.100.202602081740/tools/bin/../lib/gcc/arm-none-eabi/14.3.1/../../../../arm-none-eabi/lib/thumb/v7e-m+dp/hard/libc_nano.a(libc_a-nano-vfprintf_i.o)
 .rodata._dtoa_r.str1.1
                0x0800df35       0x8f /opt/stm32cubeide/plugins/com.st.stm32cube.ide.mcu.externaltools.gnu-tools-for-stm32.14.3.rel1.linux64_1.0.100.202602081740/tools/bin/../lib/gcc/arm-none-eabi/14.3.1/../../../../arm-none-eabi/lib/thumb/v7e-m+dp/hard/libc_nano.a(libc_a-dtoa.o)
 .rodata._Balloc.str1.1
                0x0800df35       0x70 /opt/stm32cubeide/plugins/com.st.stm32cube.ide.mcu.externaltools.gnu-tools-for-stm32.14.3.rel1.linux64_1.0.100.202602081740/tools/bin/../lib/gcc/arm-none-eabi/14.3.1/../../../../arm-none-eabi/lib/thumb/v7e-m+dp/hard/libc_nano.a(libc_a-mprec.o)
 .rodata.__multadd.str1.1
                0x0800df35       0x11 /opt/stm32cubeide/plugins/com.st.stm32cube.ide.mcu.externaltools.gnu-tools-for-stm32.14.3.rel1.linux64_1.0.100.202602081740/tools/bin/../lib/gcc/arm-none-eabi/14.3.1/../../../../arm-none-eabi/lib/thumb/v7e-m+dp/hard/libc_nano.a(libc_a-mprec.o)
 *fill*         0x0800df35        0x3 
 .rodata.p05.0  0x0800df38        0xc /opt/stm32cubeide/plugins/com.st.stm32cube.ide.mcu.externaltools.gnu-tools-for-stm32.14.3.rel1.linux64_1.0.100.202602081740/tools/bin/../lib/gcc/arm-none-eabi/14.3.1/../../../../arm-none-eabi/lib/thumb/v7e-m+dp/hard/libc_nano.a(libc_a-mprec.o)
 *fill*         0x0800df44        0x4 
 .rodata.__mprec_bigtens
                0x0800df48       0x28 /opt/stm32cubeide/plugins/com.st.stm32cube.ide.mcu.externaltools.gnu-tools-for-stm32.14.3.rel1.linux64_1.0.100.202602081740/tools/bin/../lib/gcc/arm-none-eabi/14.3.1/../../../../arm-none-eabi/lib/thumb/v7e-m+dp/hard/libc_nano.a(libc_a-mprec.o)
                0x0800df48                __mprec_bigtens
 .rodata.__mprec_tens
                0x0800df70       0xc8 /opt/stm32cubeide/plugins/com.st.stm32cube.ide.mcu.externaltools.gnu-tools-for-stm32.14.3.rel1.linux64_1.0.100.202602081740/tools/bin/../lib/gcc/arm-none-eabi/14.3.1/../../../../arm-none-eabi/lib/thumb/v7e-m+dp/hard/libc_nano.a(libc_a-mprec.o)
                0x0800df70                __mprec_tens
 .rodata._svfprintf_r.str1.1
                0x0800e038       0x11 /opt/stm32cubeide/plugins/com.st.stm32cube.ide.mcu.externaltools.gnu-tools-for-stm32.14.3.rel1.linux64_1.0.100.202602081740/tools/bin/../lib/gcc/arm-none-eabi/14.3.1/../../../../arm-none-eabi/lib/thumb/v7e-m+dp/hard/libc_nano.a(libc_a-nano-svfprintf.o)
 .rodata._setlocale_r.str1.1
                0x0800e038        0x9 /opt/stm32cubeide/plugins/com.st.stm32cube.ide.mcu.externaltools.gnu-tools-for-stm32.14.3.rel1.linux64_1.0.100.202602081740/tools/bin/../lib/gcc/arm-none-eabi/14.3.1/../../../../arm-none-eabi/lib/thumb/v7e-m+dp/hard/libc_nano.a(libc_a-locale.o)
 .rodata.str1.1
                0x0800e038        0x2 /opt/stm32cubeide/plugins/com.st.stm32cube.ide.mcu.externaltools.gnu-tools-for-stm32.14.3.rel1.linux64_1.0.100.202602081740/tools/bin/../lib/gcc/arm-none-eabi/14.3.1/../../../../arm-none-eabi/lib/thumb/v7e-m+dp/hard/libc_nano.a(libc_a-locale.o)
 .rodata.__assert_func.str1.1
                0x0800e038       0x3d /opt/stm32cubeide/plugins/com.st.stm32cube.ide.mcu.externaltools.gnu-tools-for-stm32.14.3.rel1.linux64_1.0.100.202602081740/tools/bin/../lib/gcc/arm-none-eabi/14.3.1/../../../../arm-none-eabi/lib/thumb/v7e-m+dp/hard/libc_nano.a(libc_a-assert.o)
 .rodata._ctype_
                0x0800e038      0x101 /opt/stm32cubeide/plugins/com.st.stm32cube.ide.mcu.externaltools.gnu-tools-for-stm32.14.3.rel1.linux64_1.0.100.202602081740/tools/bin/../lib/gcc/arm-none-eabi/14.3.1/../../../../arm-none-eabi/lib/thumb/v7e-m+dp/hard/libc_nano.a(libc_a-ctype_.o)
                0x0800e038                _ctype_
 .rodata._vfprintf_r.str1.1
                0x0800e139       0x11 /opt/stm32cubeide/plugins/com.st.stm32cube.ide.mcu.externaltools.gnu-tools-for-stm32.14.3.rel1.linux64_1.0.100.202602081740/tools/bin/../lib/gcc/arm-none-eabi/14.3.1/../../../../arm-none-eabi/lib/thumb/v7e-m+dp/hard/libc_nano.a(libc_a-nano-vfprintf.o)
                0x0800e14c                        . = ALIGN (0x4)
 *fill*         0x0800e139        0x3 

.ARM.extab
 *(.ARM.extab* .gnu.linkonce.armextab.*)

.ARM            0x0800e13c        0x8
                0x0800e13c                        __exidx_start = .
 *(.ARM.exidx*)
 .ARM.exidx     0x0800e13c        0x8 /opt/stm32cubeide/plugins/com.st.stm32cube.ide.mcu.externaltools.gnu-tools-for-stm32.14.3.rel1.linux64_1.0.100.202602081740/tools/bin/../lib/gcc/arm-none-eabi/14.3.1/../../../../arm-none-eabi/lib/thumb/v7e-m+dp/hard/libc_nano.a(libc_a-memchr.o)
 .ARM.exidx     0x0800e144        0x0 /opt/stm32cubeide/plugins/com.st.stm32cube.ide.mcu.externaltools.gnu-tools-for-stm32.14.3.rel1.linux64_1.0.100.202602081740/tools/bin/../lib/gcc/arm-none-eabi/14.3.1/../../../../arm-none-eabi/lib/thumb/v7e-m+dp/hard/libc_nano.a(libc_a-strlen.o)
                                  0x8 (size before relaxing)
 .ARM.exidx     0x0800e144        0x0 /opt/stm32cubeide/plugins/com.st.stm32cube.ide.mcu.externaltools.gnu-tools-for-stm32.14.3.rel1.linux64_1.0.100.202602081740/tools/bin/../lib/gcc/arm-none-eabi/14.3.1/thumb/v7e-m+dp/hard/libgcc.a(_udivmoddi4.o)
                                  0x8 (size before relaxing)
                0x0800e144                        __exidx_end = .

.preinit_array  0x0800e144        0x0
                0x0800e144                        PROVIDE (__preinit_array_start = .)
 *(.preinit_array*)
                0x0800e144                        PROVIDE (__preinit_array_end = .)

.init_array     0x0800e144        0x4
                0x0800e144                        PROVIDE (__init_array_start = .)
 *(SORT_BY_NAME(.init_array.*))
 *(.init_array*)
 .init_array    0x0800e144        0x4 /opt/stm32cubeide/plugins/com.st.stm32cube.ide.mcu.externaltools.gnu-tools-for-stm32.14.3.rel1.linux64_1.0.100.202602081740/tools/bin/../lib/gcc/arm-none-eabi/14.3.1/thumb/v7e-m+dp/hard/crtbegin.o
                0x0800e148                        PROVIDE (__init_array_end = .)

.fini_array     0x0800e148        0x4
                [!provide]                        PROVIDE (__fini_array_start = .)
 *(SORT_BY_NAME(.fini_array.*))
 *(.fini_array*)
 .fini_array    0x0800e148        0x4 /opt/stm32cubeide/plugins/com.st.stm32cube.ide.mcu.externaltools.gnu-tools-for-stm32.14.3.rel1.linux64_1.0.100.202602081740/tools/bin/../lib/gcc/arm-none-eabi/14.3.1/thumb/v7e-m+dp/hard/crtbegin.o
                [!provide]                        PROVIDE (__fini_array_end = .)
                0x0800e14c                        _sidata = LOADADDR (.data)

.rel.dyn        0x0800e14c        0x0
 .rel.iplt      0x0800e14c        0x0 /opt/stm32cubeide/plugins/com.st.stm32cube.ide.mcu.externaltools.gnu-tools-for-stm32.14.3.rel1.linux64_1.0.100.202602081740/tools/bin/../lib/gcc/arm-none-eabi/14.3.1/thumb/v7e-m+dp/hard/crtbegin.o

.data           0x24000000      0x1f0 load address 0x0800e14c
                0x24000000                        . = ALIGN (0x4)
                0x24000000                        _sdata = .
 *(.data)
 *(.data*)
 .data.SystemCoreClock
                0x24000000        0x4 ./Core/Src/system_stm32h7xx.o
                0x24000000                SystemCoreClock
 .data.SystemD2Clock
                0x24000004        0x4 ./Core/Src/system_stm32h7xx.o
                0x24000004                SystemD2Clock
 .data.uwTickPrio
                0x24000008        0x4 ./Drivers/STM32H7xx_HAL_Driver/Src/stm32h7xx_hal.o
                0x24000008                uwTickPrio
 .data.uwTickFreq
                0x2400000c        0x1 ./Drivers/STM32H7xx_HAL_Driver/Src/stm32h7xx_hal.o
                0x2400000c                uwTickFreq
 *fill*         0x2400000d        0x3 
 .data.USER_Driver
                0x24000010       0x14 ./FATFS/Target/user_diskio.o
                0x24000010                USER_Driver
 .data.Stat     0x24000024        0x1 ./FATFS/Target/user_diskio_spi.o
 *fill*         0x24000025        0x3 
 .data.__sglue  0x24000028        0xc /opt/stm32cubeide/plugins/com.st.stm32cube.ide.mcu.externaltools.gnu-tools-for-stm32.14.3.rel1.linux64_1.0.100.202602081740/tools/bin/../lib/gcc/arm-none-eabi/14.3.1/../../../../arm-none-eabi/lib/thumb/v7e-m+dp/hard/libc_nano.a(libc_a-findfp.o)
                0x24000028                __sglue
 .data._impure_ptr
                0x24000034        0x4 /opt/stm32cubeide/plugins/com.st.stm32cube.ide.mcu.externaltools.gnu-tools-for-stm32.14.3.rel1.linux64_1.0.100.202602081740/tools/bin/../lib/gcc/arm-none-eabi/14.3.1/../../../../arm-none-eabi/lib/thumb/v7e-m+dp/hard/libc_nano.a(libc_a-impure.o)
                0x24000034                _impure_ptr
 .data._impure_data
                0x24000038       0x4c /opt/stm32cubeide/plugins/com.st.stm32cube.ide.mcu.externaltools.gnu-tools-for-stm32.14.3.rel1.linux64_1.0.100.202602081740/tools/bin/../lib/gcc/arm-none-eabi/14.3.1/../../../../arm-none-eabi/lib/thumb/v7e-m+dp/hard/libc_nano.a(libc_a-impure.o)
                0x24000038                _impure_data
 .data.__global_locale
                0x24000084      0x16c /opt/stm32cubeide/plugins/com.st.stm32cube.ide.mcu.externaltools.gnu-tools-for-stm32.14.3.rel1.linux64_1.0.100.202602081740/tools/bin/../lib/gcc/arm-none-eabi/14.3.1/../../../../arm-none-eabi/lib/thumb/v7e-m+dp/hard/libc_nano.a(libc_a-locale.o)
                0x24000084                __global_locale
 *(.RamFunc)
 *(.RamFunc*)
                0x240001f0                        . = ALIGN (0x4)
                0x240001f0                        _edata = .

.igot.plt       0x240001f0        0x0 load address 0x0800e33c
 .igot.plt      0x240001f0        0x0 /opt/stm32cubeide/plugins/com.st.stm32cube.ide.mcu.externaltools.gnu-tools-for-stm32.14.3.rel1.linux64_1.0.100.202602081740/tools/bin/../lib/gcc/arm-none-eabi/14.3.1/thumb/v7e-m+dp/hard/crtbegin.o
                0x240001f0                        . = ALIGN (0x4)

.bss            0x240001f0      0xdcc load address 0x0800e33c
                0x240001f0                        _sbss = .
                0x240001f0                        __bss_start__ = _sbss
 *(.bss)
 .bss           0x240001f0       0x1c /opt/stm32cubeide/plugins/com.st.stm32cube.ide.mcu.externaltools.gnu-tools-for-stm32.14.3.rel1.linux64_1.0.100.202602081740/tools/bin/../lib/gcc/arm-none-eabi/14.3.1/thumb/v7e-m+dp/hard/crtbegin.o
 *(.bss*)
 .bss.hi2c4     0x2400020c       0x54 ./Core/Src/main.o
                0x2400020c                hi2c4
 .bss.hspi1     0x24000260       0x88 ./Core/Src/main.o
                0x24000260                hspi1
 .bss.hspi2     0x240002e8       0x88 ./Core/Src/main.o
                0x240002e8                hspi2
 .bss.hspi3     0x24000370       0x88 ./Core/Src/main.o
                0x24000370                hspi3
 .bss.huart3    0x240003f8       0x94 ./Core/Src/main.o
                0x240003f8                huart3
 .bss.buffer.0  0x2400048c      0x100 ./Core/Src/main.o
 .bss.__sbrk_heap_end
                0x2400058c        0x4 ./Core/Src/sysmem.o
 .bss.uwTick    0x24000590        0x4 ./Drivers/STM32H7xx_HAL_Driver/Src/stm32h7xx_hal.o
                0x24000590                uwTick
 .bss.retUSER   0x24000594        0x1 ./FATFS/App/fatfs.o
                0x24000594                retUSER
 *fill*         0x24000595        0x3 
 .bss.USERPath  0x24000598        0x4 ./FATFS/App/fatfs.o
                0x24000598                USERPath
 .bss.CardType  0x2400059c        0x1 ./FATFS/Target/user_diskio_spi.o
 *fill*         0x2400059d        0x3 
 .bss.spiTimerTickStart
                0x240005a0        0x4 ./FATFS/Target/user_diskio_spi.o
                0x240005a0                spiTimerTickStart
 .bss.spiTimerTickDelay
                0x240005a4        0x4 ./FATFS/Target/user_diskio_spi.o
                0x240005a4                spiTimerTickDelay
 .bss.data_raw_acceleration
                0x240005a8        0x6 ./Middlewares/ST/lsm6dso/lsm6dso32_device.o
 *fill*         0x240005ae        0x2 
 .bss.data_raw_angular_rate
                0x240005b0        0x6 ./Middlewares/ST/lsm6dso/lsm6dso32_device.o
 .bss.data_raw_temperature
                0x240005b6        0x2 ./Middlewares/ST/lsm6dso/lsm6dso32_device.o
 .bss.acceleration_mg
                0x240005b8        0xc ./Middlewares/ST/lsm6dso/lsm6dso32_device.o
 .bss.angular_rate_mdps
                0x240005c4        0xc ./Middlewares/ST/lsm6dso/lsm6dso32_device.o
 .bss.temperature_degC
                0x240005d0        0x4 ./Middlewares/ST/lsm6dso/lsm6dso32_device.o
 .bss.whoamI    0x240005d4        0x1 ./Middlewares/ST/lsm6dso/lsm6dso32_device.o
 .bss.rst       0x240005d5        0x1 ./Middlewares/ST/lsm6dso/lsm6dso32_device.o
 *fill*         0x240005d6        0x2 
 .bss.tx_buffer
                0x240005d8      0x3e8 ./Middlewares/ST/lsm6dso/lsm6dso32_device.o
 .bss.dev_ctx   0x240009c0       0x14 ./Middlewares/ST/lsm6dso/lsm6dso32_device.o
                0x240009c0                dev_ctx
 .bss.isInitialized
                0x240009d4        0x1 ./Middlewares/ST/lsm6dso/lsm6dso32_device.o
                0x240009d4                isInitialized
 *fill*         0x240009d5        0x3 
 .bss.FatFs     0x240009d8        0x4 ./Middlewares/Third_Party/FatFs/src/ff.o
 .bss.Fsid      0x240009dc        0x2 ./Middlewares/Third_Party/FatFs/src/ff.o
 *fill*         0x240009de        0x2 
 .bss.Files     0x240009e0       0x20 ./Middlewares/Third_Party/FatFs/src/ff.o
 .bss.disk      0x24000a00        0xc ./Middlewares/Third_Party/FatFs/src/ff_gen_drv.o
                0x24000a00                disk
 .bss.FatFs     0x24000a0c      0x230 ./UserCode/SD_Card.o
                0x24000a0c                FatFs
 .bss.fil       0x24000c3c      0x230 ./UserCode/SD_Card.o
                0x24000c3c                fil
 .bss.fres      0x24000e6c        0x1 ./UserCode/SD_Card.o
                0x24000e6c                fres
 *fill*         0x24000e6d        0x3 
 .bss.__sf      0x24000e70      0x138 /opt/stm32cubeide/plugins/com.st.stm32cube.ide.mcu.externaltools.gnu-tools-for-stm32.14.3.rel1.linux64_1.0.100.202602081740/tools/bin/../lib/gcc/arm-none-eabi/14.3.1/../../../../arm-none-eabi/lib/thumb/v7e-m+dp/hard/libc_nano.a(libc_a-findfp.o)
                0x24000e70                __sf
 .bss.__stdio_exit_handler
                0x24000fa8        0x4 /opt/stm32cubeide/plugins/com.st.stm32cube.ide.mcu.externaltools.gnu-tools-for-stm32.14.3.rel1.linux64_1.0.100.202602081740/tools/bin/../lib/gcc/arm-none-eabi/14.3.1/../../../../arm-none-eabi/lib/thumb/v7e-m+dp/hard/libc_nano.a(libc_a-findfp.o)
                0x24000fa8                __stdio_exit_handler
 .bss.errno     0x24000fac        0x4 /opt/stm32cubeide/plugins/com.st.stm32cube.ide.mcu.externaltools.gnu-tools-for-stm32.14.3.rel1.linux64_1.0.100.202602081740/tools/bin/../lib/gcc/arm-none-eabi/14.3.1/../../../../arm-none-eabi/lib/thumb/v7e-m+dp/hard/libc_nano.a(libc_a-reent.o)
                0x24000fac                errno
 .bss.__lock___malloc_recursive_mutex
                0x24000fb0        0x1 /opt/stm32cubeide/plugins/com.st.stm32cube.ide.mcu.externaltools.gnu-tools-for-stm32.14.3.rel1.linux64_1.0.100.202602081740/tools/bin/../lib/gcc/arm-none-eabi/14.3.1/../../../../arm-none-eabi/lib/thumb/v7e-m+dp/hard/libc_nano.a(libc_a-lock.o)
                0x24000fb0                __lock___malloc_recursive_mutex
 .bss.__lock___sfp_recursive_mutex
                0x24000fb1        0x1 /opt/stm32cubeide/plugins/com.st.stm32cube.ide.mcu.externaltools.gnu-tools-for-stm32.14.3.rel1.linux64_1.0.100.202602081740/tools/bin/../lib/gcc/arm-none-eabi/14.3.1/../../../../arm-none-eabi/lib/thumb/v7e-m+dp/hard/libc_nano.a(libc_a-lock.o)
                0x24000fb1                __lock___sfp_recursive_mutex
 *fill*         0x24000fb2        0x2 
 .bss.__malloc_sbrk_start
                0x24000fb4        0x4 /opt/stm32cubeide/plugins/com.st.stm32cube.ide.mcu.externaltools.gnu-tools-for-stm32.14.3.rel1.linux64_1.0.100.202602081740/tools/bin/../lib/gcc/arm-none-eabi/14.3.1/../../../../arm-none-eabi/lib/thumb/v7e-m+dp/hard/libc_nano.a(libc_a-mallocr.o)
                0x24000fb4                __malloc_sbrk_start
 .bss.__malloc_free_list
                0x24000fb8        0x4 /opt/stm32cubeide/plugins/com.st.stm32cube.ide.mcu.externaltools.gnu-tools-for-stm32.14.3.rel1.linux64_1.0.100.202602081740/tools/bin/../lib/gcc/arm-none-eabi/14.3.1/../../../../arm-none-eabi/lib/thumb/v7e-m+dp/hard/libc_nano.a(libc_a-mallocr.o)
                0x24000fb8                __malloc_free_list
 *(COMMON)
                0x24000fbc                        . = ALIGN (0x4)
                0x24000fbc                        _ebss = .
                0x24000fbc                        __bss_end__ = _ebss

._user_heap_stack
                0x24000fbc      0xc04 load address 0x0800e33c
                0x24000fc0                        . = ALIGN (0x8)
 *fill*         0x24000fbc        0x4 
                [!provide]                        PROVIDE (end = .)
                0x24000fc0                        PROVIDE (_end = .)
                0x240013c0                        . = (. + _Min_Heap_Size)
 *fill*         0x24000fc0      0x400 
                0x24001bc0                        . = (. + _Min_Stack_Size)
 *fill*         0x240013c0      0x800 
                0x24001bc0                        . = ALIGN (0x8)

/DISCARD/
 libc.a(*)
 libm.a(*)
 libgcc.a(*)

.ARM.attributes
                0x00000000       0x2e
 *(.ARM.attributes)
 .ARM.attributes
                0x00000000       0x20 /opt/stm32cubeide/plugins/com.st.stm32cube.ide.mcu.externaltools.gnu-tools-for-stm32.14.3.rel1.linux64_1.0.100.202602081740/tools/bin/../lib/gcc/arm-none-eabi/14.3.1/thumb/v7e-m+dp/hard/crti.o
 .ARM.attributes
                0x00000020       0x32 /opt/stm32cubeide/plugins/com.st.stm32cube.ide.mcu.externaltools.gnu-tools-for-stm32.14.3.rel1.linux64_1.0.100.202602081740/tools/bin/../lib/gcc/arm-none-eabi/14.3.1/thumb/v7e-m+dp/hard/crtbegin.o
 .ARM.attributes
                0x00000052       0x32 ./Core/Src/main.o
 .ARM.attributes
                0x00000084       0x32 ./Core/Src/stm32h7xx_hal_msp.o
 .ARM.attributes
                0x000000b6       0x32 ./Core/Src/stm32h7xx_it.o
 .ARM.attributes
                0x000000e8       0x32 ./Core/Src/syscalls.o
 .ARM.attributes
                0x0000011a       0x32 ./Core/Src/sysmem.o
 .ARM.attributes
                0x0000014c       0x32 ./Core/Src/system_stm32h7xx.o
 .ARM.attributes
                0x0000017e       0x21 ./Core/Startup/startup_stm32h743vgtx.o
 .ARM.attributes
                0x0000019f       0x32 ./Drivers/STM32H7xx_HAL_Driver/Src/stm32h7xx_hal.o
 .ARM.attributes
                0x000001d1       0x32 ./Drivers/STM32H7xx_HAL_Driver/Src/stm32h7xx_hal_cortex.o
 .ARM.attributes
                0x00000203       0x32 ./Drivers/STM32H7xx_HAL_Driver/Src/stm32h7xx_hal_gpio.o
 .ARM.attributes