Archive member included to satisfy reference by file (symbol)

/opt/stm32cubeide/plugins/com.st.stm32cube.ide.mcu.externaltools.gnu-tools-for-stm32.14.3.rel1.linux64_1.0.100.202602081740/tools/bin/../lib/gcc/arm-none-eabi/14.3.1/../../../../arm-none-eabi/lib/thumb/v7e-m+dp/hard/libc_nano.a(libc_a-atoi.o)
                              ./UserCode/DataLogger.o (atoi)
/opt/stm32cubeide/plugins/com.st.stm32cube.ide.mcu.externaltools.gnu-tools-for-stm32.14.3.rel1.linux64_1.0.100.202602081740/tools/bin/../lib/gcc/arm-none-eabi/14.3.1/../../../../arm-none-eabi/lib/thumb/v7e-m+dp/hard/libc_nano.a(libc_a-exit.o)
                              /opt/stm32cubeide/plugins/com.st.stm32cube.ide.mcu.externaltools.gnu-tools-for-stm32.14.3.rel1.linux64_1.0.100.202602081740/tools/bin/../lib/gcc/arm-none-eabi/14.3.1/../../../../arm-none-eabi/lib/thumb/v7e-m+dp/hard/crt0.o (exit)
/opt/stm32cubeide/plugins/com.st.stm32cube.ide.mcu.externaltools.gnu-tools-for-stm32.14.3.rel1.linux64_1.0.100.202602081740/tools/bin/../lib/gcc/arm-none-eabi/14.3.1/../../../../arm-none-eabi/lib/thumb/v7e-m+dp/hard/libc_nano.a(libc_a-strtol.o)
                              /opt/stm32cubeide/plugins/com.st.stm32cube.ide.mcu.externaltools.gnu-tools-for-stm32.14.3.rel1.linux64_1.0.100.202602081740/tools/bin/../lib/gcc/arm-none-eabi/14.3.1/../../../../arm-none-eabi/lib/thumb/v7e-m+dp/hard/libc_nano.a(libc_a-atoi.o) (_strtol_r)
/opt/stm32cubeide/plugins/com.st.stm32cube.ide.mcu.externaltools.gnu-tools-for-stm32.14.3.rel1.linux64_1.0.100.202602081740/tools/bin/../lib/gcc/arm-none-eabi/14.3.1/../../../../arm-none-eabi/lib/thumb/v7e-m+dp/hard/libc_nano.a(libc_a-ctype_.o)
                              /opt/stm32cubeide/plugins/com.st.stm32cube.ide.mcu.externaltools.gnu-tools-for-stm32.14.3.rel1.linux64_1.0.100.202602081740/tools/bin/../lib/gcc/arm-none-eabi/14.3.1/../../../../arm-none-eabi/lib/thumb/v7e-m+dp/hard/libc_nano.a(libc_a-strtol.o) (_ctype_)
/opt/stm32cubeide/plugins/com.st.stm32cube.ide.mcu.externaltools.gnu-tools-for-stm32.14.3.rel1.linux64_1.0.100.202602081740/tools/bin/../lib/gcc/arm-none-eabi/14.3.1/../../../../arm-none-eabi/lib/thumb/v7e-m+dp/hard/libc_nano.a(libc_a-nano-vfprintf_float.o)
                              (_printf_float)
/opt/stm32cubeide/plugins/com.st.stm32cube.ide.mcu.externaltools.gnu-tools-for-stm32.14.3.rel1.linux64_1.0.100.202602081740/tools/bin/../lib/gcc/arm-none-eabi/14.3.1/../../../../arm-none-eabi/lib/thumb/v7e-m+dp/hard/libc_nano.a(libc_a-nano-vfprintf_i.o)
                              /opt/stm32cubeide/plugins/com.st.stm32cube.ide.mcu.externaltools.gnu-tools-for-stm32.14.3.rel1.linux64_1.0.100.202602081740/tools/bin/../lib/gcc/arm-none-eabi/14.3.1/../../../../arm-none-eabi/lib/thumb/v7e-m+dp/hard/libc_nano.a(libc_a-nano-vfprintf_float.o) (_printf_common)
/opt/stm32cubeide/plugins/com.st.stm32cube.ide.mcu.externaltools.gnu-tools-for-stm32.14.3.rel1.linux64_1.0.100.202602081740/tools/bin/../lib/gcc/arm-none-eabi/14.3.1/../../../../arm-none-eabi/lib/thumb/v7e-m+dp/hard/libc_nano.a(libc_a-findfp.o)
                              /opt/stm32cubeide/plugins/com.st.stm32cube.ide.mcu.externaltools.gnu-tools-for-stm32.14.3.rel1.linux64_1.0.100.202602081740/tools/bin/../lib/gcc/arm-none-eabi/14.3.1/../../../../arm-none-eabi/lib/thumb/v7e-m+dp/hard/libc_nano.a(libc_a-exit.o) (__stdio_exit_handler)
/opt/stm32cubeide/plugins/com.st.stm32cube.ide.mcu.externaltools.gnu-tools-for-stm32.14.3.rel1.linux64_1.0.100.202602081740/tools/bin/../lib/gcc/arm-none-eabi/14.3.1/../../../../arm-none-eabi/lib/thumb/v7e-m+dp/hard/libc_nano.a(libc_a-fwalk.o)
                              /opt/stm32cubeide/plugins/com.st.stm32cube.ide.mcu.externaltools.gnu-tools-for-stm32.14.3.rel1.linux64_1.0.100.202602081740/tools/bin/../lib/gcc/arm-none-eabi/14.3.1/../../../../arm-none-eabi/lib/thumb/v7e-m+dp/hard/libc_nano.a(libc_a-findfp.o) (_fwalk_sglue)
/opt/stm32cubeide/plugins/com.st.stm32cube.ide.mcu.externaltools.gnu-tools-for-stm32.14.3.rel1.linux64_1.0.100.202602081740/tools/bin/../lib/gcc/arm-none-eabi/14.3.1/../../../../arm-none-eabi/lib/thumb/v7e-m+dp/hard/libc_nano.a(libc_a-snprintf.o)
                              ./UserCode/DataLogger.o (snprintf)
/opt/stm32cubeide/plugins/com.st.stm32cube.ide.mcu.externaltools.gnu-tools-for-stm32.14.3.rel1.linux64_1.0.100.202602081740/tools/bin/../lib/gcc/arm-none-eabi/14.3.1/../../../../arm-none-eabi/lib/thumb/v7e-m+dp/hard/libc_nano.a(libc_a-stdio.o)
                              /opt/stm32cubeide/plugins/com.st.stm32cube.ide.mcu.externaltools.gnu-tools-for-stm32.14.3.rel1.linux64_1.0.100.202602081740/tools/bin/../lib/gcc/arm-none-eabi/14.3.1/../../../../arm-none-eabi/lib/thumb/v7e-m+dp/hard/libc_nano.a(libc_a-findfp.o) (__sread)
/opt/stm32cubeide/plugins/com.st.stm32cube.ide.mcu.externaltools.gnu-tools-for-stm32.14.3.rel1.linux64_1.0.100.202602081740/tools/bin/../lib/gcc/arm-none-eabi/14.3.1/../../../../arm-none-eabi/lib/thumb/v7e-m+dp/hard/libc_nano.a(libc_a-vsnprintf.o)
[...]
Memory Configuration

Name             Origin             Length             Attributes
FLASH            0x08000000         0x00080000         xr
FLASH2           0x08100000         0x00080000         xr
DTCMRAM          0x20000000         0x00020000         xrw
RAM_D1           0x24000000         0x00080000         xrw
RAM_D2           0x30000000         0x00048000         xrw
RAM_D3           0x38000000         0x00010000         xrw
ITCMRAM          0x00000000         0x00010000         xrw
*default*        0x00000000         0xffffffff

Linker script and memory map

LOAD /opt/stm32cubeide/plugins/com.st.stm32cube.ide.mcu.externaltools.gnu-tools-for-stm32.14.3.rel1.linux64_1.0.100.202602081740/tools/bin/../lib/gcc/arm-none-eabi/14.3.1/thumb/v7e-m+dp/hard/crti.o
LOAD /opt/stm32cubeide/plugins/com.st.stm32cube.ide.mcu.externaltools.gnu-tools-for-stm32.14.3.rel1.linux64_1.0.100.202602081740/tools/bin/../lib/gcc/arm-none-eabi/14.3.1/thumb/v7e-m+dp/hard/crtbegin.o
LOAD /opt/stm32cubeide/plugins/com.st.stm32cube.ide.mcu.externaltools.gnu-tools-for-stm32.14.3.rel1.linux64_1.0.100.202602081740/tools/bin/../lib/gcc/arm-none-eabi/14.3.1/../../../../arm-none-eabi/lib/thumb/v7e-m+dp/hard/crt0.o
LOAD ./Core/Src/main.o
LOAD ./Core/Src/stm32h7xx_hal_msp.o
LOAD ./Core/Src/stm32h7xx_it.o
LOAD ./Core/Src/syscalls.o
LOAD ./Core/Src/sysmem.o
LOAD ./Core/Src/system_stm32h7xx.o
LOAD ./Core/Startup/startup_stm32h743vgtx.o
LOAD ./Drivers/STM32H7xx_HAL_Driver/Src/stm32h7xx_hal.o
LOAD ./Drivers/STM32H7xx_HAL_Driver/Src/stm32h7xx_hal_cortex.o
LOAD ./Drivers/STM32H7xx_HAL_Driver/Src/stm32h7xx_hal_dma.o
LOAD ./Drivers/STM32H7xx_HAL_Driver/Src/stm32h7xx_hal_dma_ex.o
LOAD ./Drivers/STM32H7xx_HAL_Driver/Src/stm32h7xx_hal_exti.o
LOAD ./Drivers/STM32H7xx_HAL_Driver/Src/stm32h7xx_hal_flash.o
LOAD ./Drivers/STM32H7xx_HAL_Driver/Src/stm32h7xx_hal_flash_ex.o
LOAD ./Drivers/STM32H7xx_HAL_Driver/Src/stm32h7xx_hal_gpio.o
LOAD ./Drivers/STM32H7xx_HAL_Driver/Src/stm32h7xx_hal_hsem.o
LOAD ./Drivers/STM32H7xx_HAL_Driver/Src/stm32h7xx_hal_i2c.o
LOAD ./Drivers/STM32H7xx_HAL_Driver/Src/stm32h7xx_hal_i2c_ex.o
LOAD ./Drivers/STM32H7xx_HAL_Driver/Src/stm32h7xx_hal_mdma.o
LOAD ./Drivers/STM32H7xx_HAL_Driver/Src/stm32h7xx_hal_pwr.o
LOAD ./Drivers/STM32H7xx_HAL_Driver/Src/stm32h7xx_hal_pwr_ex.o
LOAD ./Drivers/STM32H7xx_HAL_Driver/Src/stm32h7xx_hal_rcc.o
LOAD ./Drivers/STM32H7xx_HAL_Driver/Src/stm32h7xx_hal_rcc_ex.o
LOAD ./Drivers/STM32H7xx_HAL_Driver/Src/stm32h7xx_hal_spi.o
LOAD ./Drivers/STM32H7xx_HAL_Driver/Src/stm32h7xx_hal_spi_ex.o
LOAD ./Drivers/STM32H7xx_HAL_Driver/Src/stm32h7xx_hal_tim.o
LOAD ./Drivers/STM32H7xx_HAL_Driver/Src/stm32h7xx_hal_tim_ex.o
LOAD ./Drivers/STM32H7xx_HAL_Driver/Src/stm32h7xx_hal_uart.o
LOAD ./Drivers/STM32H7xx_HAL_Driver/Src/stm32h7xx_hal_uart_ex.o
LOAD ./FATFS/App/fatfs.o
LOAD ./FATFS/Target/user_diskio.o
LOAD ./FATFS/Target/user_diskio_spi.o
LOAD ./Middlewares/ST/lsm6dso/lsm6dso32_device.o
LOAD ./Middlewares/ST/lsm6dso/lsm6dso32_reg.o
LOAD ./Middlewares/Third_Party/FatFs/src/diskio.o
LOAD ./Middlewares/Third_Party/FatFs/src/ff.o
LOAD ./Middlewares/Third_Party/FatFs/src/ff_gen_drv.o
LOAD ./Middlewares/Third_Party/FatFs/src/option/syscall.o
LOAD ./UserCode/DataLogger.o
LOAD ./UserCode/SD_Card.o
LOAD ./UserCode/Scheduler.o
LOAD ./UserCode/bme680_example.o
LOAD ./UserCode/bme680_spi.o
START GROUP
LOAD /opt/stm32cubeide/plugins/com.st.stm32cube.ide.mcu.externaltools.gnu-tools-for-stm32.14.3.rel1.linux64_1.0.100.202602081740/tools/bin/../lib/gcc/arm-none-eabi/14.3.1/../../../../arm-none-eabi/lib/thumb/v7e-m+dp/hard/libc_nano.a
LOAD /opt/stm32cubeide/plugins/com.st.stm32cube.ide.mcu.externaltools.gnu-tools-for-stm32.14.3.rel1.linux64_1.0.100.202602081740/tools/bin/../lib/gcc/arm-none-eabi/14.3.1/../../../../arm-none-eabi/lib/thumb/v7e-m+dp/hard/libm.a
END GROUP
START GROUP
LOAD /opt/stm32cubeide/plugins/com.st.stm32cube.ide.mcu.externaltools.gnu-tools-for-stm32.14.3.rel1.linux64_1.0.100.202602081740/tools/bin/../lib/gcc/arm-none-eabi/14.3.1/thumb/v7e-m+dp/hard/libgcc.a
LOAD /opt/stm32cubeide/plugins/com.st.stm32cube.ide.mcu.externaltools.gnu-tools-for-stm32.14.3.rel1.linux64_1.0.100.202602081740/tools/bin/../lib/gcc/arm-none-eabi/14.3.1/../../../../arm-none-eabi/lib/thumb/v7e-m+dp/hard/libc_nano.a
END GROUP
START GROUP
LOAD /opt/stm32cubeide/plugins/com.st.stm32cube.ide.mcu.externaltools.gnu-tools-for-stm32.14.3.rel1.linux64_1.0.100.202602081740/tools/bin/../lib/gcc/arm-none-eabi/14.3.1/thumb/v7e-m+dp/hard/libgcc.a
LOAD /opt/stm32cubeide/plugins/com.st.stm32cube.ide.mcu.externaltools.gnu-tools-for-stm32.14.3.rel1.linux64_1.0.100.202602081740/tools/bin/../lib/gcc/arm-none-eabi/14.3.1/../../../../arm-none-eabi/lib/thumb/v7e-m+dp/hard/libc_nano.a
LOAD /opt/stm32cubeide/plugins/com.st.stm32cube.ide.mcu.externaltools.gnu-tools-for-stm32.14.3.rel1.linux64_1.0.100.202602081740/tools/bin/../lib/gcc/arm-none-eabi/14.3.1/../../../../arm-none-eabi/lib/thumb/v7e-m+dp/hard/libnosys.a
END GROUP
START GROUP
LOAD /opt/stm32cubeide/plugins/com.st.stm32cube.ide.mcu.externaltools.gnu-tools-for-stm32.14.3.rel1.linux64_1.0.100.202602081740/tools/bin/../lib/gcc/arm-none-eabi/14.3.1/thumb/v7e-m+dp/hard/libgcc.a
LOAD /opt/stm32cubeide/plugins/com.st.stm32cube.ide.mcu.externaltools.gnu-tools-for-stm32.14.3.rel1.linux64_1.0.100.202602081740/tools/bin/../lib/gcc/arm-none-eabi/14.3.1/../../../../arm-none-eabi/lib/thumb/v7e-m+dp/hard/libc_nano.a
LOAD /opt/stm32cubeide/plugins/com.st.stm32cube.ide.mcu.externaltools.gnu-tools-for-stm32.14.3.rel1.linux64_1.0.100.202602081740/tools/bin/../lib/gcc/arm-none-eabi/14.3.1/../../../../arm-none-eabi/lib/thumb/v7e-m+dp/hard/libnosys.a
END GROUP
LOAD /opt/stm32cubeide/plugins/com.st.stm32cube.ide.mcu.externaltools.gnu-tools-for-stm32.14.3.rel1.linux64_1.0.100.202602081740/tools/bin/../lib/gcc/arm-none-eabi/14.3.1/thumb/v7e-m+dp/hard/crtend.o
LOAD /opt/stm32cubeide/plugins/com.st.stm32cube.ide.mcu.externaltools.gnu-tools-for-stm32.14.3.rel1.linux64_1.0.100.202602081740/tools/bin/../lib/gcc/arm-none-eabi/14.3.1/thumb/v7e-m+dp/hard/crtn.o
                0x24080000                        _estack = (ORIGIN (RAM_D1) + LENGTH (RAM_D1))
                0x00000400                        _Min_Heap_Size = 0x400
                0x00000800                        _Min_Stack_Size = 0x800

.isr_vector     0x08000000      0x298
                0x08000000                        . = ALIGN (0x4)
 *(.isr_vector)
 .isr_vector    0x08000000      0x298 ./Core/Startup/startup_stm32h743vgtx.o
                0x08000000                g_pfnVectors
                0x08000298                        . = ALIGN (0x4)

.text           0x080002a0     0xf110
                0x080002a0                        . = ALIGN (0x4)
 *(.text)
 .text          0x080002a0       0x40 /opt/stm32cubeide/plugins/com.st.stm32cube.ide.mcu.externaltools.gnu-tools-for-stm32.14.3.rel1.linux64_1.0.100.202602081740/tools/bin/../lib/gcc/arm-none-eabi/14.3.1/thumb/v7e-m+dp/hard/crtbegin.o
 .text          0x080002e0       0xa0 /opt/stm32cubeide/plugins/com.st.stm32cube.ide.mcu.externaltools.gnu-tools-for-stm32.14.3.rel1.linux64_1.0.100.202602081740/tools/bin/../lib/gcc/arm-none-eabi/14.3.1/../../../../arm-none-eabi/lib/thumb/v7e-m+dp/hard/libc_nano.a(libc_a-memchr.o)
                0x080002e0                memchr
 .text          0x08000380       0x10 /opt/stm32cubeide/plugins/com.st.stm32cube.ide.mcu.externaltools.gnu-tools-for-stm32.14.3.rel1.linux64_1.0.100.202602081740/tools/bin/../lib/gcc/arm-none-eabi/14.3.1/../../../../arm-none-eabi/lib/thumb/v7e-m+dp/hard/libc_nano.a(libc_a-strlen.o)
                0x08000380                strlen
 .text          0x08000390       0x30 /opt/stm32cubeide/plugins/com.st.stm32cube.ide.mcu.externaltools.gnu-tools-for-stm32.14.3.rel1.linux64_1.0.100.202602081740/tools/bin/../lib/gcc/arm-none-eabi/14.3.1/thumb/v7e-m+dp/hard/libgcc.a(_aeabi_uldivmod.o)
                0x08000390                __aeabi_uldivmod
 .text          0x080003c0      0x2f8 /opt/stm32cubeide/plugins/com.st.stm32cube.ide.mcu.externaltools.gnu-tools-for-stm32.14.3.rel1.linux64_1.0.100.202602081740/tools/bin/../lib/gcc/arm-none-eabi/14.3.1/thumb/v7e-m+dp/hard/libgcc.a(_udivmoddi4.o)
                0x080003c0                __udivmoddi4
 .text          0x080006b8        0x4 /opt/stm32cubeide/plugins/com.st.stm32cube.ide.mcu.externaltools.gnu-tools-for-stm32.14.3.rel1.linux64_1.0.100.202602081740/tools/bin/../lib/gcc/arm-none-eabi/14.3.1/thumb/v7e-m+dp/hard/libgcc.a(_dvmd_tls.o)
                0x080006b8                __aeabi_ldiv0
                0x080006b8                __aeabi_idiv0
 *(.text*)
 .text.myprintf
                0x080006bc       0x4c ./Core/Src/main.o
                0x080006bc                myprintf
 .text.main     0x08000708       0x78 ./Core/Src/main.o
                0x08000708                main
 .text.SystemClock_Config
                0x08000780       0xd4 ./Core/Src/main.o
                0x08000780                SystemClock_Config
 .text.PeriphCommonClock_Config
                0x08000854       0x3c ./Core/Src/main.o
                0x08000854                PeriphCommonClock_Config
 .text.MX_I2C4_Init
                0x08000890       0x80 ./Core/Src/main.o
 .text.MX_SPI1_Init
                0x08000910       0xac ./Core/Src/main.o
 .text.MX_SPI2_Init
                0x080009bc       0xac ./Core/Src/main.o
 .text.MX_SPI3_Init
                0x08000a68       0xac ./Core/Src/main.o
 .text.MX_USART3_UART_Init
                0x08000b14       0x98 ./Core/Src/main.o
 .text.MX_GPIO_Init
                0x08000bac      0x190 ./Core/Src/main.o
 .text.LED_Toggle
                0x08000d3c       0x14 ./Core/Src/main.o
 .text.MPU_Config
                0x08000d50       0x58 ./Core/Src/main.o
 .text.Error_Handler
                0x08000da8        0xc ./Core/Src/main.o
                0x08000da8                Error_Handler
 .text.HAL_MspInit
                0x08000db4       0x34 ./Core/Src/stm32h7xx_hal_msp.o
                0x08000db4                HAL_MspInit
 .text.HAL_I2C_MspInit
                0x08000de8       0xd4 ./Core/Src/stm32h7xx_hal_msp.o
                0x08000de8                HAL_I2C_MspInit
 .text.HAL_SPI_MspInit
                0x08000ebc      0x270 ./Core/Src/stm32h7xx_hal_msp.o
                0x08000ebc                HAL_SPI_MspInit
 .text.HAL_UART_MspInit
                0x0800112c       0xd4 ./Core/Src/stm32h7xx_hal_msp.o
                0x0800112c                HAL_UART_MspInit
 .text.NMI_Handler
                0x08001200        0x8 ./Core/Src/stm32h7xx_it.o
                0x08001200                NMI_Handler
 .text.HardFault_Handler
                0x08001208        0x8 ./Core/Src/stm32h7xx_it.o
                0x08001208                HardFault_Handler
 .text.MemManage_Handler
                0x08001210        0x8 ./Core/Src/stm32h7xx_it.o
                0x08001210                MemManage_Handler
 .text.BusFault_Handler
                0x08001218        0x8 ./Core/Src/stm32h7xx_it.o
                0x08001218                BusFault_Handler
 .text.UsageFault_Handler
                0x08001220        0x8 ./Core/Src/stm32h7xx_it.o
                0x08001220                UsageFault_Handler
 .text.SVC_Handler
                0x08001228        0xe ./Core/Src/stm32h7xx_it.o
                0x08001228                SVC_Handler
 .text.DebugMon_Handler
                0x08001236        0xe ./Core/Src/stm32h7xx_it.o
                0x08001236                DebugMon_Handler
 .text.PendSV_Handler
                0x08001244        0xe ./Core/Src/stm32h7xx_it.o
                0x08001244                PendSV_Handler
 .text.SysTick_Handler
                0x08001252        0xc ./Core/Src/stm32h7xx_it.o
                0x08001252                SysTick_Handler
 .text.EXTI9_5_IRQHandler
                0x0800125e       0x10 ./Core/Src/stm32h7xx_it.o
                0x0800125e                EXTI9_5_IRQHandler
 .text._getpid  0x0800126e       0x10 ./Core/Src/syscalls.o
                0x0800126e                _getpid
 .text._kill    0x0800127e       0x20 ./Core/Src/syscalls.o
                0x0800127e                _kill
 .text._exit    0x0800129e       0x16 ./Core/Src/syscalls.o
                0x0800129e                _exit
 .text._read    0x080012b4       0x3a ./Core/Src/syscalls.o
                0x080012b4                _read
 .text._write   0x080012ee       0x38 ./Core/Src/syscalls.o
                0x080012ee                _write
 .text._close   0x08001326       0x18 ./Core/Src/syscalls.o
                0x08001326                _close
 .text._fstat   0x0800133e       0x20 ./Core/Src/syscalls.o
                0x0800133e                _fstat
 .text._isatty  0x0800135e       0x16 ./Core/Src/syscalls.o
                0x0800135e                _isatty
 .text._lseek   0x08001374       0x1a ./Core/Src/syscalls.o
                0x08001374                _lseek
 *fill*         0x0800138e        0x2 
 .text._sbrk    0x08001390       0x6c ./Core/Src/sysmem.o
                0x08001390                _sbrk
 .text.SystemInit
                0x080013fc      0x140 ./Core/Src/system_stm32h7xx.o
                0x080013fc                SystemInit
 .text.ExitRun0Mode
                0x0800153c       0x18 ./Core/Src/system_stm32h7xx.o
                0x0800153c                ExitRun0Mode
 .text.Reset_Handler
                0x08001554       0x54 ./Core/Startup/startup_stm32h743vgtx.o
                0x08001554                Reset_Handler
 .text.Default_Handler
                0x080015a8        0x2 ./Core/Startup/startup_stm32h743vgtx.o
                0x080015a8                RTC_Alarm_IRQHandler
                0x080015a8                EXTI2_IRQHandler
                0x080015a8                TIM8_CC_IRQHandler
                0x080015a8                HRTIM1_Master_IRQHandler
                0x080015a8                UART8_IRQHandler
                0x080015a8                SPI4_IRQHandler
                0x080015a8                TIM1_CC_IRQHandler
                0x080015a8                BDMA_Channel6_IRQHandler
                0x080015a8                DMA2_Stream5_IRQHandler
                0x080015a8                HRTIM1_FLT_IRQHandler
                0x080015a8                JPEG_IRQHandler
                0x080015a8                DMA1_Stream5_IRQHandler
                0x080015a8                BDMA_Channel1_IRQHandler
                0x080015a8                HRTIM1_TIMD_IRQHandler
                0x080015a8                TAMP_STAMP_IRQHandler
                0x080015a8                EXTI3_IRQHandler
                0x080015a8                LPTIM4_IRQHandler
                0x080015a8                TIM8_TRG_COM_TIM14_IRQHandler
                0x080015a8                LPTIM2_IRQHandler
                0x080015a8                DFSDM1_FLT1_IRQHandler
                0x080015a8                DMAMUX2_OVR_IRQHandler
                0x080015a8                TIM8_UP_TIM13_IRQHandler
                0x080015a8                I2C3_ER_IRQHandler
                0x080015a8                DFSDM1_FLT2_IRQHandler
                0x080015a8                MDMA_IRQHandler
                0x080015a8                LPTIM3_IRQHandler
                0x080015a8                HSEM1_IRQHandler
                0x080015a8                EXTI0_IRQHandler
                0x080015a8                I2C2_EV_IRQHandler
                0x080015a8                DMA1_Stream2_IRQHandler
                0x080015a8                FPU_IRQHandler
                0x080015a8                OTG_HS_WKUP_IRQHandler
                0x080015a8                FDCAN1_IT1_IRQHandler
                0x080015a8                LTDC_ER_IRQHandler
                0x080015a8                DMA2_Stream2_IRQHandler
                0x080015a8                HRTIM1_TIME_IRQHandler
                0x080015a8                SPI1_IRQHandler
                0x080015a8                TIM6_DAC_IRQHandler
                0x080015a8                DCMI_IRQHandler
                0x080015a8                HRTIM1_TIMC_IRQHandler
                0x080015a8                DMA2_Stream3_IRQHandler
                0x080015a8                SAI2_IRQHandler
                0x080015a8                DFSDM1_FLT3_IRQHandler
                0x080015a8                USART6_IRQHandler
                0x080015a8                TIM17_IRQHandler
                0x080015a8                USART3_IRQHandler
                0x080015a8                BDMA_Channel7_IRQHandler
                0x080015a8                LPTIM5_IRQHandler
                0x080015a8                UART5_IRQHandler
                0x080015a8                ADC3_IRQHandler
                0x080015a8                DMA2_Stream0_IRQHandler
                0x080015a8                TIM4_IRQHandler
                0x080015a8                BDMA_Channel2_IRQHandler
                0x080015a8                QUADSPI_IRQHandler
                0x080015a8                I2C1_EV_IRQHandler
                0x080015a8                DMA1_Stream6_IRQHandler
                0x080015a8                DMAMUX1_OVR_IRQHandler
                0x080015a8                DMA1_Stream1_IRQHandler
                0x080015a8                TIM16_IRQHandler
                0x080015a8                UART4_IRQHandler
                0x080015a8                BDMA_Channel5_IRQHandler
                0x080015a8                TIM3_IRQHandler
                0x080015a8                RCC_IRQHandler
                0x080015a8                TIM8_BRK_TIM12_IRQHandler
                0x080015a8                TIM1_TRG_COM_IRQHandler
                0x080015a8                Default_Handler
                0x080015a8                ECC_IRQHandler
                0x080015a8                CEC_IRQHandler
                0x080015a8                EXTI15_10_IRQHandler
                0x080015a8                BDMA_Channel0_IRQHandler
                0x080015a8                ADC_IRQHandler
                0x080015a8                DMA1_Stream7_IRQHandler
                0x080015a8                HRTIM1_TIMA_IRQHandler
                0x080015a8                SPI5_IRQHandler
                0x080015a8                TIM7_IRQHandler
                0x080015a8                SDMMC1_IRQHandler
                0x080015a8                TIM5_IRQHandler
                0x080015a8                DMA2_Stream7_IRQHandler
                0x080015a8                TIM15_IRQHandler
                0x080015a8                PVD_AVD_IRQHandler
                0x080015a8                I2C3_EV_IRQHandler
                0x080015a8                RTC_WKUP_IRQHandler
                0x080015a8                LTDC_IRQHandler
                0x080015a8                SAI3_IRQHandler
                0x080015a8                ETH_WKUP_IRQHandler
                0x080015a8                SPDIF_RX_IRQHandler
                0x080015a8                SPI2_IRQHandler
                0x080015a8                OTG_HS_EP1_IN_IRQHandler
                0x080015a8                DMA1_Stream0_IRQHandler
                0x080015a8                CRS_IRQHandler
                0x080015a8                EXTI4_IRQHandler
                0x080015a8                RNG_IRQHandler
                0x080015a8                HRTIM1_TIMB_IRQHandler
                0x080015a8                FDCAN2_IT1_IRQHandler
                0x080015a8                ETH_IRQHandler
                0x080015a8                TIM1_UP_IRQHandler
                0x080015a8                BDMA_Channel4_IRQHandler
                0x080015a8                OTG_HS_EP1_OUT_IRQHandler
                0x080015a8                WWDG_IRQHandler
                0x080015a8                SPI6_IRQHandler
                0x080015a8                MDIOS_IRQHandler
                0x080015a8                I2C4_EV_IRQHandler
                0x080015a8                FDCAN2_IT0_IRQHandler
                0x080015a8                LPUART1_IRQHandler
                0x080015a8                FDCAN1_IT0_IRQHandler
                0x080015a8                TIM2_IRQHandler
                0x080015a8                OTG_FS_WKUP_IRQHandler
                0x080015a8                OTG_HS_IRQHandler
                0x080015a8                DMA2D_IRQHandler
                0x080015a8                TIM1_BRK_IRQHandler
                0x080015a8                EXTI1_IRQHandler
                0x080015a8                SDMMC2_IRQHandler
                0x080015a8                OTG_FS_EP1_OUT_IRQHandler
                0x080015a8                BDMA_Channel3_IRQHandler
                0x080015a8                UART7_IRQHandler
                0x080015a8                MDIOS_WKUP_IRQHandler
                0x080015a8                USART2_IRQHandler
                0x080015a8                DFSDM1_FLT0_IRQHandler
                0x080015a8                SAI4_IRQHandler
                0x080015a8                I2C2_ER_IRQHandler
                0x080015a8                DMA2_Stream1_IRQHandler
                0x080015a8                FLASH_IRQHandler
                0x080015a8                DMA2_Stream4_IRQHandler
                0x080015a8                USART1_IRQHandler
                0x080015a8                OTG_FS_IRQHandler
                0x080015a8                SPI3_IRQHandler
                0x080015a8                WAKEUP_PIN_IRQHandler
                0x080015a8                DMA1_Stream4_IRQHandler
                0x080015a8                OTG_FS_EP1_IN_IRQHandler
                0x080015a8                I2C1_ER_IRQHandler
                0x080015a8                FMC_IRQHandler
                0x080015a8                FDCAN_CAL_IRQHandler
                0x080015a8                SWPMI1_IRQHandler
                0x080015a8                COMP1_IRQHandler
                0x080015a8                LPTIM1_IRQHandler
                0x080015a8                I2C4_ER_IRQHandler
                0x080015a8                DMA2_Stream6_IRQHandler
                0x080015a8                SAI1_IRQHandler
                0x080015a8                DMA1_Stream3_IRQHandler
 *fill*         0x080015aa        0x2 
 .text.HAL_Init
                0x080015ac       0x78 ./Drivers/STM32H7xx_HAL_Driver/Src/stm32h7xx_hal.o
                0x080015ac                HAL_Init
 .text.HAL_InitTick
                0x08001624       0x6c ./Drivers/STM32H7xx_HAL_Driver/Src/stm32h7xx_hal.o
                0x08001624                HAL_InitTick
 .text.HAL_IncTick
                0x08001690       0x28 ./Drivers/STM32H7xx_HAL_Driver/Src/stm32h7xx_hal.o
                0x08001690                HAL_IncTick
 .text.HAL_GetTick
                0x080016b8       0x18 ./Drivers/STM32H7xx_HAL_Driver/Src/stm32h7xx_hal.o
                0x080016b8                HAL_GetTick
 .text.HAL_Delay
                0x080016d0       0x48 ./Drivers/STM32H7xx_HAL_Driver/Src/stm32h7xx_hal.o
                0x080016d0                HAL_Delay
 .text.HAL_GetREVID
                0x08001718       0x18 ./Drivers/STM32H7xx_HAL_Driver/Src/stm32h7xx_hal.o
                0x08001718                HAL_GetREVID
 .text.__NVIC_SetPriorityGrouping
                0x08001730       0x48 ./Drivers/STM32H7xx_HAL_Driver/Src/stm32h7xx_hal_cortex.o
 .text.__NVIC_GetPriorityGrouping
                0x08001778       0x1c ./Drivers/STM32H7xx_HAL_Driver/Src/stm32h7xx_hal_cortex.o
 .text.__NVIC_EnableIRQ
                0x08001794       0x3c ./Drivers/STM32H7xx_HAL_Driver/Src/stm32h7xx_hal_cortex.o
 .text.__NVIC_SetPriority
                0x080017d0       0x54 ./Drivers/STM32H7xx_HAL_Driver/Src/stm32h7xx_hal_cortex.o
 .text.NVIC_EncodePriority
                0x08001824       0x66 ./Drivers/STM32H7xx_HAL_Driver/Src/stm32h7xx_hal_cortex.o
 *fill*         0x0800188a        0x2 
 .text.SysTick_Config
                0x0800188c       0x44 ./Drivers/STM32H7xx_HAL_Driver/Src/stm32h7xx_hal_cortex.o
 .text.HAL_NVIC_SetPriorityGrouping
                0x080018d0       0x16 ./Drivers/STM32H7xx_HAL_Driver/Src/stm32h7xx_hal_cortex.o
                0x080018d0                HAL_NVIC_SetPriorityGrouping
 .text.HAL_NVIC_SetPriority
                0x080018e6       0x34 ./Drivers/STM32H7xx_HAL_Driver/Src/stm32h7xx_hal_cortex.o
                0x080018e6                HAL_NVIC_SetPriority
 .text.HAL_NVIC_EnableIRQ
                0x0800191a       0x1c ./Drivers/STM32H7xx_HAL_Driver/Src/stm32h7xx_hal_cortex.o
                0x0800191a                HAL_NVIC_EnableIRQ
 .text.HAL_SYSTICK_Config
                0x08001936       0x18 ./Drivers/STM32H7xx_HAL_Driver/Src/stm32h7xx_hal_cortex.o
                0x08001936                HAL_SYSTICK_Config
 *fill*         0x0800194e        0x2 
 .text.HAL_MPU_Disable
                0x08001950       0x30 ./Drivers/STM32H7xx_HAL_Driver/Src/stm32h7xx_hal_cortex.o
                0x08001950                HAL_MPU_Disable
 .text.HAL_MPU_Enable
                0x08001980       0x40 ./Drivers/STM32H7xx_HAL_Driver/Src/stm32h7xx_hal_cortex.o
                0x08001980                HAL_MPU_Enable
 .text.HAL_MPU_ConfigRegion
                0x080019c0       0x80 ./Drivers/STM32H7xx_HAL_Driver/Src/stm32h7xx_hal_cortex.o
                0x080019c0                HAL_MPU_ConfigRegion
 .text.HAL_GPIO_Init
                0x08001a40      0x374 ./Drivers/STM32H7xx_HAL_Driver/Src/stm32h7xx_hal_gpio.o
                0x08001a40                HAL_GPIO_Init
 .text.HAL_GPIO_ReadPin
                0x08001db4       0x30 ./Drivers/STM32H7xx_HAL_Driver/Src/stm32h7xx_hal_gpio.o
                0x08001db4                HAL_GPIO_ReadPin
 .text.HAL_GPIO_WritePin
                0x08001de4       0x32 ./Drivers/STM32H7xx_HAL_Driver/Src/stm32h7xx_hal_gpio.o
                0x08001de4                HAL_GPIO_WritePin
 .text.HAL_GPIO_TogglePin
                0x08001e16       0x34 ./Drivers/STM32H7xx_HAL_Driver/Src/stm32h7xx_hal_gpio.o
                0x08001e16                HAL_GPIO_TogglePin
 .text.HAL_GPIO_EXTI_IRQHandler
                0x08001e4a       0x34 ./Drivers/STM32H7xx_HAL_Driver/Src/stm32h7xx_hal_gpio.o
                0x08001e4a                HAL_GPIO_EXTI_IRQHandler
 *fill*         0x08001e7e        0x2 
 .text.HAL_I2C_Init
                0x08001e80      0x138 ./Drivers/STM32H7xx_HAL_Driver/Src/stm32h7xx_hal_i2c.o
                0x08001e80                HAL_I2C_Init
 .text.HAL_I2CEx_ConfigAnalogFilter
                0x08001fb8       0x96 ./Drivers/STM32H7xx_HAL_Driver/Src/stm32h7xx_hal_i2c_ex.o
                0x08001fb8                HAL_I2CEx_ConfigAnalogFilter
 .text.HAL_I2CEx_ConfigDigitalFilter
                0x0800204e       0x98 ./Drivers/STM32H7xx_HAL_Driver/Src/stm32h7xx_hal_i2c_ex.o
                0x0800204e                HAL_I2CEx_ConfigDigitalFilter
 *fill*         0x080020e6        0x2 
 .text.HAL_PWREx_ConfigSupply
                0x080020e8       0x74 ./Drivers/STM32H7xx_HAL_Driver/Src/stm32h7xx_hal_pwr_ex.o
                0x080020e8                HAL_PWREx_ConfigSupply
 .text.HAL_RCC_OscConfig
                0x0800215c      0x8b4 ./Drivers/STM32H7xx_HAL_Driver/Src/stm32h7xx_hal_rcc.o
                0x0800215c                HAL_RCC_OscConfig
 .text.HAL_RCC_ClockConfig
                0x08002a10      0x36c ./Drivers/STM32H7xx_HAL_Driver/Src/stm32h7xx_hal_rcc.o
                0x08002a10                HAL_RCC_ClockConfig
 .text.HAL_RCC_GetSysClockFreq
                0x08002d7c      0x2f4 ./Drivers/STM32H7xx_HAL_Driver/Src/stm32h7xx_hal_rcc.o
                0x08002d7c                HAL_RCC_GetSysClockFreq
 .text.HAL_RCC_GetHCLKFreq
                0x08003070       0x60 ./Drivers/STM32H7xx_HAL_Driver/Src/stm32h7xx_hal_rcc.o
                0x08003070                HAL_RCC_GetHCLKFreq
 .text.HAL_RCC_GetPCLK1Freq
                0x080030d0       0x2c ./Drivers/STM32H7xx_HAL_Driver/Src/stm32h7xx_hal_rcc.o
                0x080030d0                HAL_RCC_GetPCLK1Freq
 .text.HAL_RCC_GetPCLK2Freq
                0x080030fc       0x2c ./Drivers/STM32H7xx_HAL_Driver/Src/stm32h7xx_hal_rcc.o
                0x080030fc                HAL_RCC_GetPCLK2Freq
 .text.HAL_RCCEx_PeriphCLKConfig
                0x08003128     0x1414 ./Drivers/STM32H7xx_HAL_Driver/Src/stm32h7xx_hal_rcc_ex.o
                0x08003128                HAL_RCCEx_PeriphCLKConfig
 .text.HAL_RCCEx_GetD3PCLK1Freq
                0x0800453c       0x2c ./Drivers/STM32H7xx_HAL_Driver/Src/stm32h7xx_hal_rcc_ex.o
                0x0800453c                HAL_RCCEx_GetD3PCLK1Freq
 .text.HAL_RCCEx_GetPLL2ClockFreq
                0x08004568      0x2a8 ./Drivers/STM32H7xx_HAL_Driver/Src/stm32h7xx_hal_rcc_ex.o
                0x08004568                HAL_RCCEx_GetPLL2ClockFreq
 .text.HAL_RCCEx_GetPLL3ClockFreq
                0x08004810      0x2a8 ./Drivers/STM32H7xx_HAL_Driver/Src/stm32h7xx_hal_rcc_ex.o
                0x08004810                HAL_RCCEx_GetPLL3ClockFreq
 .text.RCCEx_PLL2_Config
                0x08004ab8      0x164 ./Drivers/STM32H7xx_HAL_Driver/Src/stm32h7xx_hal_rcc_ex.o
 .text.RCCEx_PLL3_Config
                0x08004c1c      0x164 ./Drivers/STM32H7xx_HAL_Driver/Src/stm32h7xx_hal_rcc_ex.o
 .text.HAL_SPI_Init
                0x08004d80      0x248 ./Drivers/STM32H7xx_HAL_Driver/Src/stm32h7xx_hal_spi.o
                0x08004d80                HAL_SPI_Init
 .text.HAL_SPI_Transmit
                0x08004fc8      0x3dc ./Drivers/STM32H7xx_HAL_Driver/Src/stm32h7xx_hal_spi.o
                0x08004fc8                HAL_SPI_Transmit
 .text.HAL_SPI_Receive
                0x080053a4      0x56c ./Drivers/STM32H7xx_HAL_Driver/Src/stm32h7xx_hal_spi.o
                0x080053a4                HAL_SPI_Receive
 .text.HAL_SPI_TransmitReceive
                0x08005910      0x674 ./Drivers/STM32H7xx_HAL_Driver/Src/stm32h7xx_hal_spi.o
                0x08005910                HAL_SPI_TransmitReceive
 .text.SPI_CloseTransfer
                0x08005f84      0x140 ./Drivers/STM32H7xx_HAL_Driver/Src/stm32h7xx_hal_spi.o
 .text.SPI_WaitOnFlagUntilTimeout
                0x080060c4       0x5c ./Drivers/STM32H7xx_HAL_Driver/Src/stm32h7xx_hal_spi.o
 .text.SPI_GetPacketSize
                0x08006120       0x36 ./Drivers/STM32H7xx_HAL_Driver/Src/stm32h7xx_hal_spi.o
 .text.HAL_UART_Init
                0x08006156       0xa0 ./Drivers/STM32H7xx_HAL_Driver/Src/stm32h7xx_hal_uart.o
                0x08006156                HAL_UART_Init
 .text.HAL_UART_Transmit
                0x080061f6      0x132 ./Drivers/STM32H7xx_HAL_Driver/Src/stm32h7xx_hal_uart.o
                0x080061f6                HAL_UART_Transmit
 .text.UART_SetConfig
                0x08006328      0xad0 ./Drivers/STM32H7xx_HAL_Driver/Src/stm32h7xx_hal_uart.o
                0x08006328                UART_SetConfig
 .text.UART_AdvFeatureConfig
                0x08006df8      0x144 ./Drivers/STM32H7xx_HAL_Driver/Src/stm32h7xx_hal_uart.o
                0x08006df8                UART_AdvFeatureConfig
 .text.UART_CheckIdleState
                0x08006f3c      0x154 ./Drivers/STM32H7xx_HAL_Driver/Src/stm32h7xx_hal_uart.o
                0x08006f3c                UART_CheckIdleState
 .text.UART_WaitOnFlagUntilTimeout
                0x08007090       0xda ./Drivers/STM32H7xx_HAL_Driver/Src/stm32h7xx_hal_uart.o
                0x08007090                UART_WaitOnFlagUntilTimeout
 *fill*         0x0800716a        0x2 
 .text.UART_EndRxTransfer
                0x0800716c       0xcc ./Drivers/STM32H7xx_HAL_Driver/Src/stm32h7xx_hal_uart.o
 .text.HAL_UARTEx_DisableFifoMode
                0x08007238       0x72 ./Drivers/STM32H7xx_HAL_Driver/Src/stm32h7xx_hal_uart_ex.o
                0x08007238                HAL_UARTEx_DisableFifoMode
 .text.HAL_UARTEx_SetTxFifoThreshold
                0x080072aa       0x7c ./Drivers/STM32H7xx_HAL_Driver/Src/stm32h7xx_hal_uart_ex.o
                0x080072aa                HAL_UARTEx_SetTxFifoThreshold
 .text.HAL_UARTEx_SetRxFifoThreshold
                0x08007326       0x7c ./Drivers/STM32H7xx_HAL_Driver/Src/stm32h7xx_hal_uart_ex.o
                0x08007326                HAL_UARTEx_SetRxFifoThreshold
 *fill*         0x080073a2        0x2 
 .text.UARTEx_SetNbDataToProcess
                0x080073a4       0x9c ./Drivers/STM32H7xx_HAL_Driver/Src/stm32h7xx_hal_uart_ex.o
 .text.MX_FATFS_Init
                0x08007440       0x24 ./FATFS/App/fatfs.o
                0x08007440                MX_FATFS_Init
 .text.get_fattime
                0x08007464       0x10 ./FATFS/App/fatfs.o
                0x08007464                get_fattime
 .text.USER_initialize
                0x08007474       0x1c ./FATFS/Target/user_diskio.o
                0x08007474                USER_initialize
 .text.USER_status
                0x08007490       0x1c ./FATFS/Target/user_diskio.o
                0x08007490                USER_status
 .text.USER_read
                0x080074ac       0x26 ./FATFS/Target/user_diskio.o
                0x080074ac                USER_read
 .text.USER_write
                0x080074d2       0x26 ./FATFS/Target/user_diskio.o
                0x080074d2                USER_write
 .text.USER_ioctl
                0x080074f8       0x26 ./FATFS/Target/user_diskio.o
                0x080074f8                USER_ioctl
 *fill*         0x0800751e        0x2 
 .text.SPI_Timer_On
                0x08007520       0x28 ./FATFS/Target/user_diskio_spi.o
                0x08007520                SPI_Timer_On
 .text.SPI_Timer_Status
                0x08007548       0x2c ./FATFS/Target/user_diskio_spi.o
                0x08007548                SPI_Timer_Status
 .text.xchg_spi
                0x08007574       0x2c ./FATFS/Target/user_diskio_spi.o
 .text.rcvr_spi_multi
                0x080075a0       0x38 ./FATFS/Target/user_diskio_spi.o
 .text.xmit_spi_multi
                0x080075d8       0x28 ./FATFS/Target/user_diskio_spi.o
 .text.wait_ready
                0x08007600       0x46 ./FATFS/Target/user_diskio_spi.o
 *fill*         0x08007646        0x2 
 .text.despiselect
                0x08007648       0x20 ./FATFS/Target/user_diskio_spi.o
 .text.spiselect
                0x08007668       0x38 ./FATFS/Target/user_diskio_spi.o
 .text.rcvr_datablock
                0x080076a0       0x52 ./FATFS/Target/user_diskio_spi.o
 .text.xmit_datablock
                0x080076f2       0x64 ./FATFS/Target/user_diskio_spi.o
 .text.send_cmd
                0x08007756       0xde ./FATFS/Target/user_diskio_spi.o
 .text.USER_SPI_initialize
                0x08007834      0x1d4 ./FATFS/Target/user_diskio_spi.o
                0x08007834                USER_SPI_initialize
 .text.USER_SPI_status
                0x08007a08       0x2c ./FATFS/Target/user_diskio_spi.o
                0x08007a08                USER_SPI_status
 .text.USER_SPI_read
                0x08007a34       0xcc ./FATFS/Target/user_diskio_spi.o
                0x08007a34                USER_SPI_read
 .text.USER_SPI_write
                0x08007b00       0xf8 ./FATFS/Target/user_diskio_spi.o
                0x08007b00                USER_SPI_write
 .text.USER_SPI_ioctl
                0x08007bf8      0x2e0 ./FATFS/Target/user_diskio_spi.o
                0x08007bf8                USER_SPI_ioctl
 .text.lsm6_init
                0x08007ed8       0xe0 ./Middlewares/ST/lsm6dso/lsm6dso32_device.o
                0x08007ed8                lsm6_init
 .text.lsm6_readData
                0x08007fb8      0x1b4 ./Middlewares/ST/lsm6dso/lsm6dso32_device.o
                0x08007fb8                lsm6_readData
 .text.platform_write
                0x0800816c       0x54 ./Middlewares/ST/lsm6dso/lsm6dso32_device.o
 .text.platform_read
                0x080081c0       0x60 ./Middlewares/ST/lsm6dso/lsm6dso32_device.o
 .text.lsm6dso32_read_reg
                0x08008220       0x3c ./Middlewares/ST/lsm6dso/lsm6dso32_reg.o
                0x08008220                lsm6dso32_read_reg
 .text.lsm6dso32_write_reg
                0x0800825c       0x3c ./Middlewares/ST/lsm6dso/lsm6dso32_reg.o
                0x0800825c                lsm6dso32_write_reg
 .text.lsm6dso32_from_fs16_to_mg
                0x08008298       0x30 ./Middlewares/ST/lsm6dso/lsm6dso32_reg.o
                0x08008298                lsm6dso32_from_fs16_to_mg
 .text.lsm6dso32_from_fs2000_to_mdps
                0x080082c8       0x30 ./Middlewares/ST/lsm6dso/lsm6dso32_reg.o
                0x080082c8                lsm6dso32_from_fs2000_to_mdps
 .text.lsm6dso32_from_lsb_to_celsius
                0x080082f8       0x38 ./Middlewares/ST/lsm6dso/lsm6dso32_reg.o
                0x080082f8                lsm6dso32_from_lsb_to_celsius
 .text.lsm6dso32_xl_full_scale_set
                0x08008330       0x4c ./Middlewares/ST/lsm6dso/lsm6dso32_reg.o
                0x08008330                lsm6dso32_xl_full_scale_set
 .text.lsm6dso32_xl_data_rate_set
                0x0800837c       0xfc ./Middlewares/ST/lsm6dso/lsm6dso32_reg.o
                0x0800837c                lsm6dso32_xl_data_rate_set
 .text.lsm6dso32_gy_full_scale_set
                0x08008478       0x4c ./Middlewares/ST/lsm6dso/lsm6dso32_reg.o
                0x08008478                lsm6dso32_gy_full_scale_set
 .text.lsm6dso32_gy_data_rate_set
                0x080084c4       0xbe ./Middlewares/ST/lsm6dso/lsm6dso32_reg.o
                0x080084c4                lsm6dso32_gy_data_rate_set
 .text.lsm6dso32_block_data_update_set
                0x08008582       0x4c ./Middlewares/ST/lsm6dso/lsm6dso32_reg.o
                0x08008582                lsm6dso32_block_data_update_set
 .text.lsm6dso32_status_reg_get
                0x080085ce       0x22 ./Middlewares/ST/lsm6dso/lsm6dso32_reg.o
                0x080085ce                lsm6dso32_status_reg_get
 .text.lsm6dso32_temperature_raw_get
                0x080085f0       0x4e ./Middlewares/ST/lsm6dso/lsm6dso32_reg.o
                0x080085f0                lsm6dso32_temperature_raw_get
 .text.lsm6dso32_angular_rate_raw_get
                0x0800863e       0x9a ./Middlewares/ST/lsm6dso/lsm6dso32_reg.o
                0x0800863e                lsm6dso32_angular_rate_raw_get
 .text.lsm6dso32_acceleration_raw_get
                0x080086d8       0x9a ./Middlewares/ST/lsm6dso/lsm6dso32_reg.o
                0x080086d8                lsm6dso32_acceleration_raw_get
 .text.lsm6dso32_device_id_get
                0x08008772       0x22 ./Middlewares/ST/lsm6dso/lsm6dso32_reg.o
                0x08008772                lsm6dso32_device_id_get
 .text.lsm6dso32_reset_set
                0x08008794       0x4c ./Middlewares/ST/lsm6dso/lsm6dso32_reg.o
                0x08008794                lsm6dso32_reset_set
 .text.lsm6dso32_reset_get
                0x080087e0       0x3c ./Middlewares/ST/lsm6dso/lsm6dso32_reg.o
                0x080087e0                lsm6dso32_reset_get
 .text.lsm6dso32_i3c_disable_set
                0x0800881c       0x8c ./Middlewares/ST/lsm6dso/lsm6dso32_reg.o
                0x0800881c                lsm6dso32_i3c_disable_set
 .text.disk_status
                0x080088a8       0x34 ./Middlewares/Third_Party/FatFs/src/diskio.o
                0x080088a8                disk_status
 .text.disk_initialize
                0x080088dc       0x50 ./Middlewares/Third_Party/FatFs/src/diskio.o
                0x080088dc                disk_initialize
 .text.disk_read
                0x0800892c       0x40 ./Middlewares/Third_Party/FatFs/src/diskio.o
                0x0800892c                disk_read
 .text.disk_write
                0x0800896c       0x40 ./Middlewares/Third_Party/FatFs/src/diskio.o
                0x0800896c                disk_write
 .text.disk_ioctl
                0x080089ac       0x3c ./Middlewares/Third_Party/FatFs/src/diskio.o
                0x080089ac                disk_ioctl
 .text.ld_word  0x080089e8       0x32 ./Middlewares/Third_Party/FatFs/src/ff.o
 .text.ld_dword
                0x08008a1a       0x46 ./Middlewares/Third_Party/FatFs/src/ff.o
 .text.st_word  0x08008a60       0x36 ./Middlewares/Third_Party/FatFs/src/ff.o
 .text.st_dword
                0x08008a96       0x58 ./Middlewares/Third_Party/FatFs/src/ff.o
 .text.mem_cpy  0x08008aee       0x42 ./Middlewares/Third_Party/FatFs/src/ff.o
 .text.mem_set  0x08008b30       0x36 ./Middlewares/Third_Party/FatFs/src/ff.o
 .text.mem_cmp  0x08008b66       0x4e ./Middlewares/Third_Party/FatFs/src/ff.o
 .text.chk_chr  0x08008bb4       0x36 ./Middlewares/Third_Party/FatFs/src/ff.o
 *fill*         0x08008bea        0x2 
 .text.chk_lock
                0x08008bec       0xb8 ./Middlewares/Third_Party/FatFs/src/ff.o
 .text.enq_lock
                0x08008ca4       0x44 ./Middlewares/Third_Party/FatFs/src/ff.o
 .text.inc_lock
                0x08008ce8      0x11c ./Middlewares/Third_Party/FatFs/src/ff.o
 .text.dec_lock
                0x08008e04       0x78 ./Middlewares/Third_Party/FatFs/src/ff.o
 .text.clear_lock
                0x08008e7c       0x48 ./Middlewares/Third_Party/FatFs/src/ff.o
 .text.sync_window
                0x08008ec4       0x88 ./Middlewares/Third_Party/FatFs/src/ff.o
 .text.move_window
                0x08008f4c       0x5a ./Middlewares/Third_Party/FatFs/src/ff.o
 *fill*         0x08008fa6        0x2 
 .text.sync_fs  0x08008fa8       0xdc ./Middlewares/Third_Party/FatFs/src/ff.o
 .text.clust2sect
                0x08009084       0x3e ./Middlewares/Third_Party/FatFs/src/ff.o
 .text.get_fat  0x080090c2      0x14e ./Middlewares/Third_Party/FatFs/src/ff.o
 .text.put_fat  0x08009210      0x1d4 ./Middlewares/Third_Party/FatFs/src/ff.o
 .text.remove_chain
                0x080093e4       0xca ./Middlewares/Third_Party/FatFs/src/ff.o
 .text.create_chain
                0x080094ae      0x130 ./Middlewares/Third_Party/FatFs/src/ff.o
 .text.clmt_clust
                0x080095de       0x68 ./Middlewares/Third_Party/FatFs/src/ff.o
 .text.dir_sdi  0x08009646       0xf6 ./Middlewares/Third_Party/FatFs/src/ff.o
 .text.dir_next
                0x0800973c      0x18a ./Middlewares/Third_Party/FatFs/src/ff.o
 .text.dir_alloc
                0x080098c6       0x8e ./Middlewares/Third_Party/FatFs/src/ff.o
 .text.ld_clust
                0x08009954       0x3e ./Middlewares/Third_Party/FatFs/src/ff.o
 .text.st_clust
                0x08009992       0x40 ./Middlewares/Third_Party/FatFs/src/ff.o
 .text.dir_read
                0x080099d2       0xba ./Middlewares/Third_Party/FatFs/src/ff.o
 .text.dir_find
                0x08009a8c       0xaa ./Middlewares/Third_Party/FatFs/src/ff.o
 .text.dir_register
                0x08009b36       0x64 ./Middlewares/Third_Party/FatFs/src/ff.o
 .text.get_fileinfo
                0x08009b9a       0xc0 ./Middlewares/Third_Party/FatFs/src/ff.o
 *fill*         0x08009c5a        0x2 
 .text.create_name
                0x08009c5c      0x128 ./Middlewares/Third_Party/FatFs/src/ff.o
 .text.follow_path
                0x08009d84       0xe2 ./Middlewares/Third_Party/FatFs/src/ff.o
 .text.get_ldnumber
                0x08009e66       0x88 ./Middlewares/Third_Party/FatFs/src/ff.o
 *fill*         0x08009eee        0x2 
 .text.check_fs
                0x08009ef0       0xac ./Middlewares/Third_Party/FatFs/src/ff.o
 .text.find_volume
                0x08009f9c      0x498 ./Middlewares/Third_Party/FatFs/src/ff.o
 .text.validate
                0x0800a434       0x6a ./Middlewares/Third_Party/FatFs/src/ff.o
 *fill*         0x0800a49e        0x2 
 .text.f_mount  0x0800a4a0       0x8c ./Middlewares/Third_Party/FatFs/src/ff.o
                0x0800a4a0                f_mount
 .text.f_open   0x0800a52c      0x374 ./Middlewares/Third_Party/FatFs/src/ff.o
                0x0800a52c                f_open
 .text.f_write  0x0800a8a0      0x2ea ./Middlewares/Third_Party/FatFs/src/ff.o
                0x0800a8a0                f_write
 .text.f_sync   0x0800ab8a       0xfc ./Middlewares/Third_Party/FatFs/src/ff.o
                0x0800ab8a                f_sync
 .text.f_close  0x0800ac86       0x54 ./Middlewares/Third_Party/FatFs/src/ff.o
                0x0800ac86                f_close
 .text.f_opendir
                0x0800acda       0xe6 ./Middlewares/Third_Party/FatFs/src/ff.o
                0x0800acda                f_opendir
 .text.f_closedir
                0x0800adc0       0x4c ./Middlewares/Third_Party/FatFs/src/ff.o
                0x0800adc0                f_closedir
 .text.f_readdir
                0x0800ae0c       0x7a ./Middlewares/Third_Party/FatFs/src/ff.o
                0x0800ae0c                f_readdir
 *fill*         0x0800ae86        0x2 
 .text.FATFS_LinkDriverEx
                0x0800ae88       0x98 ./Middlewares/Third_Party/FatFs/src/ff_gen_drv.o
                0x0800ae88                FATFS_LinkDriverEx
 .text.FATFS_LinkDriver
                0x0800af20       0x1e ./Middlewares/Third_Party/FatFs/src/ff_gen_drv.o
                0x0800af20                FATFS_LinkDriver
 *fill*         0x0800af3e        0x2 
 .text.findHighestLogNumber
                0x0800af40       0x94 ./UserCode/DataLogger.o
 .text.createLogFile
                0x0800afd4       0xec ./UserCode/DataLogger.o
 .text.writeCSVRow
                0x0800b0c0      0x1d4 ./UserCode/DataLogger.o
 .text.DataLogger_Init
                0x0800b294       0x50 ./UserCode/DataLogger.o
                0x0800b294                DataLogger_Init
 .text.DataLogger_StateMachine_Task
                0x0800b2e4      0x118 ./UserCode/DataLogger.o
                0x0800b2e4                DataLogger_StateMachine_Task
 .text.HAL_GPIO_EXTI_Callback
                0x0800b3fc       0x28 ./UserCode/SD_Card.o
                0x0800b3fc                HAL_GPIO_EXTI_Callback
 .text.cardIsPresent
                0x0800b424       0x24 ./UserCode/SD_Card.o
 .text.SD_Init  0x0800b448       0x50 ./UserCode/SD_Card.o
                0x0800b448                SD_Init
 .text.SD_StateMachine
                0x0800b498      0x16c ./UserCode/SD_Card.o
                0x0800b498                SD_StateMachine
 .text.SD_GetState
                0x0800b604       0x18 ./UserCode/SD_Card.o
                0x0800b604                SD_GetState
 .text.SD_FileOpen
                0x0800b61c       0x34 ./UserCode/SD_Card.o
                0x0800b61c                SD_FileOpen
 .text.SD_FileClose
                0x0800b650       0x28 ./UserCode/SD_Card.o
                0x0800b650                SD_FileClose
 .text.SD_FileWrite
                0x0800b678       0x48 ./UserCode/SD_Card.o
                0x0800b678                SD_FileWrite
 .text.SD_DirOpen
                0x0800b6c0       0x2c ./UserCode/SD_Card.o
                0x0800b6c0                SD_DirOpen
 .text.SD_DirRead
                0x0800b6ec       0x1c ./UserCode/SD_Card.o
                0x0800b6ec                SD_DirRead
 .text.SD_DirClose
                0x0800b708       0x18 ./UserCode/SD_Card.o
                0x0800b708                SD_DirClose
 .text.Scheduler_Init
                0x0800b720       0x24 ./UserCode/Scheduler.o
                0x0800b720                Scheduler_Init
 .text.Scheduler_RegisterTask
                0x0800b744       0xa4 ./UserCode/Scheduler.o
                0x0800b744                Scheduler_RegisterTask
 .text.Scheduler_Run
                0x0800b7e8      0x108 ./UserCode/Scheduler.o
                0x0800b7e8                Scheduler_Run
 .text.cs_low   0x0800b8f0       0x18 ./UserCode/bme680_spi.o
 .text.cs_high  0x0800b908       0x18 ./UserCode/bme680_spi.o
 .text.spi_read
                0x0800b920       0x48 ./UserCode/bme680_spi.o
 .text.spi_write
                0x0800b968       0x48 ./UserCode/bme680_spi.o
 .text.set_page
                0x0800b9b0       0x5c ./UserCode/bme680_spi.o
 .text.compensate_temperature
                0x0800ba0c       0xf0 ./UserCode/bme680_spi.o
 .text.compensate_pressure
                0x0800bafc      0x278 ./UserCode/bme680_spi.o
 .text.compensate_humidity
                0x0800bd74      0x198 ./UserCode/bme680_spi.o
 .text.compensate_gas_resistance
                0x0800bf0c       0x9c ./UserCode/bme680_spi.o
 .text.calc_res_heat
                0x0800bfa8      0x14c ./UserCode/bme680_spi.o
 .text.read_calibration
                0x0800c0f4      0x1ec ./UserCode/bme680_spi.o
 .text.bme680_init
                0x0800c2e0       0x9c ./UserCode/bme680_spi.o
                0x0800c2e0                bme680_init
 .text.bme680_setGasEnabled
                0x0800c37c       0x2c ./UserCode/bme680_spi.o
                0x0800c37c                bme680_setGasEnabled
 .text.bme680_triggerMeasurement
                0x0800c3a8       0x3c ./UserCode/bme680_spi.o
                0x0800c3a8                bme680_triggerMeasurement
 .text.bme680_stateMachine
                0x0800c3e4      0x234 ./UserCode/bme680_spi.o
                0x0800c3e4                bme680_stateMachine
 .text.bme680_isDataReady
                0x0800c618       0x20 ./UserCode/bme680_spi.o
                0x0800c618                bme680_isDataReady
 .text.bme680_getData
                0x0800c638       0x2c ./UserCode/bme680_spi.o
                0x0800c638                bme680_getData
 .text.atoi     0x0800c664        0x8 /opt/stm32cubeide/plugins/com.st.stm32cube.ide.mcu.externaltools.gnu-tools-for-stm32.14.3.rel1.linux64_1.0.100.202602081740/tools/bin/../lib/gcc/arm-none-eabi/14.3.1/../../../../arm-none-eabi/lib/thumb/v7e-m+dp/hard/libc_nano.a(libc_a-atoi.o)
                0x0800c664                atoi
 .text._strtol_l.isra.0
                0x0800c66c       0xf4 /opt/stm32cubeide/plugins/com.st.stm32cube.ide.mcu.externaltools.gnu-tools-for-stm32.14.3.rel1.linux64_1.0.100.202602081740/tools/bin/../lib/gcc/arm-none-eabi/14.3.1/../../../../arm-none-eabi/lib/thumb/v7e-m+dp/hard/libc_nano.a(libc_a-strtol.o)
 .text.strtol   0x0800c760       0x14 /opt/stm32cubeide/plugins/com.st.stm32cube.ide.mcu.externaltools.gnu-tools-for-stm32.14.3.rel1.linux64_1.0.100.202602081740/tools/bin/../lib/gcc/arm-none-eabi/14.3.1/../../../../arm-none-eabi/lib/thumb/v7e-m+dp/hard/libc_nano.a(libc_a-strtol.o)
                0x0800c760                strtol
 .text.__cvt    0x0800c774       0xa8 /opt/stm32cubeide/plugins/com.st.stm32cube.ide.mcu.externaltools.gnu-tools-for-stm32.14.3.rel1.linux64_1.0.100.202602081740/tools/bin/../lib/gcc/arm-none-eabi/14.3.1/../../../../arm-none-eabi/lib/thumb/v7e-m+dp/hard/libc_nano.a(libc_a-nano-vfprintf_float.o)
                0x0800c774                __cvt
 .text.__exponent
                0x0800c81c       0x74 /opt/stm32cubeide/plugins/com.st.stm32cube.ide.mcu.externaltools.gnu-tools-for-stm32.14.3.rel1.linux64_1.0.100.202602081740/tools/bin/../lib/gcc/arm-none-eabi/14.3.1/../../../../arm-none-eabi/lib/thumb/v7e-m+dp/hard/libc_nano.a(libc_a-nano-vfprintf_float.o)
                0x0800c81c                __exponent
 .text._printf_float
                0x0800c890      0x434 /opt/stm32cubeide/plugins/com.st.stm32cube.ide.mcu.externaltools.gnu-tools-for-stm32.14.3.rel1.linux64_1.0.100.202602081740/tools/bin/../lib/gcc/arm-none-eabi/14.3.1/../../../../arm-none-eabi/lib/thumb/v7e-m+dp/hard/libc_nano.a(libc_a-nano-vfprintf_float.o)
                0x0800c890                _printf_float
 .text._printf_common
                0x0800ccc4       0xda /opt/stm32cubeide/plugins/com.st.stm32cube.ide.mcu.externaltools.gnu-tools-for-stm32.14.3.rel1.linux64_1.0.100.202602081740/tools/bin/../lib/gcc/arm-none-eabi/14.3.1/../../../../arm-none-eabi/lib/thumb/v7e-m+dp/hard/libc_nano.a(libc_a-nano-vfprintf_i.o)
                0x0800ccc4                _printf_common
 *fill*         0x0800cd9e        0x2 
 .text._printf_i
                0x0800cda0      0x24c /opt/stm32cubeide/plugins/com.st.stm32cube.ide.mcu.externaltools.gnu-tools-for-stm32.14.3.rel1.linux64_1.0.100.202602081740/tools/bin/../lib/gcc/arm-none-eabi/14.3.1/../../../../arm-none-eabi/lib/thumb/v7e-m+dp/hard/libc_nano.a(libc_a-nano-vfprintf_i.o)
                0x0800cda0                _printf_i
 .text.std      0x0800cfec       0x6c /opt/stm32cubeide/plugins/com.st.stm32cube.ide.mcu.externaltools.gnu-tools-for-stm32.14.3.rel1.linux64_1.0.100.202602081740/tools/bin/../lib/gcc/arm-none-eabi/14.3.1/../../../../arm-none-eabi/lib/thumb/v7e-m+dp/hard/libc_nano.a(libc_a-findfp.o)
 .text.stdio_exit_handler
                0x0800d058       0x18 /opt/stm32cubeide/plugins/com.st.stm32cube.ide.mcu.externaltools.gnu-tools-for-stm32.14.3.rel1.linux64_1.0.100.202602081740/tools/bin/../lib/gcc/arm-none-eabi/14.3.1/../../../../arm-none-eabi/lib/thumb/v7e-m+dp/hard/libc_nano.a(libc_a-findfp.o)
 .text.cleanup_stdio
                0x0800d070       0x40 /opt/stm32cubeide/plugins/com.st.stm32cube.ide.mcu.externaltools.gnu-tools-for-stm32.14.3.rel1.linux64_1.0.100.202602081740/tools/bin/../lib/gcc/arm-none-eabi/14.3.1/../../../../arm-none-eabi/lib/thumb/v7e-m+dp/hard/libc_nano.a(libc_a-findfp.o)
 .text.global_stdio_init.part.0
                0x0800d0b0       0x40 /opt/stm32cubeide/plugins/com.st.stm32cube.ide.mcu.externaltools.gnu-tools-for-stm32.14.3.rel1.linux64_1.0.100.202602081740/tools/bin/../lib/gcc/arm-none-eabi/14.3.1/../../../../arm-none-eabi/lib/thumb/v7e-m+dp/hard/libc_nano.a(libc_a-findfp.o)
 .text.__sfp_lock_acquire
                0x0800d0f0        0xc /opt/stm32cubeide/plugins/com.st.stm32cube.ide.mcu.externaltools.gnu-tools-for-stm32.14.3.rel1.linux64_1.0.100.202602081740/tools/bin/../lib/gcc/arm-none-eabi/14.3.1/../../../../arm-none-eabi/lib/thumb/v7e-m+dp/hard/libc_nano.a(libc_a-findfp.o)
                0x0800d0f0                __sfp_lock_acquire
 .text.__sfp_lock_release
                0x0800d0fc        0xc /opt/stm32cubeide/plugins/com.st.stm32cube.ide.mcu.externaltools.gnu-tools-for-stm32.14.3.rel1.linux64_1.0.100.202602081740/tools/bin/../lib/gcc/arm-none-eabi/14.3.1/../../../../arm-none-eabi/lib/thumb/v7e-m+dp/hard/libc_nano.a(libc_a-findfp.o)
                0x0800d0fc                __sfp_lock_release
 .text.__sinit  0x0800d108       0x30 /opt/stm32cubeide/plugins/com.st.stm32cube.ide.mcu.externaltools.gnu-tools-for-stm32.14.3.rel1.linux64_1.0.100.202602081740/tools/bin/../lib/gcc/arm-none-eabi/14.3.1/../../../../arm-none-eabi/lib/thumb/v7e-m+dp/hard/libc_nano.a(libc_a-findfp.o)
                0x0800d108                __sinit
 .text._fwalk_sglue
                0x0800d138       0x3c /opt/stm32cubeide/plugins/com.st.stm32cube.ide.mcu.externaltools.gnu-tools-for-stm32.14.3.rel1.linux64_1.0.100.202602081740/tools/bin/../lib/gcc/arm-none-eabi/14.3.1/../../../../arm-none-eabi/lib/thumb/v7e-m+dp/hard/libc_nano.a(libc_a-fwalk.o)
                0x0800d138                _fwalk_sglue
 .text.snprintf
                0x0800d174       0x6c /opt/stm32cubeide/plugins/com.st.stm32cube.ide.mcu.externaltools.gnu-tools-for-stm32.14.3.rel1.linux64_1.0.100.202602081740/tools/bin/../lib/gcc/arm-none-eabi/14.3.1/../../../../arm-none-eabi/lib/thumb/v7e-m+dp/hard/libc_nano.a(libc_a-snprintf.o)
                0x0800d174                snprintf
                0x0800d174                sniprintf
 .text.__sread  0x0800d1e0       0x22 /opt/stm32cubeide/plugins/com.st.stm32cube.ide.mcu.externaltools.gnu-tools-for-stm32.14.3.rel1.linux64_1.0.100.202602081740/tools/bin/../lib/gcc/arm-none-eabi/14.3.1/../../../../arm-none-eabi/lib/thumb/v7e-m+dp/hard/libc_nano.a(libc_a-stdio.o)
                0x0800d1e0                __sread
 .text.__swrite
                0x0800d202       0x38 /opt/stm32cubeide/plugins/com.st.stm32cube.ide.mcu.externaltools.gnu-tools-for-stm32.14.3.rel1.linux64_1.0.100.202602081740/tools/bin/../lib/gcc/arm-none-eabi/14.3.1/../../../../arm-none-eabi/lib/thumb/v7e-m+dp/hard/libc_nano.a(libc_a-stdio.o)
                0x0800d202                __swrite
 .text.__sseek  0x0800d23a       0x26 /opt/stm32cubeide/plugins/com.st.stm32cube.ide.mcu.externaltools.gnu-tools-for-stm32.14.3.rel1.linux64_1.0.100.202602081740/tools/bin/../lib/gcc/arm-none-eabi/14.3.1/../../../../arm-none-eabi/lib/thumb/v7e-m+dp/hard/libc_nano.a(libc_a-stdio.o)
                0x0800d23a                __sseek
 .text.__sclose
                0x0800d260        0x8 /opt/stm32cubeide/plugins/com.st.stm32cube.ide.mcu.externaltools.gnu-tools-for-stm32.14.3.rel1.linux64_1.0.100.202602081740/tools/bin/../lib/gcc/arm-none-eabi/14.3.1/../../../../arm-none-eabi/lib/thumb/v7e-m+dp/hard/libc_nano.a(libc_a-stdio.o)
                0x0800d260                __sclose
 .text._vsnprintf_r
                0x0800d268       0x5c /opt/stm32cubeide/plugins/com.st.stm32cube.ide.mcu.externaltools.gnu-tools-for-stm32.14.3.rel1.linux64_1.0.100.202602081740/tools/bin/../lib/gcc/arm-none-eabi/14.3.1/../../../../arm-none-eabi/lib/thumb/v7e-m+dp/hard/libc_nano.a(libc_a-vsnprintf.o)
                0x0800d268                _vsnprintf_r
                0x0800d268                _vsniprintf_r
 .text.vsnprintf
                0x0800d2c4       0x1c /opt/stm32cubeide/plugins/com.st.stm32cube.ide.mcu.externaltools.gnu-tools-for-stm32.14.3.rel1.linux64_1.0.100.202602081740/tools/bin/../lib/gcc/arm-none-eabi/14.3.1/../../../../arm-none-eabi/lib/thumb/v7e-m+dp/hard/libc_nano.a(libc_a-vsnprintf.o)
                0x0800d2c4                vsnprintf
                0x0800d2c4                vsniprintf
 .text.memset   0x0800d2e0       0x10 /opt/stm32cubeide/plugins/com.st.stm32cube.ide.mcu.externaltools.gnu-tools-for-stm32.14.3.rel1.linux64_1.0.100.202602081740/tools/bin/../lib/gcc/arm-none-eabi/14.3.1/../../../../arm-none-eabi/lib/thumb/v7e-m+dp/hard/libc_nano.a(libc_a-memset.o)
                0x0800d2e0                memset
 .text.strncmp  0x0800d2f0       0x24 /opt/stm32cubeide/plugins/com.st.stm32cube.ide.mcu.externaltools.gnu-tools-for-stm32.14.3.rel1.linux64_1.0.100.202602081740/tools/bin/../lib/gcc/arm-none-eabi/14.3.1/../../../../arm-none-eabi/lib/thumb/v7e-m+dp/hard/libc_nano.a(libc_a-strncmp.o)
                0x0800d2f0                strncmp
 .text._localeconv_r
                0x0800d314        0x8 /opt/stm32cubeide/plugins/com.st.stm32cube.ide.mcu.externaltools.gnu-tools-for-stm32.14.3.rel1.linux64_1.0.100.202602081740/tools/bin/../lib/gcc/arm-none-eabi/14.3.1/../../../../arm-none-eabi/lib/thumb/v7e-m+dp/hard/libc_nano.a(libc_a-localeconv.o)
                0x0800d314                _localeconv_r
 .text._close_r
                0x0800d31c       0x20 /opt/stm32cubeide/plugins/com.st.stm32cube.ide.mcu.externaltools.gnu-tools-for-stm32.14.3.rel1.linux64_1.0.100.202602081740/tools/bin/../lib/gcc/arm-none-eabi/14.3.1/../../../../arm-none-eabi/lib/thumb/v7e-m+dp/hard/libc_nano.a(libc_a-closer.o)
                0x0800d31c                _close_r
 .text._lseek_r
                0x0800d33c       0x24 /opt/stm32cubeide/plugins/com.st.stm32cube.ide.mcu.externaltools.gnu-tools-for-stm32.14.3.rel1.linux64_1.0.100.202602081740/tools/bin/../lib/gcc/arm-none-eabi/14.3.1/../../../../arm-none-eabi/lib/thumb/v7e-m+dp/hard/libc_nano.a(libc_a-lseekr.o)
                0x0800d33c                _lseek_r
 .text._read_r  0x0800d360       0x24 /opt/stm32cubeide/plugins/com.st.stm32cube.ide.mcu.externaltools.gnu-tools-for-stm32.14.3.rel1.linux64_1.0.100.202602081740/tools/bin/../lib/gcc/arm-none-eabi/14.3.1/../../../../arm-none-eabi/lib/thumb/v7e-m+dp/hard/libc_nano.a(libc_a-readr.o)
                0x0800d360                _read_r
 .text._write_r
                0x0800d384       0x24 /opt/stm32cubeide/plugins/com.st.stm32cube.ide.mcu.externaltools.gnu-tools-for-stm32.14.3.rel1.linux64_1.0.100.202602081740/tools/bin/../lib/gcc/arm-none-eabi/14.3.1/../../../../arm-none-eabi/lib/thumb/v7e-m+dp/hard/libc_nano.a(libc_a-writer.o)
                0x0800d384                _write_r
 .text.__errno  0x0800d3a8        0xc /opt/stm32cubeide/plugins/com.st.stm32cube.ide.mcu.externaltools.gnu-tools-for-stm32.14.3.rel1.linux64_1.0.100.202602081740/tools/bin/../lib/gcc/arm-none-eabi/14.3.1/../../../../arm-none-eabi/lib/thumb/v7e-m+dp/hard/libc_nano.a(libc_a-errno.o)
                0x0800d3a8                __errno
 .text.__libc_init_array
                0x0800d3b4       0x48 /opt/stm32cubeide/plugins/com.st.stm32cube.ide.mcu.externaltools.gnu-tools-for-stm32.14.3.rel1.linux64_1.0.100.202602081740/tools/bin/../lib/gcc/arm-none-eabi/14.3.1/../../../../arm-none-eabi/lib/thumb/v7e-m+dp/hard/libc_nano.a(libc_a-init.o)
                0x0800d3b4                __libc_init_array
 .text.__retarget_lock_init_recursive
                0x0800d3fc        0x2 /opt/stm32cubeide/plugins/com.st.stm32cube.ide.mcu.externaltools.gnu-tools-for-stm32.14.3.rel1.linux64_1.0.100.202602081740/tools/bin/../lib/gcc/arm-none-eabi/14.3.1/../../../../arm-none-eabi/lib/thumb/v7e-m+dp/hard/libc_nano.a(libc_a-lock.o)
                0x0800d3fc                __retarget_lock_init_recursive
 .text.__retarget_lock_acquire_recursive
                0x0800d3fe        0x2 /opt/stm32cubeide/plugins/com.st.stm32cube.ide.mcu.externaltools.gnu-tools-for-stm32.14.3.rel1.linux64_1.0.100.202602081740/tools/bin/../lib/gcc/arm-none-eabi/14.3.1/../../../../arm-none-eabi/lib/thumb/v7e-m+dp/hard/libc_nano.a(libc_a-lock.o)
                0x0800d3fe                __retarget_lock_acquire_recursive
 .text.__retarget_lock_release_recursive
                0x0800d400        0x2 /opt/stm32cubeide/plugins/com.st.stm32cube.ide.mcu.externaltools.gnu-tools-for-stm32.14.3.rel1.linux64_1.0.100.202602081740/tools/bin/../lib/gcc/arm-none-eabi/14.3.1/../../../../arm-none-eabi/lib/thumb/v7e-m+dp/hard/libc_nano.a(libc_a-lock.o)
                0x0800d400                __retarget_lock_release_recursive
 .text.quorem   0x0800d402      0x110 /opt/stm32cubeide/plugins/com.st.stm32cube.ide.mcu.externaltools.gnu-tools-for-stm32.14.3.rel1.linux64_1.0.100.202602081740/tools/bin/../lib/gcc/arm-none-eabi/14.3.1/../../../../arm-none-eabi/lib/thumb/v7e-m+dp/hard/libc_nano.a(libc_a-dtoa.o)
 *fill*         0x0800d512        0x6 
 .text._dtoa_r  0x0800d518      0xa94 /opt/stm32cubeide/plugins/com.st.stm32cube.ide.mcu.externaltools.gnu-tools-for-stm32.14.3.rel1.linux64_1.0.100.202602081740/tools/bin/../lib/gcc/arm-none-eabi/14.3.1/../../../../arm-none-eabi/lib/thumb/v7e-m+dp/hard/libc_nano.a(libc_a-dtoa.o)
                0x0800d518                _dtoa_r
 .text._free_r  0x0800dfac       0x94 /opt/stm32cubeide/plugins/com.st.stm32cube.ide.mcu.externaltools.gnu-tools-for-stm32.14.3.rel1.linux64_1.0.100.202602081740/tools/bin/../lib/gcc/arm-none-eabi/14.3.1/../../../../arm-none-eabi/lib/thumb/v7e-m+dp/hard/libc_nano.a(libc_a-freer.o)
                0x0800dfac                _free_r
 .text.malloc   0x0800e040       0x10 /opt/stm32cubeide/plugins/com.st.stm32cube.ide.mcu.externaltools.gnu-tools-for-stm32.14.3.rel1.linux64_1.0.100.202602081740/tools/bin/../lib/gcc/arm-none-eabi/14.3.1/../../../../arm-none-eabi/lib/thumb/v7e-m+dp/hard/libc_nano.a(libc_a-malloc.o)
                0x0800e040                malloc
 .text.sbrk_aligned
                0x0800e050       0x44 /opt/stm32cubeide/plugins/com.st.stm32cube.ide.mcu.externaltools.gnu-tools-for-stm32.14.3.rel1.linux64_1.0.100.202602081740/tools/bin/../lib/gcc/arm-none-eabi/14.3.1/../../../../arm-none-eabi/lib/thumb/v7e-m+dp/hard/libc_nano.a(libc_a-mallocr.o)
 .text._malloc_r
                0x0800e094      0x100 /opt/stm32cubeide/plugins/com.st.stm32cube.ide.mcu.externaltools.gnu-tools-for-stm32.14.3.rel1.linux64_1.0.100.202602081740/tools/bin/../lib/gcc/arm-none-eabi/14.3.1/../../../../arm-none-eabi/lib/thumb/v7e-m+dp/hard/libc_nano.a(libc_a-mallocr.o)
                0x0800e094                _malloc_r
 .text.__malloc_lock
                0x0800e194        0xc /opt/stm32cubeide/plugins/com.st.stm32cube.ide.mcu.externaltools.gnu-tools-for-stm32.14.3.rel1.linux64_1.0.100.202602081740/tools/bin/../lib/gcc/arm-none-eabi/14.3.1/../../../../arm-none-eabi/lib/thumb/v7e-m+dp/hard/libc_nano.a(libc_a-mlock.o)
                0x0800e194                __malloc_lock
 .text.__malloc_unlock
                0x0800e1a0        0xc /opt/stm32cubeide/plugins/com.st.stm32cube.ide.mcu.externaltools.gnu-tools-for-stm32.14.3.rel1.linux64_1.0.100.202602081740/tools/bin/../lib/gcc/arm-none-eabi/14.3.1/../../../../arm-none-eabi/lib/thumb/v7e-m+dp/hard/libc_nano.a(libc_a-mlock.o)
                0x0800e1a0                __malloc_unlock
 .text._Balloc  0x0800e1ac       0x7c /opt/stm32cubeide/plugins/com.st.stm32cube.ide.mcu.externaltools.gnu-tools-for-stm32.14.3.rel1.linux64_1.0.100.202602081740/tools/bin/../lib/gcc/arm-none-eabi/14.3.1/../../../../arm-none-eabi/lib/thumb/v7e-m+dp/hard/libc_nano.a(libc_a-mprec.o)
                0x0800e1ac                _Balloc
 .text._Bfree   0x0800e228       0x44 /opt/stm32cubeide/plugins/com.st.stm32cube.ide.mcu.externaltools.gnu-tools-for-stm32.14.3.rel1.linux64_1.0.100.202602081740/tools/bin/../lib/gcc/arm-none-eabi/14.3.1/../../../../arm-none-eabi/lib/thumb/v7e-m+dp/hard/libc_nano.a(libc_a-mprec.o)
                0x0800e228                _Bfree
 .text.__multadd
                0x0800e26c       0x8c /opt/stm32cubeide/plugins/com.st.stm32cube.ide.mcu.externaltools.gnu-tools-for-stm32.14.3.rel1.linux64_1.0.100.202602081740/tools/bin/../lib/gcc/arm-none-eabi/14.3.1/../../../../arm-none-eabi/lib/thumb/v7e-m+dp/hard/libc_nano.a(libc_a-mprec.o)
                0x0800e26c                __multadd
 .text.__hi0bits
                0x0800e2f8       0x3e /opt/stm32cubeide/plugins/com.st.stm32cube.ide.mcu.externaltools.gnu-tools-for-stm32.14.3.rel1.linux64_1.0.100.202602081740/tools/bin/../lib/gcc/arm-none-eabi/14.3.1/../../../../arm-none-eabi/lib/thumb/v7e-m+dp/hard/libc_nano.a(libc_a-mprec.o)
                0x0800e2f8                __hi0bits
 .text.__lo0bits
                0x0800e336       0x5a /opt/stm32cubeide/plugins/com.st.stm32cube.ide.mcu.externaltools.gnu-tools-for-stm32.14.3.rel1.linux64_1.0.100.202602081740/tools/bin/../lib/gcc/arm-none-eabi/14.3.1/../../../../arm-none-eabi/lib/thumb/v7e-m+dp/hard/libc_nano.a(libc_a-mprec.o)
                0x0800e336                __lo0bits
 .text.__i2b    0x0800e390       0x2c /opt/stm32cubeide/plugins/com.st.stm32cube.ide.mcu.externaltools.gnu-tools-for-stm32.14.3.rel1.linux64_1.0.100.202602081740/tools/bin/../lib/gcc/arm-none-eabi/14.3.1/../../../../arm-none-eabi/lib/thumb/v7e-m+dp/hard/libc_nano.a(libc_a-mprec.o)
                0x0800e390                __i2b
 .text.__multiply
                0x0800e3bc      0x154 /opt/stm32cubeide/plugins/com.st.stm32cube.ide.mcu.externaltools.gnu-tools-for-stm32.14.3.rel1.linux64_1.0.100.202602081740/tools/bin/../lib/gcc/arm-none-eabi/14.3.1/../../../../arm-none-eabi/lib/thumb/v7e-m+dp/hard/libc_nano.a(libc_a-mprec.o)
                0x0800e3bc                __multiply
 .text.__pow5mult
                0x0800e510       0xb8 /opt/stm32cubeide/plugins/com.st.stm32cube.ide.mcu.externaltools.gnu-tools-for-stm32.14.3.rel1.linux64_1.0.100.202602081740/tools/bin/../lib/gcc/arm-none-eabi/14.3.1/../../../../arm-none-eabi/lib/thumb/v7e-m+dp/hard/libc_nano.a(libc_a-mprec.o)
                0x0800e510                __pow5mult
 .text.__lshift
                0x0800e5c8       0xdc /opt/stm32cubeide/plugins/com.st.stm32cube.ide.mcu.externaltools.gnu-tools-for-stm32.14.3.rel1.linux64_1.0.100.202602081740/tools/bin/../lib/gcc/arm-none-eabi/14.3.1/../../../../arm-none-eabi/lib/thumb/v7e-m+dp/hard/libc_nano.a(libc_a-mprec.o)
                0x0800e5c8                __lshift
 .text.__mcmp   0x0800e6a4       0x36 /opt/stm32cubeide/plugins/com.st.stm32cube.ide.mcu.externaltools.gnu-tools-for-stm32.14.3.rel1.linux64_1.0.100.202602081740/tools/bin/../lib/gcc/arm-none-eabi/14.3.1/../../../../arm-none-eabi/lib/thumb/v7e-m+dp/hard/libc_nano.a(libc_a-mprec.o)
                0x0800e6a4                __mcmp
 *fill*         0x0800e6da        0x2 
 .text.__mdiff  0x0800e6dc      0x130 /opt/stm32cubeide/plugins/com.st.stm32cube.ide.mcu.externaltools.gnu-tools-for-stm32.14.3.rel1.linux64_1.0.100.202602081740/tools/bin/../lib/gcc/arm-none-eabi/14.3.1/../../../../arm-none-eabi/lib/thumb/v7e-m+dp/hard/libc_nano.a(libc_a-mprec.o)
                0x0800e6dc                __mdiff
 .text.__d2b    0x0800e80c       0xb0 /opt/stm32cubeide/plugins/com.st.stm32cube.ide.mcu.externaltools.gnu-tools-for-stm32.14.3.rel1.linux64_1.0.100.202602081740/tools/bin/../lib/gcc/arm-none-eabi/14.3.1/../../../../arm-none-eabi/lib/thumb/v7e-m+dp/hard/libc_nano.a(libc_a-mprec.o)
                0x0800e80c                __d2b
 .text.__ssputs_r
                0x0800e8bc       0xc0 /opt/stm32cubeide/plugins/com.st.stm32cube.ide.mcu.externaltools.gnu-tools-for-stm32.14.3.rel1.linux64_1.0.100.202602081740/tools/bin/../lib/gcc/arm-none-eabi/14.3.1/../../../../arm-none-eabi/lib/thumb/v7e-m+dp/hard/libc_nano.a(libc_a-nano-svfprintf.o)
                0x0800e8bc                __ssputs_r
 .text._svfprintf_r
                0x0800e97c      0x1f0 /opt/stm32cubeide/plugins/com.st.stm32cube.ide.mcu.externaltools.gnu-tools-for-stm32.14.3.rel1.linux64_1.0.100.202602081740/tools/bin/../lib/gcc/arm-none-eabi/14.3.1/../../../../arm-none-eabi/lib/thumb/v7e-m+dp/hard/libc_nano.a(libc_a-nano-svfprintf.o)
                0x0800e97c                _svfprintf_r
                0x0800e97c                _svfiprintf_r
 .text.__sflush_r
                0x0800eb6c      0x104 /opt/stm32cubeide/plugins/com.st.stm32cube.ide.mcu.externaltools.gnu-tools-for-stm32.14.3.rel1.linux64_1.0.100.202602081740/tools/bin/../lib/gcc/arm-none-eabi/14.3.1/../../../../arm-none-eabi/lib/thumb/v7e-m+dp/hard/libc_nano.a(libc_a-fflush.o)
                0x0800eb6c                __sflush_r
 .text._fflush_r
                0x0800ec70       0x50 /opt/stm32cubeide/plugins/com.st.stm32cube.ide.mcu.externaltools.gnu-tools-for-stm32.14.3.rel1.linux64_1.0.100.202602081740/tools/bin/../lib/gcc/arm-none-eabi/14.3.1/../../../../arm-none-eabi/lib/thumb/v7e-m+dp/hard/libc_nano.a(libc_a-fflush.o)
                0x0800ec70                _fflush_r
 .text.memmove  0x0800ecc0       0x32 /opt/stm32cubeide/plugins/com.st.stm32cube.ide.mcu.externaltools.gnu-tools-for-stm32.14.3.rel1.linux64_1.0.100.202602081740/tools/bin/../lib/gcc/arm-none-eabi/14.3.1/../../../../arm-none-eabi/lib/thumb/v7e-m+dp/hard/libc_nano.a(libc_a-memmove.o)
                0x0800ecc0                memmove
 *fill*         0x0800ecf2        0x2 
 .text._sbrk_r  0x0800ecf4       0x20 /opt/stm32cubeide/plugins/com.st.stm32cube.ide.mcu.externaltools.gnu-tools-for-stm32.14.3.rel1.linux64_1.0.100.202602081740/tools/bin/../lib/gcc/arm-none-eabi/14.3.1/../../../../arm-none-eabi/lib/thumb/v7e-m+dp/hard/libc_nano.a(libc_a-sbrkr.o)
                0x0800ecf4                _sbrk_r
 .text.memcpy   0x0800ed14       0x1c /opt/stm32cubeide/plugins/com.st.stm32cube.ide.mcu.externaltools.gnu-tools-for-stm32.14.3.rel1.linux64_1.0.100.202602081740/tools/bin/../lib/gcc/arm-none-eabi/14.3.1/../../../../arm-none-eabi/lib/thumb/v7e-m+dp/hard/libc_nano.a(libc_a-memcpy-stub.o)
                0x0800ed14                memcpy
 .text.__assert_func
                0x0800ed30       0x3c /opt/stm32cubeide/plugins/com.st.stm32cube.ide.mcu.externaltools.gnu-tools-for-stm32.14.3.rel1.linux64_1.0.100.202602081740/tools/bin/../lib/gcc/arm-none-eabi/14.3.1/../../../../arm-none-eabi/lib/thumb/v7e-m+dp/hard/libc_nano.a(libc_a-assert.o)
                0x0800ed30                __assert_func
 .text._calloc_r
                0x0800ed6c       0x28 /opt/stm32cubeide/plugins/com.st.stm32cube.ide.mcu.externaltools.gnu-tools-for-stm32.14.3.rel1.linux64_1.0.100.202602081740/tools/bin/../lib/gcc/arm-none-eabi/14.3.1/../../../../arm-none-eabi/lib/thumb/v7e-m+dp/hard/libc_nano.a(libc_a-callocr.o)
                0x0800ed6c                _calloc_r
 .text.__ascii_mbtowc
                0x0800ed94       0x24 /opt/stm32cubeide/plugins/com.st.stm32cube.ide.mcu.externaltools.gnu-tools-for-stm32.14.3.rel1.linux64_1.0.100.202602081740/tools/bin/../lib/gcc/arm-none-eabi/14.3.1/../../../../arm-none-eabi/lib/thumb/v7e-m+dp/hard/libc_nano.a(libc_a-mbtowc_r.o)
                0x0800ed94                __ascii_mbtowc
 .text._realloc_r
                0x0800edb8       0x5c /opt/stm32cubeide/plugins/com.st.stm32cube.ide.mcu.externaltools.gnu-tools-for-stm32.14.3.rel1.linux64_1.0.100.202602081740/tools/bin/../lib/gcc/arm-none-eabi/14.3.1/../../../../arm-none-eabi/lib/thumb/v7e-m+dp/hard/libc_nano.a(libc_a-reallocr.o)
                0x0800edb8                _realloc_r
 .text.__ascii_wctomb
                0x0800ee14       0x1a /opt/stm32cubeide/plugins/com.st.stm32cube.ide.mcu.externaltools.gnu-tools-for-stm32.14.3.rel1.linux64_1.0.100.202602081740/tools/bin/../lib/gcc/arm-none-eabi/14.3.1/../../../../arm-none-eabi/lib/thumb/v7e-m+dp/hard/libc_nano.a(libc_a-wctomb_r.o)
                0x0800ee14                __ascii_wctomb
 *fill*         0x0800ee2e        0x2 
 .text.fprintf  0x0800ee30       0x24 /opt/stm32cubeide/plugins/com.st.stm32cube.ide.mcu.externaltools.gnu-tools-for-stm32.14.3.rel1.linux64_1.0.100.202602081740/tools/bin/../lib/gcc/arm-none-eabi/14.3.1/../../../../arm-none-eabi/lib/thumb/v7e-m+dp/hard/libc_nano.a(libc_a-fprintf.o)
                0x0800ee30                fprintf
                0x0800ee30                fiprintf
 .text.abort    0x0800ee54        0xe /opt/stm32cubeide/plugins/com.st.stm32cube.ide.mcu.externaltools.gnu-tools-for-stm32.14.3.rel1.linux64_1.0.100.202602081740/tools/bin/../lib/gcc/arm-none-eabi/14.3.1/../../../../arm-none-eabi/lib/thumb/v7e-m+dp/hard/libc_nano.a(libc_a-abort.o)
                0x0800ee54                abort
 .text._malloc_usable_size_r
                0x0800ee62       0x10 /opt/stm32cubeide/plugins/com.st.stm32cube.ide.mcu.externaltools.gnu-tools-for-stm32.14.3.rel1.linux64_1.0.100.202602081740/tools/bin/../lib/gcc/arm-none-eabi/14.3.1/../../../../arm-none-eabi/lib/thumb/v7e-m+dp/hard/libc_nano.a(libc_a-msizer.o)
                0x0800ee62                _malloc_usable_size_r
 .text.__sfputc_r
                0x0800ee72       0x2e /opt/stm32cubeide/plugins/com.st.stm32cube.ide.mcu.externaltools.gnu-tools-for-stm32.14.3.rel1.linux64_1.0.100.202602081740/tools/bin/../lib/gcc/arm-none-eabi/14.3.1/../../../../arm-none-eabi/lib/thumb/v7e-m+dp/hard/libc_nano.a(libc_a-nano-vfprintf.o)
 .text.__sfputs_r
                0x0800eea0       0x24 /opt/stm32cubeide/plugins/com.st.stm32cube.ide.mcu.externaltools.gnu-tools-for-stm32.14.3.rel1.linux64_1.0.100.202602081740/tools/bin/../lib/gcc/arm-none-eabi/14.3.1/../../../../arm-none-eabi/lib/thumb/v7e-m+dp/hard/libc_nano.a(libc_a-nano-vfprintf.o)
                0x0800eea0                __sfputs_r
 .text._vfprintf_r
                0x0800eec4      0x228 /opt/stm32cubeide/plugins/com.st.stm32cube.ide.mcu.externaltools.gnu-tools-for-stm32.14.3.rel1.linux64_1.0.100.202602081740/tools/bin/../lib/gcc/arm-none-eabi/14.3.1/../../../../arm-none-eabi/lib/thumb/v7e-m+dp/hard/libc_nano.a(libc_a-nano-vfprintf.o)
                0x0800eec4                _vfiprintf_r
                0x0800eec4                _vfprintf_r
 .text.__swbuf_r
                0x0800f0ec       0x7c /opt/stm32cubeide/plugins/com.st.stm32cube.ide.mcu.externaltools.gnu-tools-for-stm32.14.3.rel1.linux64_1.0.100.202602081740/tools/bin/../lib/gcc/arm-none-eabi/14.3.1/../../../../arm-none-eabi/lib/thumb/v7e-m+dp/hard/libc_nano.a(libc_a-wbuf.o)
                0x0800f0ec                __swbuf_r
 .text.__swsetup_r
                0x0800f168       0xa8 /opt/stm32cubeide/plugins/com.st.stm32cube.ide.mcu.externaltools.gnu-tools-for-stm32.14.3.rel1.linux64_1.0.100.202602081740/tools/bin/../lib/gcc/arm-none-eabi/14.3.1/../../../../arm-none-eabi/lib/thumb/v7e-m+dp/hard/libc_nano.a(libc_a-wsetup.o)
                0x0800f168                __swsetup_r
 .text._raise_r
                0x0800f210       0x50 /opt/stm32cubeide/plugins/com.st.stm32cube.ide.mcu.externaltools.gnu-tools-for-stm32.14.3.rel1.linux64_1.0.100.202602081740/tools/bin/../lib/gcc/arm-none-eabi/14.3.1/../../../../arm-none-eabi/lib/thumb/v7e-m+dp/hard/libc_nano.a(libc_a-signal.o)
                0x0800f210                _raise_r
 .text.raise    0x0800f260       0x10 /opt/stm32cubeide/plugins/com.st.stm32cube.ide.mcu.externaltools.gnu-tools-for-stm32.14.3.rel1.linux64_1.0.100.202602081740/tools/bin/../lib/gcc/arm-none-eabi/14.3.1/../../../../arm-none-eabi/lib/thumb/v7e-m+dp/hard/libc_nano.a(libc_a-signal.o)
                0x0800f260                raise
 .text._kill_r  0x0800f270       0x24 /opt/stm32cubeide/plugins/com.st.stm32cube.ide.mcu.externaltools.gnu-tools-for-stm32.14.3.rel1.linux64_1.0.100.202602081740/tools/bin/../lib/gcc/arm-none-eabi/14.3.1/../../../../arm-none-eabi/lib/thumb/v7e-m+dp/hard/libc_nano.a(libc_a-signalr.o)
                0x0800f270                _kill_r
 .text._getpid_r
                0x0800f294        0x4 /opt/stm32cubeide/plugins/com.st.stm32cube.ide.mcu.externaltools.gnu-tools-for-stm32.14.3.rel1.linux64_1.0.100.202602081740/tools/bin/../lib/gcc/arm-none-eabi/14.3.1/../../../../arm-none-eabi/lib/thumb/v7e-m+dp/hard/libc_nano.a(libc_a-signalr.o)
                0x0800f294                _getpid_r
 .text.__swhatbuf_r
                0x0800f298       0x48 /opt/stm32cubeide/plugins/com.st.stm32cube.ide.mcu.externaltools.gnu-tools-for-stm32.14.3.rel1.linux64_1.0.100.202602081740/tools/bin/../lib/gcc/arm-none-eabi/14.3.1/../../../../arm-none-eabi/lib/thumb/v7e-m+dp/hard/libc_nano.a(libc_a-makebuf.o)
                0x0800f298                __swhatbuf_r
 .text.__smakebuf_r
                0x0800f2e0       0x72 /opt/stm32cubeide/plugins/com.st.stm32cube.ide.mcu.externaltools.gnu-tools-for-stm32.14.3.rel1.linux64_1.0.100.202602081740/tools/bin/../lib/gcc/arm-none-eabi/14.3.1/../../../../arm-none-eabi/lib/thumb/v7e-m+dp/hard/libc_nano.a(libc_a-makebuf.o)
                0x0800f2e0                __smakebuf_r
 *fill*         0x0800f352        0x2 
 .text._fstat_r
                0x0800f354       0x24 /opt/stm32cubeide/plugins/com.st.stm32cube.ide.mcu.externaltools.gnu-tools-for-stm32.14.3.rel1.linux64_1.0.100.202602081740/tools/bin/../lib/gcc/arm-none-eabi/14.3.1/../../../../arm-none-eabi/lib/thumb/v7e-m+dp/hard/libc_nano.a(libc_a-fstatr.o)
                0x0800f354                _fstat_r
 .text._isatty_r
                0x0800f378       0x20 /opt/stm32cubeide/plugins/com.st.stm32cube.ide.mcu.externaltools.gnu-tools-for-stm32.14.3.rel1.linux64_1.0.100.202602081740/tools/bin/../lib/gcc/arm-none-eabi/14.3.1/../../../../arm-none-eabi/lib/thumb/v7e-m+dp/hard/libc_nano.a(libc_a-isattyr.o)
                0x0800f378                _isatty_r
 *(.glue_7)
 .glue_7        0x0800f398        0x0 linker stubs
 *(.glue_7t)
 .glue_7t       0x0800f398        0x0 linker stubs
 *(.eh_frame)
 .eh_frame      0x0800f398        0x0 /opt/stm32cubeide/plugins/com.st.stm32cube.ide.mcu.externaltools.gnu-tools-for-stm32.14.3.rel1.linux64_1.0.100.202602081740/tools/bin/../lib/gcc/arm-none-eabi/14.3.1/thumb/v7e-m+dp/hard/crtbegin.o
 *(.init)
 .init          0x0800f398        0x4 /opt/stm32cubeide/plugins/com.st.stm32cube.ide.mcu.externaltools.gnu-tools-for-stm32.14.3.rel1.linux64_1.0.100.202602081740/tools/bin/../lib/gcc/arm-none-eabi/14.3.1/thumb/v7e-m+dp/hard/crti.o
                0x0800f398                _init
 .init          0x0800f39c        0x8 /opt/stm32cubeide/plugins/com.st.stm32cube.ide.mcu.externaltools.gnu-tools-for-stm32.14.3.rel1.linux64_1.0.100.202602081740/tools/bin/../lib/gcc/arm-none-eabi/14.3.1/thumb/v7e-m+dp/hard/crtn.o
 *(.fini)
 .fini          0x0800f3a4        0x4 /opt/stm32cubeide/plugins/com.st.stm32cube.ide.mcu.externaltools.gnu-tools-for-stm32.14.3.rel1.linux64_1.0.100.202602081740/tools/bin/../lib/gcc/arm-none-eabi/14.3.1/thumb/v7e-m+dp/hard/crti.o
                0x0800f3a4                _fini
 .fini          0x0800f3a8        0x8 /opt/stm32cubeide/plugins/com.st.stm32cube.ide.mcu.externaltools.gnu-tools-for-stm32.14.3.rel1.linux64_1.0.100.202602081740/tools/bin/../lib/gcc/arm-none-eabi/14.3.1/thumb/v7e-m+dp/hard/crtn.o
                0x0800f3b0                        . = ALIGN (0x4)
                0x0800f3b0                        _etext = .

.vfp11_veneer   0x0800f3b0        0x0
 .vfp11_veneer  0x0800f3b0        0x0 linker stubs

.v4_bx          0x0800f3b0        0x0
 .v4_bx         0x0800f3b0        0x0 linker stubs

.iplt           0x0800f3b0        0x0
 .iplt          0x0800f3b0        0x0 /opt/stm32cubeide/plugins/com.st.stm32cube.ide.mcu.externaltools.gnu-tools-for-stm32.14.3.rel1.linux64_1.0.100.202602081740/tools/bin/../lib/gcc/arm-none-eabi/14.3.1/thumb/v7e-m+dp/hard/crtbegin.o

.rodata         0x0800f3b0      0x8a0
                0x0800f3b0                        . = ALIGN (0x4)
 *(.rodata)
 *(.rodata*)
 .rodata.D1CorePrescTable
                0x0800f3b0       0x10 ./Core/Src/system_stm32h7xx.o
                0x0800f3b0                D1CorePrescTable
 .rodata.UARTPrescTable
                0x0800f3c0       0x18 ./Drivers/STM32H7xx_HAL_Driver/Src/stm32h7xx_hal_uart.o
                0x0800f3c0                UARTPrescTable
 .rodata.numerator.1
                0x0800f3d8        0x8 ./Drivers/STM32H7xx_HAL_Driver/Src/stm32h7xx_hal_uart_ex.o
 .rodata.denominator.0
                0x0800f3e0        0x8 ./Drivers/STM32H7xx_HAL_Driver/Src/stm32h7xx_hal_uart_ex.o
 .rodata.lsm6_init.str1.4
                0x0800f3e8      0x33a ./Middlewares/ST/lsm6dso/lsm6dso32_device.o
                                 0x3b (size before relaxing)
 *fill*         0x0800f722        0x2 
 .rodata.ExCvt  0x0800f724       0x80 ./Middlewares/Third_Party/FatFs/src/ff.o
 .rodata.create_name.str1.4
                0x0800f7a4        0xf ./Middlewares/Third_Party/FatFs/src/ff.o
 .rodata.CSV_HEADER
                0x0800f7a4       0xbb ./UserCode/DataLogger.o
 .rodata.findHighestLogNumber.str1.4
                0x0800f85f        0x9 ./UserCode/DataLogger.o
 .rodata.createLogFile.str1.4
                0x0800f85f       0x64 ./UserCode/DataLogger.o
 .rodata.writeCSVRow.str1.4
                0x0800f85f       0xe5 ./UserCode/DataLogger.o
 .rodata.SD_Init.str1.4
                0x0800f85f       0x4a ./UserCode/SD_Card.o
 .rodata.SD_StateMachine.str1.4
                0x0800f85f       0xd4 ./UserCode/SD_Card.o
 .rodata.bme680_init.str1.4
                0x0800f85f       0x5a ./UserCode/bme680_spi.o
 .rodata.bme680_stateMachine.str1.4
                0x0800f85f       0x1e ./UserCode/bme680_spi.o
 *fill*         0x0800f85f        0x1 
 .rodata.lookup1.1
                0x0800f860       0x40 ./UserCode/bme680_spi.o
 .rodata.lookup2.0
                0x0800f8a0       0x40 ./UserCode/bme680_spi.o
 .rodata._ctype_
                0x0800f8e0      0x101 /opt/stm32cubeide/plugins/com.st.stm32cube.ide.mcu.externaltools.gnu-tools-for-stm32.14.3.rel1.linux64_1.0.100.202602081740/tools/bin/../lib/gcc/arm-none-eabi/14.3.1/../../../../arm-none-eabi/lib/thumb/v7e-m+dp/hard/libc_nano.a(libc_a-ctype_.o)
                0x0800f8e0                _ctype_
 .rodata._printf_float.str1.1
                0x0800f9e1      0x171 /opt/stm32cubeide/plugins/com.st.stm32cube.ide.mcu.externaltools.gnu-tools-for-stm32.14.3.rel1.linux64_1.0.100.202602081740/tools/bin/../lib/gcc/arm-none-eabi/14.3.1/../../../../arm-none-eabi/lib/thumb/v7e-m+dp/hard/libc_nano.a(libc_a-nano-vfprintf_float.o)
                                 0x12 (size before relaxing)
 .rodata._printf_i.str1.1
                0x0800fb52       0x22 /opt/stm32cubeide/plugins/com.st.stm32cube.ide.mcu.externaltools.gnu-tools-for-stm32.14.3.rel1.linux64_1.0.100.202602081740/tools/bin/../lib/gcc/arm-none-eabi/14.3.1/../../../../arm-none-eabi/lib/thumb/v7e-m+dp/hard/libc_nano.a(libc_a-nano-vfprintf_i.o)
 .rodata._dtoa_r.str1.1
                0x0800fb52       0x8f /opt/stm32cubeide/plugins/com.st.stm32cube.ide.mcu.externaltools.gnu-tools-for-stm32.14.3.rel1.linux64_1.0.100.202602081740/tools/bin/../lib/gcc/arm-none-eabi/14.3.1/../../../../arm-none-eabi/lib/thumb/v7e-m+dp/hard/libc_nano.a(libc_a-dtoa.o)
 .rodata._Balloc.str1.1
                0x0800fb52       0x70 /opt/stm32cubeide/plugins/com.st.stm32cube.ide.mcu.externaltools.gnu-tools-for-stm32.14.3.rel1.linux64_1.0.100.202602081740/tools/bin/../lib/gcc/arm-none-eabi/14.3.1/../../../../arm-none-eabi/lib/thumb/v7e-m+dp/hard/libc_nano.a(libc_a-mprec.o)
 .rodata.__multadd.str1.1
                0x0800fb52       0x11 /opt/stm32cubeide/plugins/com.st.stm32cube.ide.mcu.externaltools.gnu-tools-for-stm32.14.3.rel1.linux64_1.0.100.202602081740/tools/bin/../lib/gcc/arm-none-eabi/14.3.1/../../../../arm-none-eabi/lib/thumb/v7e-m+dp/hard/libc_nano.a(libc_a-mprec.o)
 *fill*         0x0800fb52        0x2 
 .rodata.p05.0  0x0800fb54        0xc /opt/stm32cubeide/plugins/com.st.stm32cube.ide.mcu.externaltools.gnu-tools-for-stm32.14.3.rel1.linux64_1.0.100.202602081740/tools/bin/../lib/gcc/arm-none-eabi/14.3.1/../../../../arm-none-eabi/lib/thumb/v7e-m+dp/hard/libc_nano.a(libc_a-mprec.o)
 .rodata.__mprec_bigtens
                0x0800fb60       0x28 /opt/stm32cubeide/plugins/com.st.stm32cube.ide.mcu.externaltools.gnu-tools-for-stm32.14.3.rel1.linux64_1.0.100.202602081740/tools/bin/../lib/gcc/arm-none-eabi/14.3.1/../../../../arm-none-eabi/lib/thumb/v7e-m+dp/hard/libc_nano.a(libc_a-mprec.o)
                0x0800fb60                __mprec_bigtens
 .rodata.__mprec_tens
                0x0800fb88       0xc8 /opt/stm32cubeide/plugins/com.st.stm32cube.ide.mcu.externaltools.gnu-tools-for-stm32.14.3.rel1.linux64_1.0.100.202602081740/tools/bin/../lib/gcc/arm-none-eabi/14.3.1/../../../../arm-none-eabi/lib/thumb/v7e-m+dp/hard/libc_nano.a(libc_a-mprec.o)
                0x0800fb88                __mprec_tens
 .rodata._svfprintf_r.str1.1
                0x0800fc50       0x11 /opt/stm32cubeide/plugins/com.st.stm32cube.ide.mcu.externaltools.gnu-tools-for-stm32.14.3.rel1.linux64_1.0.100.202602081740/tools/bin/../lib/gcc/arm-none-eabi/14.3.1/../../../../arm-none-eabi/lib/thumb/v7e-m+dp/hard/libc_nano.a(libc_a-nano-svfprintf.o)
 .rodata._setlocale_r.str1.1
                0x0800fc50        0x9 /opt/stm32cubeide/plugins/com.st.stm32cube.ide.mcu.externaltools.gnu-tools-for-stm32.14.3.rel1.linux64_1.0.100.202602081740/tools/bin/../lib/gcc/arm-none-eabi/14.3.1/../../../../arm-none-eabi/lib/thumb/v7e-m+dp/hard/libc_nano.a(libc_a-locale.o)
 .rodata.str1.1
                0x0800fc50        0x2 /opt/stm32cubeide/plugins/com.st.stm32cube.ide.mcu.externaltools.gnu-tools-for-stm32.14.3.rel1.linux64_1.0.100.202602081740/tools/bin/../lib/gcc/arm-none-eabi/14.3.1/../../../../arm-none-eabi/lib/thumb/v7e-m+dp/hard/libc_nano.a(libc_a-locale.o)
 .rodata.__assert_func.str1.1
                0x0800fc50       0x3d /opt/stm32cubeide/plugins/com.st.stm32cube.ide.mcu.externaltools.gnu-tools-for-stm32.14.3.rel1.linux64_1.0.100.202602081740/tools/bin/../lib/gcc/arm-none-eabi/14.3.1/../../../../arm-none-eabi/lib/thumb/v7e-m+dp/hard/libc_nano.a(libc_a-assert.o)
 .rodata._vfprintf_r.str1.1
                0x0800fc50       0x11 /opt/stm32cubeide/plugins/com.st.stm32cube.ide.mcu.externaltools.gnu-tools-for-stm32.14.3.rel1.linux64_1.0.100.202602081740/tools/bin/../lib/gcc/arm-none-eabi/14.3.1/../../../../arm-none-eabi/lib/thumb/v7e-m+dp/hard/libc_nano.a(libc_a-nano-vfprintf.o)
                0x0800fc90                        . = ALIGN (0x4)

.ARM.extab
 *(.ARM.extab* .gnu.linkonce.armextab.*)

.ARM            0x0800fc50        0x8
                0x0800fc50                        __exidx_start = .
 *(.ARM.exidx*)
 .ARM.exidx     0x0800fc50        0x8 /opt/stm32cubeide/plugins/com.st.stm32cube.ide.mcu.externaltools.gnu-tools-for-stm32.14.3.rel1.linux64_1.0.100.202602081740/tools/bin/../lib/gcc/arm-none-eabi/14.3.1/../../../../arm-none-eabi/lib/thumb/v7e-m+dp/hard/libc_nano.a(libc_a-memchr.o)
 .ARM.exidx     0x0800fc58        0x0 /opt/stm32cubeide/plugins/com.st.stm32cube.ide.mcu.externaltools.gnu-tools-for-stm32.14.3.rel1.linux64_1.0.100.202602081740/tools/bin/../lib/gcc/arm-none-eabi/14.3.1/../../../../arm-none-eabi/lib/thumb/v7e-m+dp/hard/libc_nano.a(libc_a-strlen.o)
                                  0x8 (size before relaxing)
 .ARM.exidx     0x0800fc58        0x0 /opt/stm32cubeide/plugins/com.st.stm32cube.ide.mcu.externaltools.gnu-tools-for-stm32.14.3.rel1.linux64_1.0.100.202602081740/tools/bin/../lib/gcc/arm-none-eabi/14.3.1/thumb/v7e-m+dp/hard/libgcc.a(_udivmoddi4.o)
                                  0x8 (size before relaxing)
                0x0800fc58                        __exidx_end = .

.preinit_array  0x0800fc58        0x0
                0x0800fc58                        PROVIDE (__preinit_array_start = .)
 *(.preinit_array*)
                0x0800fc58                        PROVIDE (__preinit_array_end = .)

.init_array     0x0800fc58        0x4
                0x0800fc58                        PROVIDE (__init_array_start = .)
 *(SORT_BY_NAME(.init_array.*))
 *(.init_array*)
 .init_array    0x0800fc58        0x4 /opt/stm32cubeide/plugins/com.st.stm32cube.ide.mcu.externaltools.gnu-tools-for-stm32.14.3.rel1.linux64_1.0.100.202602081740/tools/bin/../lib/gcc/arm-none-eabi/14.3.1/thumb/v7e-m+dp/hard/crtbegin.o
                0x0800fc5c                        PROVIDE (__init_array_end = .)

.fini_array     0x0800fc5c        0x4
                [!provide]                        PROVIDE (__fini_array_start = .)
 *(SORT_BY_NAME(.fini_array.*))
 *(.fini_array*)
 .fini_array    0x0800fc5c        0x4 /opt/stm32cubeide/plugins/com.st.stm32cube.ide.mcu.externaltools.gnu-tools-for-stm32.14.3.rel1.linux64_1.0.100.202602081740/tools/bin/../lib/gcc/arm-none-eabi/14.3.1/thumb/v7e-m+dp/hard/crtbegin.o
                [!provide]                        PROVIDE (__fini_array_end = .)
                0x0800fc60                        _sidata = LOADADDR (.data)

.rel.dyn        0x0800fc60        0x0
 .rel.iplt      0x0800fc60        0x0 /opt/stm32cubeide/plugins/com.st.stm32cube.ide.mcu.externaltools.gnu-tools-for-stm32.14.3.rel1.linux64_1.0.100.202602081740/tools/bin/../lib/gcc/arm-none-eabi/14.3.1/thumb/v7e-m+dp/hard/crtbegin.o

.data           0x24000000      0x1f4 load address 0x0800fc60
                0x24000000                        . = ALIGN (0x4)
                0x24000000                        _sdata = .
 *(.data)
 *(.data*)
 .data.SystemCoreClock
                0x24000000        0x4 ./Core/Src/system_stm32h7xx.o
                0x24000000                SystemCoreClock
 .data.SystemD2Clock
                0x24000004        0x4 ./Core/Src/system_stm32h7xx.o
                0x24000004                SystemD2Clock
 .data.uwTickPrio
                0x24000008        0x4 ./Drivers/STM32H7xx_HAL_Driver/Src/stm32h7xx_hal.o
                0x24000008                uwTickPrio
 .data.uwTickFreq
                0x2400000c        0x1 ./Drivers/STM32H7xx_HAL_Driver/Src/stm32h7xx_hal.o
                0x2400000c                uwTickFreq
 *fill*         0x2400000d        0x3 
 .data.USER_Driver
                0x24000010       0x14 ./FATFS/Target/user_diskio.o
                0x24000010                USER_Driver
 .data.Stat     0x24000024        0x1 ./FATFS/Target/user_diskio_spi.o
 .data.lastGasEnabledState
                0x24000025        0x1 ./UserCode/bme680_spi.o
 *fill*         0x24000026        0x2 
 .data.lastTempC
                0x24000028        0x4 ./UserCode/bme680_spi.o
 .data.__sglue  0x2400002c        0xc /opt/stm32cubeide/plugins/com.st.stm32cube.ide.mcu.externaltools.gnu-tools-for-stm32.14.3.rel1.linux64_1.0.100.202602081740/tools/bin/../lib/gcc/arm-none-eabi/14.3.1/../../../../arm-none-eabi/lib/thumb/v7e-m+dp/hard/libc_nano.a(libc_a-findfp.o)
                0x2400002c                __sglue
 .data._impure_ptr
                0x24000038        0x4 /opt/stm32cubeide/plugins/com.st.stm32cube.ide.mcu.externaltools.gnu-tools-for-stm32.14.3.rel1.linux64_1.0.100.202602081740/tools/bin/../lib/gcc/arm-none-eabi/14.3.1/../../../../arm-none-eabi/lib/thumb/v7e-m+dp/hard/libc_nano.a(libc_a-impure.o)
                0x24000038                _impure_ptr
 .data._impure_data
                0x2400003c       0x4c /opt/stm32cubeide/plugins/com.st.stm32cube.ide.mcu.externaltools.gnu-tools-for-stm32.14.3.rel1.linux64_1.0.100.202602081740/tools/bin/../lib/gcc/arm-none-eabi/14.3.1/../../../../arm-none-eabi/lib/thumb/v7e-m+dp/hard/libc_nano.a(libc_a-impure.o)
                0x2400003c                _impure_data
 .data.__global_locale
                0x24000088      0x16c /opt/stm32cubeide/plugins/com.st.stm32cube.ide.mcu.externaltools.gnu-tools-for-stm32.14.3.rel1.linux64_1.0.100.202602081740/tools/bin/../lib/gcc/arm-none-eabi/14.3.1/../../../../arm-none-eabi/lib/thumb/v7e-m+dp/hard/libc_nano.a(libc_a-locale.o)
                0x24000088                __global_locale
 *(.RamFunc)
 *(.RamFunc*)
                0x240001f4                        . = ALIGN (0x4)
                0x240001f4                        _edata = .

.igot.plt       0x240001f4        0x0 load address 0x0800fe54
 .igot.plt      0x240001f4        0x0 /opt/stm32cubeide/plugins/com.st.stm32cube.ide.mcu.externaltools.gnu-tools-for-stm32.14.3.rel1.linux64_1.0.100.202602081740/tools/bin/../lib/gcc/arm-none-eabi/14.3.1/thumb/v7e-m+dp/hard/crtbegin.o
                0x240001f4                        . = ALIGN (0x4)

.bss            0x240001f4      0xad0 load address 0x0800fe54
                0x240001f4                        _sbss = .
                0x240001f4                        __bss_start__ = _sbss
 *(.bss)
 .bss           0x240001f4       0x1c /opt/stm32cubeide/plugins/com.st.stm32cube.ide.mcu.externaltools.gnu-tools-for-stm32.14.3.rel1.linux64_1.0.100.202602081740/tools/bin/../lib/gcc/arm-none-eabi/14.3.1/thumb/v7e-m+dp/hard/crtbegin.o
 *(.bss*)
 .bss.hi2c4     0x24000210       0x54 ./Core/Src/main.o
                0x24000210                hi2c4
 .bss.hspi1     0x24000264       0x88 ./Core/Src/main.o
                0x24000264                hspi1
 .bss.hspi2     0x240002ec       0x88 ./Core/Src/main.o
                0x240002ec                hspi2
 .bss.hspi3     0x24000374       0x88 ./Core/Src/main.o
                0x24000374                hspi3
 .bss.huart3    0x240003fc       0x94 ./Core/Src/main.o
                0x240003fc                huart3
 .bss.buffer.0  0x24000490      0x100 ./Core/Src/main.o
 .bss.__sbrk_heap_end
                0x24000590        0x4 ./Core/Src/sysmem.o
 .bss.uwTick    0x24000594        0x4 ./Drivers/STM32H7xx_HAL_Driver/Src/stm32h7xx_hal.o
                0x24000594                uwTick
 .bss.retUSER   0x24000598        0x1 ./FATFS/App/fatfs.o
                0x24000598                retUSER
 *fill*         0x24000599        0x3 
 .bss.USERPath  0x2400059c        0x4 ./FATFS/App/fatfs.o
                0x2400059c                USERPath
 .bss.CardType  0x240005a0        0x1 ./FATFS/Target/user_diskio_spi.o
 *fill*         0x240005a1        0x3 
 .bss.spiTimerTickStart
                0x240005a4        0x4 ./FATFS/Target/user_diskio_spi.o
                0x240005a4                spiTimerTickStart
 .bss.spiTimerTickDelay
                0x240005a8        0x4 ./FATFS/Target/user_diskio_spi.o
                0x240005a8                spiTimerTickDelay
 .bss.data_raw_acceleration
                0x240005ac        0x6 ./Middlewares/ST/lsm6dso/lsm6dso32_device.o
 *fill*         0x240005b2        0x2 
 .bss.data_raw_angular_rate