Archive member included to satisfy reference by file (symbol)

/opt/stm32cubeide/plugins/com.st.stm32cube.ide.mcu.externaltools.gnu-tools-for-stm32.14.3.rel1.linux64_1.0.100.202602081740/tools/bin/../lib/gcc/arm-none-eabi/14.3.1/../../../../arm-none-eabi/lib/thumb/v7e-m+dp/hard/libc_nano.a(libc_a-atoi.o)
                              ./UserCode/DataLogger.o (atoi)
/opt/stm32cubeide/plugins/com.st.stm32cube.ide.mcu.externaltools.gnu-tools-for-stm32.14.3.rel1.linux64_1.0.100.202602081740/tools/bin/../lib/gcc/arm-none-eabi/14.3.1/../../../../arm-none-eabi/lib/thumb/v7e-m+dp/hard/libc_nano.a(libc_a-exit.o)
                              /opt/stm32cubeide/plugins/com.st.stm32cube.ide.mcu.externaltools.gnu-tools-for-stm32.14.3.rel1.linux64_1.0.100.202602081740/tools/bin/../lib/gcc/arm-none-eabi/14.3.1/../../../../arm-none-eabi/lib/thumb/v7e-m+dp/hard/crt0.o (exit)
/opt/stm32cubeide/plugins/com.st.stm32cube.ide.mcu.externaltools.gnu-tools-for-stm32.14.3.rel1.linux64_1.0.100.202602081740/tools/bin/../lib/gcc/arm-none-eabi/14.3.1/../../../../arm-none-eabi/lib/thumb/v7e-m+dp/hard/libc_nano.a(libc_a-strtol.o)
                              /opt/stm32cubeide/plugins/com.st.stm32cube.ide.mcu.externaltools.gnu-tools-for-stm32.14.3.rel1.linux64_1.0.100.202602081740/tools/bin/../lib/gcc/arm-none-eabi/14.3.1/../../../../arm-none-eabi/lib/thumb/v7e-m+dp/hard/libc_nano.a(libc_a-atoi.o) (_strtol_r)
/opt/stm32cubeide/plugins/com.st.stm32cube.ide.mcu.externaltools.gnu-tools-for-stm32.14.3.rel1.linux64_1.0.100.202602081740/tools/bin/../lib/gcc/arm-none-eabi/14.3.1/../../../../arm-none-eabi/lib/thumb/v7e-m+dp/hard/libc_nano.a(libc_a-ctype_.o)
                              /opt/stm32cubeide/plugins/com.st.stm32cube.ide.mcu.externaltools.gnu-tools-for-stm32.14.3.rel1.linux64_1.0.100.202602081740/tools/bin/../lib/gcc/arm-none-eabi/14.3.1/../../../../arm-none-eabi/lib/thumb/v7e-m+dp/hard/libc_nano.a(libc_a-strtol.o) (_ctype_)
/opt/stm32cubeide/plugins/com.st.stm32cube.ide.mcu.externaltools.gnu-tools-for-stm32.14.3.rel1.linux64_1.0.100.202602081740/tools/bin/../lib/gcc/arm-none-eabi/14.3.1/../../../../arm-none-eabi/lib/thumb/v7e-m+dp/hard/libc_nano.a(libc_a-nano-vfprintf_float.o)
                              (_printf_float)
/opt/stm32cubeide/plugins/com.st.stm32cube.ide.mcu.externaltools.gnu-tools-for-stm32.14.3.rel1.linux64_1.0.100.202602081740/tools/bin/../lib/gcc/arm-none-eabi/14.3.1/../../../../arm-none-eabi/lib/thumb/v7e-m+dp/hard/libc_nano.a(libc_a-nano-vfprintf_i.o)
                              /opt/stm32cubeide/plugins/com.st.stm32cube.ide.mcu.externaltools.gnu-tools-for-stm32.14.3.rel1.linux64_1.0.100.202602081740/tools/bin/../lib/gcc/arm-none-eabi/14.3.1/../../../../arm-none-eabi/lib/thumb/v7e-m+dp/hard/libc_nano.a(libc_a-nano-vfprintf_float.o) (_printf_common)
/opt/stm32cubeide/plugins/com.st.stm32cube.ide.mcu.externaltools.gnu-tools-for-stm32.14.3.rel1.linux64_1.0.100.202602081740/tools/bin/../lib/gcc/arm-none-eabi/14.3.1/../../../../arm-none-eabi/lib/thumb/v7e-m+dp/hard/libc_nano.a(libc_a-findfp.o)
                              /opt/stm32cubeide/plugins/com.st.stm32cube.ide.mcu.externaltools.gnu-tools-for-stm32.14.3.rel1.linux64_1.0.100.202602081740/tools/bin/../lib/gcc/arm-none-eabi/14.3.1/../../../../arm-none-eabi/lib/thumb/v7e-m+dp/hard/libc_nano.a(libc_a-exit.o) (__stdio_exit_handler)
/opt/stm32cubeide/plugins/com.st.stm32cube.ide.mcu.externaltools.gnu-tools-for-stm32.14.3.rel1.linux64_1.0.100.202602081740/tools/bin/../lib/gcc/arm-none-eabi/14.3.1/../../../../arm-none-eabi/lib/thumb/v7e-m+dp/hard/libc_nano.a(libc_a-fwalk.o)
                              /opt/stm32cubeide/plugins/com.st.stm32cube.ide.mcu.externaltools.gnu-tools-for-stm32.14.3.rel1.linux64_1.0.100.202602081740/tools/bin/../lib/gcc/arm-none-eabi/14.3.1/../../../../arm-none-eabi/lib/thumb/v7e-m+dp/hard/libc_nano.a(libc_a-findfp.o) (_fwalk_sglue)
/opt/stm32cubeide/plugins/com.st.stm32cube.ide.mcu.externaltools.gnu-tools-for-stm32.14.3.rel1.linux64_1.0.100.202602081740/tools/bin/../lib/gcc/arm-none-eabi/14.3.1/../../../../arm-none-eabi/lib/thumb/v7e-m+dp/hard/libc_nano.a(libc_a-snprintf.o)
                              ./UserCode/DataLogger.o (snprintf)
/opt/stm32cubeide/plugins/com.st.stm32cube.ide.mcu.externaltools.gnu-tools-for-stm32.14.3.rel1.linux64_1.0.100.202602081740/tools/bin/../lib/gcc/arm-none-eabi/14.3.1/../../../../arm-none-eabi/lib/thumb/v7e-m+dp/hard/libc_nano.a(libc_a-stdio.o)
                              /opt/stm32cubeide/plugins/com.st.stm32cube.ide.mcu.externaltools.gnu-tools-for-stm32.14.3.rel1.linux64_1.0.100.202602081740/tools/bin/../lib/gcc/arm-none-eabi/14.3.1/../../../../arm-none-eabi/lib/thumb/v7e-m+dp/hard/libc_nano.a(libc_a-findfp.o) (__sread)
/opt/stm32cubeide/plugins/com.st.stm32cube.ide.mcu.externaltools.gnu-tools-for-stm32.14.3.rel1.linux64_1.0.100.202602081740/tools/bin/../lib/gcc/arm-none-eabi/14.3.1/../../../../arm-none-eabi/lib/thumb/v7e-m+dp/hard/libc_nano.a(libc_a-vsnprintf.o)
[...]
Memory Configuration

Name             Origin             Length             Attributes
FLASH            0x08000000         0x00080000         xr
FLASH2           0x08100000         0x00080000         xr
DTCMRAM          0x20000000         0x00020000         xrw
RAM_D1           0x24000000         0x00080000         xrw
RAM_D2           0x30000000         0x00048000         xrw
RAM_D3           0x38000000         0x00010000         xrw
ITCMRAM          0x00000000         0x00010000         xrw
*default*        0x00000000         0xffffffff

Linker script and memory map

LOAD /opt/stm32cubeide/plugins/com.st.stm32cube.ide.mcu.externaltools.gnu-tools-for-stm32.14.3.rel1.linux64_1.0.100.202602081740/tools/bin/../lib/gcc/arm-none-eabi/14.3.1/thumb/v7e-m+dp/hard/crti.o
LOAD /opt/stm32cubeide/plugins/com.st.stm32cube.ide.mcu.externaltools.gnu-tools-for-stm32.14.3.rel1.linux64_1.0.100.202602081740/tools/bin/../lib/gcc/arm-none-eabi/14.3.1/thumb/v7e-m+dp/hard/crtbegin.o
LOAD /opt/stm32cubeide/plugins/com.st.stm32cube.ide.mcu.externaltools.gnu-tools-for-stm32.14.3.rel1.linux64_1.0.100.202602081740/tools/bin/../lib/gcc/arm-none-eabi/14.3.1/../../../../arm-none-eabi/lib/thumb/v7e-m+dp/hard/crt0.o
LOAD ./Core/Src/main.o
LOAD ./Core/Src/stm32h7xx_hal_msp.o
LOAD ./Core/Src/stm32h7xx_it.o
LOAD ./Core/Src/syscalls.o
LOAD ./Core/Src/sysmem.o
LOAD ./Core/Src/system_stm32h7xx.o
LOAD ./Core/Startup/startup_stm32h743vgtx.o
LOAD ./Drivers/STM32H7xx_HAL_Driver/Src/stm32h7xx_hal.o
LOAD ./Drivers/STM32H7xx_HAL_Driver/Src/stm32h7xx_hal_cortex.o
LOAD ./Drivers/STM32H7xx_HAL_Driver/Src/stm32h7xx_hal_dma.o
LOAD ./Drivers/STM32H7xx_HAL_Driver/Src/stm32h7xx_hal_dma_ex.o
LOAD ./Drivers/STM32H7xx_HAL_Driver/Src/stm32h7xx_hal_exti.o
LOAD ./Drivers/STM32H7xx_HAL_Driver/Src/stm32h7xx_hal_flash.o
LOAD ./Drivers/STM32H7xx_HAL_Driver/Src/stm32h7xx_hal_flash_ex.o
LOAD ./Drivers/STM32H7xx_HAL_Driver/Src/stm32h7xx_hal_gpio.o
LOAD ./Drivers/STM32H7xx_HAL_Driver/Src/stm32h7xx_hal_hsem.o
LOAD ./Drivers/STM32H7xx_HAL_Driver/Src/stm32h7xx_hal_i2c.o
LOAD ./Drivers/STM32H7xx_HAL_Driver/Src/stm32h7xx_hal_i2c_ex.o
LOAD ./Drivers/STM32H7xx_HAL_Driver/Src/stm32h7xx_hal_mdma.o
LOAD ./Drivers/STM32H7xx_HAL_Driver/Src/stm32h7xx_hal_pwr.o
LOAD ./Drivers/STM32H7xx_HAL_Driver/Src/stm32h7xx_hal_pwr_ex.o
LOAD ./Drivers/STM32H7xx_HAL_Driver/Src/stm32h7xx_hal_rcc.o
LOAD ./Drivers/STM32H7xx_HAL_Driver/Src/stm32h7xx_hal_rcc_ex.o
LOAD ./Drivers/STM32H7xx_HAL_Driver/Src/stm32h7xx_hal_spi.o
LOAD ./Drivers/STM32H7xx_HAL_Driver/Src/stm32h7xx_hal_spi_ex.o
LOAD ./Drivers/STM32H7xx_HAL_Driver/Src/stm32h7xx_hal_tim.o
LOAD ./Drivers/STM32H7xx_HAL_Driver/Src/stm32h7xx_hal_tim_ex.o
LOAD ./Drivers/STM32H7xx_HAL_Driver/Src/stm32h7xx_hal_uart.o
LOAD ./Drivers/STM32H7xx_HAL_Driver/Src/stm32h7xx_hal_uart_ex.o
LOAD ./FATFS/App/fatfs.o
LOAD ./FATFS/Target/user_diskio.o
LOAD ./FATFS/Target/user_diskio_spi.o
LOAD ./Middlewares/ST/lsm6dso/lsm6dso32_device.o
LOAD ./Middlewares/ST/lsm6dso/lsm6dso32_reg.o
LOAD ./Middlewares/Third_Party/BOSCH_BME/bme68x.o
LOAD ./Middlewares/Third_Party/FatFs/src/diskio.o
LOAD ./Middlewares/Third_Party/FatFs/src/ff.o
LOAD ./Middlewares/Third_Party/FatFs/src/ff_gen_drv.o
LOAD ./Middlewares/Third_Party/FatFs/src/option/syscall.o
LOAD ./UserCode/DataLogger.o
LOAD ./UserCode/SD_Card.o
LOAD ./UserCode/Scheduler.o
LOAD ./UserCode/bme680_device.o
START GROUP
LOAD /opt/stm32cubeide/plugins/com.st.stm32cube.ide.mcu.externaltools.gnu-tools-for-stm32.14.3.rel1.linux64_1.0.100.202602081740/tools/bin/../lib/gcc/arm-none-eabi/14.3.1/../../../../arm-none-eabi/lib/thumb/v7e-m+dp/hard/libc_nano.a
LOAD /opt/stm32cubeide/plugins/com.st.stm32cube.ide.mcu.externaltools.gnu-tools-for-stm32.14.3.rel1.linux64_1.0.100.202602081740/tools/bin/../lib/gcc/arm-none-eabi/14.3.1/../../../../arm-none-eabi/lib/thumb/v7e-m+dp/hard/libm.a
END GROUP
START GROUP
LOAD /opt/stm32cubeide/plugins/com.st.stm32cube.ide.mcu.externaltools.gnu-tools-for-stm32.14.3.rel1.linux64_1.0.100.202602081740/tools/bin/../lib/gcc/arm-none-eabi/14.3.1/thumb/v7e-m+dp/hard/libgcc.a
LOAD /opt/stm32cubeide/plugins/com.st.stm32cube.ide.mcu.externaltools.gnu-tools-for-stm32.14.3.rel1.linux64_1.0.100.202602081740/tools/bin/../lib/gcc/arm-none-eabi/14.3.1/../../../../arm-none-eabi/lib/thumb/v7e-m+dp/hard/libc_nano.a
END GROUP
START GROUP
LOAD /opt/stm32cubeide/plugins/com.st.stm32cube.ide.mcu.externaltools.gnu-tools-for-stm32.14.3.rel1.linux64_1.0.100.202602081740/tools/bin/../lib/gcc/arm-none-eabi/14.3.1/thumb/v7e-m+dp/hard/libgcc.a
LOAD /opt/stm32cubeide/plugins/com.st.stm32cube.ide.mcu.externaltools.gnu-tools-for-stm32.14.3.rel1.linux64_1.0.100.202602081740/tools/bin/../lib/gcc/arm-none-eabi/14.3.1/../../../../arm-none-eabi/lib/thumb/v7e-m+dp/hard/libc_nano.a
LOAD /opt/stm32cubeide/plugins/com.st.stm32cube.ide.mcu.externaltools.gnu-tools-for-stm32.14.3.rel1.linux64_1.0.100.202602081740/tools/bin/../lib/gcc/arm-none-eabi/14.3.1/../../../../arm-none-eabi/lib/thumb/v7e-m+dp/hard/libnosys.a
END GROUP
START GROUP
LOAD /opt/stm32cubeide/plugins/com.st.stm32cube.ide.mcu.externaltools.gnu-tools-for-stm32.14.3.rel1.linux64_1.0.100.202602081740/tools/bin/../lib/gcc/arm-none-eabi/14.3.1/thumb/v7e-m+dp/hard/libgcc.a
LOAD /opt/stm32cubeide/plugins/com.st.stm32cube.ide.mcu.externaltools.gnu-tools-for-stm32.14.3.rel1.linux64_1.0.100.202602081740/tools/bin/../lib/gcc/arm-none-eabi/14.3.1/../../../../arm-none-eabi/lib/thumb/v7e-m+dp/hard/libc_nano.a
LOAD /opt/stm32cubeide/plugins/com.st.stm32cube.ide.mcu.externaltools.gnu-tools-for-stm32.14.3.rel1.linux64_1.0.100.202602081740/tools/bin/../lib/gcc/arm-none-eabi/14.3.1/../../../../arm-none-eabi/lib/thumb/v7e-m+dp/hard/libnosys.a
END GROUP
LOAD /opt/stm32cubeide/plugins/com.st.stm32cube.ide.mcu.externaltools.gnu-tools-for-stm32.14.3.rel1.linux64_1.0.100.202602081740/tools/bin/../lib/gcc/arm-none-eabi/14.3.1/thumb/v7e-m+dp/hard/crtend.o
LOAD /opt/stm32cubeide/plugins/com.st.stm32cube.ide.mcu.externaltools.gnu-tools-for-stm32.14.3.rel1.linux64_1.0.100.202602081740/tools/bin/../lib/gcc/arm-none-eabi/14.3.1/thumb/v7e-m+dp/hard/crtn.o
                0x24080000                        _estack = (ORIGIN (RAM_D1) + LENGTH (RAM_D1))
                0x00000400                        _Min_Heap_Size = 0x400
                0x00000800                        _Min_Stack_Size = 0x800

.isr_vector     0x08000000      0x298
                0x08000000                        . = ALIGN (0x4)
 *(.isr_vector)
 .isr_vector    0x08000000      0x298 ./Core/Startup/startup_stm32h743vgtx.o
                0x08000000                g_pfnVectors
                0x08000298                        . = ALIGN (0x4)

.text           0x080002a0    0x114bc
                0x080002a0                        . = ALIGN (0x4)
 *(.text)
 .text          0x080002a0       0x40 /opt/stm32cubeide/plugins/com.st.stm32cube.ide.mcu.externaltools.gnu-tools-for-stm32.14.3.rel1.linux64_1.0.100.202602081740/tools/bin/../lib/gcc/arm-none-eabi/14.3.1/thumb/v7e-m+dp/hard/crtbegin.o
 .text          0x080002e0       0xa0 /opt/stm32cubeide/plugins/com.st.stm32cube.ide.mcu.externaltools.gnu-tools-for-stm32.14.3.rel1.linux64_1.0.100.202602081740/tools/bin/../lib/gcc/arm-none-eabi/14.3.1/../../../../arm-none-eabi/lib/thumb/v7e-m+dp/hard/libc_nano.a(libc_a-memchr.o)
                0x080002e0                memchr
 .text          0x08000380       0x10 /opt/stm32cubeide/plugins/com.st.stm32cube.ide.mcu.externaltools.gnu-tools-for-stm32.14.3.rel1.linux64_1.0.100.202602081740/tools/bin/../lib/gcc/arm-none-eabi/14.3.1/../../../../arm-none-eabi/lib/thumb/v7e-m+dp/hard/libc_nano.a(libc_a-strlen.o)
                0x08000380                strlen
 .text          0x08000390       0x30 /opt/stm32cubeide/plugins/com.st.stm32cube.ide.mcu.externaltools.gnu-tools-for-stm32.14.3.rel1.linux64_1.0.100.202602081740/tools/bin/../lib/gcc/arm-none-eabi/14.3.1/thumb/v7e-m+dp/hard/libgcc.a(_aeabi_uldivmod.o)
                0x08000390                __aeabi_uldivmod
 .text          0x080003c0      0x2f8 /opt/stm32cubeide/plugins/com.st.stm32cube.ide.mcu.externaltools.gnu-tools-for-stm32.14.3.rel1.linux64_1.0.100.202602081740/tools/bin/../lib/gcc/arm-none-eabi/14.3.1/thumb/v7e-m+dp/hard/libgcc.a(_udivmoddi4.o)
                0x080003c0                __udivmoddi4
 .text          0x080006b8        0x4 /opt/stm32cubeide/plugins/com.st.stm32cube.ide.mcu.externaltools.gnu-tools-for-stm32.14.3.rel1.linux64_1.0.100.202602081740/tools/bin/../lib/gcc/arm-none-eabi/14.3.1/thumb/v7e-m+dp/hard/libgcc.a(_dvmd_tls.o)
                0x080006b8                __aeabi_ldiv0
                0x080006b8                __aeabi_idiv0
 *(.text*)
 .text.myprintf
                0x080006bc       0x4c ./Core/Src/main.o
                0x080006bc                myprintf
 .text.main     0x08000708       0x78 ./Core/Src/main.o
                0x08000708                main
 .text.SystemClock_Config
                0x08000780       0xd4 ./Core/Src/main.o
                0x08000780                SystemClock_Config
 .text.PeriphCommonClock_Config
                0x08000854       0x3c ./Core/Src/main.o
                0x08000854                PeriphCommonClock_Config
 .text.MX_I2C4_Init
                0x08000890       0x80 ./Core/Src/main.o
 .text.MX_SPI1_Init
                0x08000910       0xac ./Core/Src/main.o
 .text.MX_SPI2_Init
                0x080009bc       0xac ./Core/Src/main.o
 .text.MX_SPI3_Init
                0x08000a68       0xac ./Core/Src/main.o
 .text.MX_USART3_UART_Init
                0x08000b14       0x98 ./Core/Src/main.o
 .text.MX_GPIO_Init
                0x08000bac      0x190 ./Core/Src/main.o
 .text.LED_Toggle
                0x08000d3c       0x14 ./Core/Src/main.o
 .text.MPU_Config
                0x08000d50       0x58 ./Core/Src/main.o
 .text.Error_Handler
                0x08000da8       0x30 ./Core/Src/main.o
                0x08000da8                Error_Handler
 .text.HAL_MspInit
                0x08000dd8       0x34 ./Core/Src/stm32h7xx_hal_msp.o
                0x08000dd8                HAL_MspInit
 .text.HAL_I2C_MspInit
                0x08000e0c       0xd4 ./Core/Src/stm32h7xx_hal_msp.o
                0x08000e0c                HAL_I2C_MspInit
 .text.HAL_SPI_MspInit
                0x08000ee0      0x270 ./Core/Src/stm32h7xx_hal_msp.o
                0x08000ee0                HAL_SPI_MspInit
 .text.HAL_UART_MspInit
                0x08001150       0xd4 ./Core/Src/stm32h7xx_hal_msp.o
                0x08001150                HAL_UART_MspInit
 .text.NMI_Handler
                0x08001224        0x8 ./Core/Src/stm32h7xx_it.o
                0x08001224                NMI_Handler
 .text.HardFault_Handler
                0x0800122c        0x8 ./Core/Src/stm32h7xx_it.o
                0x0800122c                HardFault_Handler
 .text.MemManage_Handler
                0x08001234        0x8 ./Core/Src/stm32h7xx_it.o
                0x08001234                MemManage_Handler
 .text.BusFault_Handler
                0x0800123c        0x8 ./Core/Src/stm32h7xx_it.o
                0x0800123c                BusFault_Handler
 .text.UsageFault_Handler
                0x08001244        0x8 ./Core/Src/stm32h7xx_it.o
                0x08001244                UsageFault_Handler
 .text.SVC_Handler
                0x0800124c        0xe ./Core/Src/stm32h7xx_it.o
                0x0800124c                SVC_Handler
 .text.DebugMon_Handler
                0x0800125a        0xe ./Core/Src/stm32h7xx_it.o
                0x0800125a                DebugMon_Handler
 .text.PendSV_Handler
                0x08001268        0xe ./Core/Src/stm32h7xx_it.o
                0x08001268                PendSV_Handler
 .text.SysTick_Handler
                0x08001276        0xc ./Core/Src/stm32h7xx_it.o
                0x08001276                SysTick_Handler
 .text.EXTI9_5_IRQHandler
                0x08001282       0x10 ./Core/Src/stm32h7xx_it.o
                0x08001282                EXTI9_5_IRQHandler
 .text._getpid  0x08001292       0x10 ./Core/Src/syscalls.o
                0x08001292                _getpid
 .text._kill    0x080012a2       0x20 ./Core/Src/syscalls.o
                0x080012a2                _kill
 .text._exit    0x080012c2       0x16 ./Core/Src/syscalls.o
                0x080012c2                _exit
 .text._read    0x080012d8       0x3a ./Core/Src/syscalls.o
                0x080012d8                _read
 .text._write   0x08001312       0x38 ./Core/Src/syscalls.o
                0x08001312                _write
 .text._close   0x0800134a       0x18 ./Core/Src/syscalls.o
                0x0800134a                _close
 .text._fstat   0x08001362       0x20 ./Core/Src/syscalls.o
                0x08001362                _fstat
 .text._isatty  0x08001382       0x16 ./Core/Src/syscalls.o
                0x08001382                _isatty
 .text._lseek   0x08001398       0x1a ./Core/Src/syscalls.o
                0x08001398                _lseek
 *fill*         0x080013b2        0x2 
 .text._sbrk    0x080013b4       0x6c ./Core/Src/sysmem.o
                0x080013b4                _sbrk
 .text.SystemInit
                0x08001420      0x140 ./Core/Src/system_stm32h7xx.o
                0x08001420                SystemInit
 .text.ExitRun0Mode
                0x08001560       0x18 ./Core/Src/system_stm32h7xx.o
                0x08001560                ExitRun0Mode
 .text.Reset_Handler
                0x08001578       0x54 ./Core/Startup/startup_stm32h743vgtx.o
                0x08001578                Reset_Handler
 .text.Default_Handler
                0x080015cc        0x2 ./Core/Startup/startup_stm32h743vgtx.o
                0x080015cc                RTC_Alarm_IRQHandler
                0x080015cc                EXTI2_IRQHandler
                0x080015cc                TIM8_CC_IRQHandler
                0x080015cc                HRTIM1_Master_IRQHandler
                0x080015cc                UART8_IRQHandler
                0x080015cc                SPI4_IRQHandler
                0x080015cc                TIM1_CC_IRQHandler
                0x080015cc                BDMA_Channel6_IRQHandler
                0x080015cc                DMA2_Stream5_IRQHandler
                0x080015cc                HRTIM1_FLT_IRQHandler
                0x080015cc                JPEG_IRQHandler
                0x080015cc                DMA1_Stream5_IRQHandler
                0x080015cc                BDMA_Channel1_IRQHandler
                0x080015cc                HRTIM1_TIMD_IRQHandler
                0x080015cc                TAMP_STAMP_IRQHandler
                0x080015cc                EXTI3_IRQHandler
                0x080015cc                LPTIM4_IRQHandler
                0x080015cc                TIM8_TRG_COM_TIM14_IRQHandler
                0x080015cc                LPTIM2_IRQHandler
                0x080015cc                DFSDM1_FLT1_IRQHandler
                0x080015cc                DMAMUX2_OVR_IRQHandler
                0x080015cc                TIM8_UP_TIM13_IRQHandler
                0x080015cc                I2C3_ER_IRQHandler
                0x080015cc                DFSDM1_FLT2_IRQHandler
                0x080015cc                MDMA_IRQHandler
                0x080015cc                LPTIM3_IRQHandler
                0x080015cc                HSEM1_IRQHandler
                0x080015cc                EXTI0_IRQHandler
                0x080015cc                I2C2_EV_IRQHandler
                0x080015cc                DMA1_Stream2_IRQHandler
                0x080015cc                FPU_IRQHandler
                0x080015cc                OTG_HS_WKUP_IRQHandler
                0x080015cc                FDCAN1_IT1_IRQHandler
                0x080015cc                LTDC_ER_IRQHandler
                0x080015cc                DMA2_Stream2_IRQHandler
                0x080015cc                HRTIM1_TIME_IRQHandler
                0x080015cc                SPI1_IRQHandler
                0x080015cc                TIM6_DAC_IRQHandler
                0x080015cc                DCMI_IRQHandler
                0x080015cc                HRTIM1_TIMC_IRQHandler
                0x080015cc                DMA2_Stream3_IRQHandler
                0x080015cc                SAI2_IRQHandler
                0x080015cc                DFSDM1_FLT3_IRQHandler
                0x080015cc                USART6_IRQHandler
                0x080015cc                TIM17_IRQHandler
                0x080015cc                USART3_IRQHandler
                0x080015cc                BDMA_Channel7_IRQHandler
                0x080015cc                LPTIM5_IRQHandler
                0x080015cc                UART5_IRQHandler
                0x080015cc                ADC3_IRQHandler
                0x080015cc                DMA2_Stream0_IRQHandler
                0x080015cc                TIM4_IRQHandler
                0x080015cc                BDMA_Channel2_IRQHandler
                0x080015cc                QUADSPI_IRQHandler
                0x080015cc                I2C1_EV_IRQHandler
                0x080015cc                DMA1_Stream6_IRQHandler
                0x080015cc                DMAMUX1_OVR_IRQHandler
                0x080015cc                DMA1_Stream1_IRQHandler
                0x080015cc                TIM16_IRQHandler
                0x080015cc                UART4_IRQHandler
                0x080015cc                BDMA_Channel5_IRQHandler
                0x080015cc                TIM3_IRQHandler
                0x080015cc                RCC_IRQHandler
                0x080015cc                TIM8_BRK_TIM12_IRQHandler
                0x080015cc                TIM1_TRG_COM_IRQHandler
                0x080015cc                Default_Handler
                0x080015cc                ECC_IRQHandler
                0x080015cc                CEC_IRQHandler
                0x080015cc                EXTI15_10_IRQHandler
                0x080015cc                BDMA_Channel0_IRQHandler
                0x080015cc                ADC_IRQHandler
                0x080015cc                DMA1_Stream7_IRQHandler
                0x080015cc                HRTIM1_TIMA_IRQHandler
                0x080015cc                SPI5_IRQHandler
                0x080015cc                TIM7_IRQHandler
                0x080015cc                SDMMC1_IRQHandler
                0x080015cc                TIM5_IRQHandler
                0x080015cc                DMA2_Stream7_IRQHandler
                0x080015cc                TIM15_IRQHandler
                0x080015cc                PVD_AVD_IRQHandler
                0x080015cc                I2C3_EV_IRQHandler
                0x080015cc                RTC_WKUP_IRQHandler
                0x080015cc                LTDC_IRQHandler
                0x080015cc                SAI3_IRQHandler
                0x080015cc                ETH_WKUP_IRQHandler
                0x080015cc                SPDIF_RX_IRQHandler
                0x080015cc                SPI2_IRQHandler
                0x080015cc                OTG_HS_EP1_IN_IRQHandler
                0x080015cc                DMA1_Stream0_IRQHandler
                0x080015cc                CRS_IRQHandler
                0x080015cc                EXTI4_IRQHandler
                0x080015cc                RNG_IRQHandler
                0x080015cc                HRTIM1_TIMB_IRQHandler
                0x080015cc                FDCAN2_IT1_IRQHandler
                0x080015cc                ETH_IRQHandler
                0x080015cc                TIM1_UP_IRQHandler
                0x080015cc                BDMA_Channel4_IRQHandler
                0x080015cc                OTG_HS_EP1_OUT_IRQHandler
                0x080015cc                WWDG_IRQHandler
                0x080015cc                SPI6_IRQHandler
                0x080015cc                MDIOS_IRQHandler
                0x080015cc                I2C4_EV_IRQHandler
                0x080015cc                FDCAN2_IT0_IRQHandler
                0x080015cc                LPUART1_IRQHandler
                0x080015cc                FDCAN1_IT0_IRQHandler
                0x080015cc                TIM2_IRQHandler
                0x080015cc                OTG_FS_WKUP_IRQHandler
                0x080015cc                OTG_HS_IRQHandler
                0x080015cc                DMA2D_IRQHandler
                0x080015cc                TIM1_BRK_IRQHandler
                0x080015cc                EXTI1_IRQHandler
                0x080015cc                SDMMC2_IRQHandler
                0x080015cc                OTG_FS_EP1_OUT_IRQHandler
                0x080015cc                BDMA_Channel3_IRQHandler
                0x080015cc                UART7_IRQHandler
                0x080015cc                MDIOS_WKUP_IRQHandler
                0x080015cc                USART2_IRQHandler
                0x080015cc                DFSDM1_FLT0_IRQHandler
                0x080015cc                SAI4_IRQHandler
                0x080015cc                I2C2_ER_IRQHandler
                0x080015cc                DMA2_Stream1_IRQHandler
                0x080015cc                FLASH_IRQHandler
                0x080015cc                DMA2_Stream4_IRQHandler
                0x080015cc                USART1_IRQHandler
                0x080015cc                OTG_FS_IRQHandler
                0x080015cc                SPI3_IRQHandler
                0x080015cc                WAKEUP_PIN_IRQHandler
                0x080015cc                DMA1_Stream4_IRQHandler
                0x080015cc                OTG_FS_EP1_IN_IRQHandler
                0x080015cc                I2C1_ER_IRQHandler
                0x080015cc                FMC_IRQHandler
                0x080015cc                FDCAN_CAL_IRQHandler
                0x080015cc                SWPMI1_IRQHandler
                0x080015cc                COMP1_IRQHandler
                0x080015cc                LPTIM1_IRQHandler
                0x080015cc                I2C4_ER_IRQHandler
                0x080015cc                DMA2_Stream6_IRQHandler
                0x080015cc                SAI1_IRQHandler
                0x080015cc                DMA1_Stream3_IRQHandler
 *fill*         0x080015ce        0x2 
 .text.HAL_Init
                0x080015d0       0x78 ./Drivers/STM32H7xx_HAL_Driver/Src/stm32h7xx_hal.o
                0x080015d0                HAL_Init
 .text.HAL_InitTick
                0x08001648       0x6c ./Drivers/STM32H7xx_HAL_Driver/Src/stm32h7xx_hal.o
                0x08001648                HAL_InitTick
 .text.HAL_IncTick
                0x080016b4       0x28 ./Drivers/STM32H7xx_HAL_Driver/Src/stm32h7xx_hal.o
                0x080016b4                HAL_IncTick
 .text.HAL_GetTick
                0x080016dc       0x18 ./Drivers/STM32H7xx_HAL_Driver/Src/stm32h7xx_hal.o
                0x080016dc                HAL_GetTick
 .text.HAL_Delay
                0x080016f4       0x48 ./Drivers/STM32H7xx_HAL_Driver/Src/stm32h7xx_hal.o
                0x080016f4                HAL_Delay
 .text.HAL_GetREVID
                0x0800173c       0x18 ./Drivers/STM32H7xx_HAL_Driver/Src/stm32h7xx_hal.o
                0x0800173c                HAL_GetREVID
 .text.__NVIC_SetPriorityGrouping
                0x08001754       0x48 ./Drivers/STM32H7xx_HAL_Driver/Src/stm32h7xx_hal_cortex.o
 .text.__NVIC_GetPriorityGrouping
                0x0800179c       0x1c ./Drivers/STM32H7xx_HAL_Driver/Src/stm32h7xx_hal_cortex.o
 .text.__NVIC_EnableIRQ
                0x080017b8       0x3c ./Drivers/STM32H7xx_HAL_Driver/Src/stm32h7xx_hal_cortex.o
 .text.__NVIC_SetPriority
                0x080017f4       0x54 ./Drivers/STM32H7xx_HAL_Driver/Src/stm32h7xx_hal_cortex.o
 .text.NVIC_EncodePriority
                0x08001848       0x66 ./Drivers/STM32H7xx_HAL_Driver/Src/stm32h7xx_hal_cortex.o
 *fill*         0x080018ae        0x2 
 .text.SysTick_Config
                0x080018b0       0x44 ./Drivers/STM32H7xx_HAL_Driver/Src/stm32h7xx_hal_cortex.o
 .text.HAL_NVIC_SetPriorityGrouping
                0x080018f4       0x16 ./Drivers/STM32H7xx_HAL_Driver/Src/stm32h7xx_hal_cortex.o
                0x080018f4                HAL_NVIC_SetPriorityGrouping
 .text.HAL_NVIC_SetPriority
                0x0800190a       0x34 ./Drivers/STM32H7xx_HAL_Driver/Src/stm32h7xx_hal_cortex.o
                0x0800190a                HAL_NVIC_SetPriority
 .text.HAL_NVIC_EnableIRQ
                0x0800193e       0x1c ./Drivers/STM32H7xx_HAL_Driver/Src/stm32h7xx_hal_cortex.o
                0x0800193e                HAL_NVIC_EnableIRQ
 .text.HAL_SYSTICK_Config
                0x0800195a       0x18 ./Drivers/STM32H7xx_HAL_Driver/Src/stm32h7xx_hal_cortex.o
                0x0800195a                HAL_SYSTICK_Config
 *fill*         0x08001972        0x2 
 .text.HAL_MPU_Disable
                0x08001974       0x30 ./Drivers/STM32H7xx_HAL_Driver/Src/stm32h7xx_hal_cortex.o
                0x08001974                HAL_MPU_Disable
 .text.HAL_MPU_Enable
                0x080019a4       0x40 ./Drivers/STM32H7xx_HAL_Driver/Src/stm32h7xx_hal_cortex.o
                0x080019a4                HAL_MPU_Enable
 .text.HAL_MPU_ConfigRegion
                0x080019e4       0x80 ./Drivers/STM32H7xx_HAL_Driver/Src/stm32h7xx_hal_cortex.o
                0x080019e4                HAL_MPU_ConfigRegion
 .text.HAL_DMA_Abort
                0x08001a64      0x63c ./Drivers/STM32H7xx_HAL_Driver/Src/stm32h7xx_hal_dma.o
                0x08001a64                HAL_DMA_Abort
 .text.HAL_DMA_GetError
                0x080020a0       0x18 ./Drivers/STM32H7xx_HAL_Driver/Src/stm32h7xx_hal_dma.o
                0x080020a0                HAL_DMA_GetError
 .text.HAL_GPIO_Init
                0x080020b8      0x374 ./Drivers/STM32H7xx_HAL_Driver/Src/stm32h7xx_hal_gpio.o
                0x080020b8                HAL_GPIO_Init
 .text.HAL_GPIO_ReadPin
                0x0800242c       0x30 ./Drivers/STM32H7xx_HAL_Driver/Src/stm32h7xx_hal_gpio.o
                0x0800242c                HAL_GPIO_ReadPin
 .text.HAL_GPIO_WritePin
                0x0800245c       0x32 ./Drivers/STM32H7xx_HAL_Driver/Src/stm32h7xx_hal_gpio.o
                0x0800245c                HAL_GPIO_WritePin
 .text.HAL_GPIO_TogglePin
                0x0800248e       0x34 ./Drivers/STM32H7xx_HAL_Driver/Src/stm32h7xx_hal_gpio.o
                0x0800248e                HAL_GPIO_TogglePin
 .text.HAL_GPIO_EXTI_IRQHandler
                0x080024c2       0x34 ./Drivers/STM32H7xx_HAL_Driver/Src/stm32h7xx_hal_gpio.o
                0x080024c2                HAL_GPIO_EXTI_IRQHandler
 *fill*         0x080024f6        0x2 
 .text.HAL_I2C_Init
                0x080024f8      0x138 ./Drivers/STM32H7xx_HAL_Driver/Src/stm32h7xx_hal_i2c.o
                0x080024f8                HAL_I2C_Init
 .text.HAL_I2CEx_ConfigAnalogFilter
                0x08002630       0x96 ./Drivers/STM32H7xx_HAL_Driver/Src/stm32h7xx_hal_i2c_ex.o
                0x08002630                HAL_I2CEx_ConfigAnalogFilter
 .text.HAL_I2CEx_ConfigDigitalFilter
                0x080026c6       0x98 ./Drivers/STM32H7xx_HAL_Driver/Src/stm32h7xx_hal_i2c_ex.o
                0x080026c6                HAL_I2CEx_ConfigDigitalFilter
 *fill*         0x0800275e        0x2 
 .text.HAL_PWREx_ConfigSupply
                0x08002760       0x74 ./Drivers/STM32H7xx_HAL_Driver/Src/stm32h7xx_hal_pwr_ex.o
                0x08002760                HAL_PWREx_ConfigSupply
 .text.HAL_RCC_OscConfig
                0x080027d4      0x8b4 ./Drivers/STM32H7xx_HAL_Driver/Src/stm32h7xx_hal_rcc.o
                0x080027d4                HAL_RCC_OscConfig
 .text.HAL_RCC_ClockConfig
                0x08003088      0x36c ./Drivers/STM32H7xx_HAL_Driver/Src/stm32h7xx_hal_rcc.o
                0x08003088                HAL_RCC_ClockConfig
 .text.HAL_RCC_GetSysClockFreq
                0x080033f4      0x2f4 ./Drivers/STM32H7xx_HAL_Driver/Src/stm32h7xx_hal_rcc.o
                0x080033f4                HAL_RCC_GetSysClockFreq
 .text.HAL_RCC_GetHCLKFreq
                0x080036e8       0x60 ./Drivers/STM32H7xx_HAL_Driver/Src/stm32h7xx_hal_rcc.o
                0x080036e8                HAL_RCC_GetHCLKFreq
 .text.HAL_RCC_GetPCLK1Freq
                0x08003748       0x2c ./Drivers/STM32H7xx_HAL_Driver/Src/stm32h7xx_hal_rcc.o
                0x08003748                HAL_RCC_GetPCLK1Freq
 .text.HAL_RCC_GetPCLK2Freq
                0x08003774       0x2c ./Drivers/STM32H7xx_HAL_Driver/Src/stm32h7xx_hal_rcc.o
                0x08003774                HAL_RCC_GetPCLK2Freq
 .text.HAL_RCCEx_PeriphCLKConfig
                0x080037a0     0x1414 ./Drivers/STM32H7xx_HAL_Driver/Src/stm32h7xx_hal_rcc_ex.o
                0x080037a0                HAL_RCCEx_PeriphCLKConfig
 .text.HAL_RCCEx_GetD3PCLK1Freq
                0x08004bb4       0x2c ./Drivers/STM32H7xx_HAL_Driver/Src/stm32h7xx_hal_rcc_ex.o
                0x08004bb4                HAL_RCCEx_GetD3PCLK1Freq
 .text.HAL_RCCEx_GetPLL2ClockFreq
                0x08004be0      0x2a8 ./Drivers/STM32H7xx_HAL_Driver/Src/stm32h7xx_hal_rcc_ex.o
                0x08004be0                HAL_RCCEx_GetPLL2ClockFreq
 .text.HAL_RCCEx_GetPLL3ClockFreq
                0x08004e88      0x2a8 ./Drivers/STM32H7xx_HAL_Driver/Src/stm32h7xx_hal_rcc_ex.o
                0x08004e88                HAL_RCCEx_GetPLL3ClockFreq
 .text.RCCEx_PLL2_Config
                0x08005130      0x164 ./Drivers/STM32H7xx_HAL_Driver/Src/stm32h7xx_hal_rcc_ex.o
 .text.RCCEx_PLL3_Config
                0x08005294      0x164 ./Drivers/STM32H7xx_HAL_Driver/Src/stm32h7xx_hal_rcc_ex.o
 .text.HAL_SPI_Init
                0x080053f8      0x248 ./Drivers/STM32H7xx_HAL_Driver/Src/stm32h7xx_hal_spi.o
                0x080053f8                HAL_SPI_Init
 .text.HAL_SPI_Transmit
                0x08005640      0x3dc ./Drivers/STM32H7xx_HAL_Driver/Src/stm32h7xx_hal_spi.o
                0x08005640                HAL_SPI_Transmit
 .text.HAL_SPI_Receive
                0x08005a1c      0x56c ./Drivers/STM32H7xx_HAL_Driver/Src/stm32h7xx_hal_spi.o
                0x08005a1c                HAL_SPI_Receive
 .text.HAL_SPI_TransmitReceive
                0x08005f88      0x674 ./Drivers/STM32H7xx_HAL_Driver/Src/stm32h7xx_hal_spi.o
                0x08005f88                HAL_SPI_TransmitReceive
 .text.HAL_SPI_Abort
                0x080065fc      0x1dc ./Drivers/STM32H7xx_HAL_Driver/Src/stm32h7xx_hal_spi.o
                0x080065fc                HAL_SPI_Abort
 .text.SPI_AbortTransfer
                0x080067d8       0xc8 ./Drivers/STM32H7xx_HAL_Driver/Src/stm32h7xx_hal_spi.o
 .text.SPI_CloseTransfer
                0x080068a0      0x140 ./Drivers/STM32H7xx_HAL_Driver/Src/stm32h7xx_hal_spi.o
 .text.SPI_WaitOnFlagUntilTimeout
                0x080069e0       0x5c ./Drivers/STM32H7xx_HAL_Driver/Src/stm32h7xx_hal_spi.o
 .text.SPI_GetPacketSize
                0x08006a3c       0x36 ./Drivers/STM32H7xx_HAL_Driver/Src/stm32h7xx_hal_spi.o
 .text.HAL_UART_Init
                0x08006a72       0xa0 ./Drivers/STM32H7xx_HAL_Driver/Src/stm32h7xx_hal_uart.o
                0x08006a72                HAL_UART_Init
 .text.HAL_UART_Transmit
                0x08006b12      0x132 ./Drivers/STM32H7xx_HAL_Driver/Src/stm32h7xx_hal_uart.o
                0x08006b12                HAL_UART_Transmit
 .text.UART_SetConfig
                0x08006c44      0xad0 ./Drivers/STM32H7xx_HAL_Driver/Src/stm32h7xx_hal_uart.o
                0x08006c44                UART_SetConfig
 .text.UART_AdvFeatureConfig
                0x08007714      0x144 ./Drivers/STM32H7xx_HAL_Driver/Src/stm32h7xx_hal_uart.o
                0x08007714                UART_AdvFeatureConfig
 .text.UART_CheckIdleState
                0x08007858      0x154 ./Drivers/STM32H7xx_HAL_Driver/Src/stm32h7xx_hal_uart.o
                0x08007858                UART_CheckIdleState
 .text.UART_WaitOnFlagUntilTimeout
                0x080079ac       0xda ./Drivers/STM32H7xx_HAL_Driver/Src/stm32h7xx_hal_uart.o
                0x080079ac                UART_WaitOnFlagUntilTimeout
 *fill*         0x08007a86        0x2 
 .text.UART_EndRxTransfer
                0x08007a88       0xcc ./Drivers/STM32H7xx_HAL_Driver/Src/stm32h7xx_hal_uart.o
 .text.HAL_UARTEx_DisableFifoMode
                0x08007b54       0x72 ./Drivers/STM32H7xx_HAL_Driver/Src/stm32h7xx_hal_uart_ex.o
                0x08007b54                HAL_UARTEx_DisableFifoMode
 .text.HAL_UARTEx_SetTxFifoThreshold
                0x08007bc6       0x7c ./Drivers/STM32H7xx_HAL_Driver/Src/stm32h7xx_hal_uart_ex.o
                0x08007bc6                HAL_UARTEx_SetTxFifoThreshold
 .text.HAL_UARTEx_SetRxFifoThreshold
                0x08007c42       0x7c ./Drivers/STM32H7xx_HAL_Driver/Src/stm32h7xx_hal_uart_ex.o
                0x08007c42                HAL_UARTEx_SetRxFifoThreshold
 *fill*         0x08007cbe        0x2 
 .text.UARTEx_SetNbDataToProcess
                0x08007cc0       0x9c ./Drivers/STM32H7xx_HAL_Driver/Src/stm32h7xx_hal_uart_ex.o
 .text.MX_FATFS_Init
                0x08007d5c       0x24 ./FATFS/App/fatfs.o
                0x08007d5c                MX_FATFS_Init
 .text.get_fattime
                0x08007d80       0x10 ./FATFS/App/fatfs.o
                0x08007d80                get_fattime
 .text.USER_initialize
                0x08007d90       0x1c ./FATFS/Target/user_diskio.o
                0x08007d90                USER_initialize
 .text.USER_status
                0x08007dac       0x1c ./FATFS/Target/user_diskio.o
                0x08007dac                USER_status
 .text.USER_read
                0x08007dc8       0x26 ./FATFS/Target/user_diskio.o
                0x08007dc8                USER_read
 .text.USER_write
                0x08007dee       0x26 ./FATFS/Target/user_diskio.o
                0x08007dee                USER_write
 .text.USER_ioctl
                0x08007e14       0x26 ./FATFS/Target/user_diskio.o
                0x08007e14                USER_ioctl
 *fill*         0x08007e3a        0x2 
 .text.SPI_Timer_On
                0x08007e3c       0x28 ./FATFS/Target/user_diskio_spi.o
                0x08007e3c                SPI_Timer_On
 .text.SPI_Timer_Status
                0x08007e64       0x2c ./FATFS/Target/user_diskio_spi.o
                0x08007e64                SPI_Timer_Status
 .text.xchg_spi
                0x08007e90       0x2c ./FATFS/Target/user_diskio_spi.o
 .text.rcvr_spi_multi
                0x08007ebc       0x38 ./FATFS/Target/user_diskio_spi.o
 .text.xmit_spi_multi
                0x08007ef4       0x28 ./FATFS/Target/user_diskio_spi.o
 .text.wait_ready
                0x08007f1c       0x46 ./FATFS/Target/user_diskio_spi.o
 *fill*         0x08007f62        0x2 
 .text.despiselect
                0x08007f64       0x20 ./FATFS/Target/user_diskio_spi.o
 .text.spiselect
                0x08007f84       0x38 ./FATFS/Target/user_diskio_spi.o
 .text.rcvr_datablock
                0x08007fbc       0x52 ./FATFS/Target/user_diskio_spi.o
 .text.xmit_datablock
                0x0800800e       0x64 ./FATFS/Target/user_diskio_spi.o
 .text.send_cmd
                0x08008072       0xde ./FATFS/Target/user_diskio_spi.o
 .text.USER_SPI_initialize
                0x08008150      0x214 ./FATFS/Target/user_diskio_spi.o
                0x08008150                USER_SPI_initialize
 .text.USER_SPI_deinitialize
                0x08008364       0x68 ./FATFS/Target/user_diskio_spi.o
                0x08008364                USER_SPI_deinitialize
 .text.USER_SPI_status
                0x080083cc       0x2c ./FATFS/Target/user_diskio_spi.o
                0x080083cc                USER_SPI_status
 .text.USER_SPI_read
                0x080083f8       0xcc ./FATFS/Target/user_diskio_spi.o
                0x080083f8                USER_SPI_read
 .text.USER_SPI_write
                0x080084c4       0xf8 ./FATFS/Target/user_diskio_spi.o
                0x080084c4                USER_SPI_write
 .text.USER_SPI_ioctl
                0x080085bc      0x2e0 ./FATFS/Target/user_diskio_spi.o
                0x080085bc                USER_SPI_ioctl
 .text.lsm6_init
                0x0800889c       0xe0 ./Middlewares/ST/lsm6dso/lsm6dso32_device.o
                0x0800889c                lsm6_init
 .text.lsm6_readData
                0x0800897c      0x1b4 ./Middlewares/ST/lsm6dso/lsm6dso32_device.o
                0x0800897c                lsm6_readData
 .text.platform_write
                0x08008b30       0x54 ./Middlewares/ST/lsm6dso/lsm6dso32_device.o
 .text.platform_read
                0x08008b84       0x60 ./Middlewares/ST/lsm6dso/lsm6dso32_device.o
 .text.lsm6dso32_read_reg
                0x08008be4       0x3c ./Middlewares/ST/lsm6dso/lsm6dso32_reg.o
                0x08008be4                lsm6dso32_read_reg
 .text.lsm6dso32_write_reg
                0x08008c20       0x3c ./Middlewares/ST/lsm6dso/lsm6dso32_reg.o
                0x08008c20                lsm6dso32_write_reg
 .text.lsm6dso32_from_fs16_to_mg
                0x08008c5c       0x30 ./Middlewares/ST/lsm6dso/lsm6dso32_reg.o
                0x08008c5c                lsm6dso32_from_fs16_to_mg
 .text.lsm6dso32_from_fs2000_to_mdps
                0x08008c8c       0x30 ./Middlewares/ST/lsm6dso/lsm6dso32_reg.o
                0x08008c8c                lsm6dso32_from_fs2000_to_mdps
 .text.lsm6dso32_from_lsb_to_celsius
                0x08008cbc       0x38 ./Middlewares/ST/lsm6dso/lsm6dso32_reg.o
                0x08008cbc                lsm6dso32_from_lsb_to_celsius
 .text.lsm6dso32_xl_full_scale_set
                0x08008cf4       0x4c ./Middlewares/ST/lsm6dso/lsm6dso32_reg.o
                0x08008cf4                lsm6dso32_xl_full_scale_set
 .text.lsm6dso32_xl_data_rate_set
                0x08008d40       0xfc ./Middlewares/ST/lsm6dso/lsm6dso32_reg.o
                0x08008d40                lsm6dso32_xl_data_rate_set
 .text.lsm6dso32_gy_full_scale_set
                0x08008e3c       0x4c ./Middlewares/ST/lsm6dso/lsm6dso32_reg.o
                0x08008e3c                lsm6dso32_gy_full_scale_set
 .text.lsm6dso32_gy_data_rate_set
                0x08008e88       0xbe ./Middlewares/ST/lsm6dso/lsm6dso32_reg.o
                0x08008e88                lsm6dso32_gy_data_rate_set
 .text.lsm6dso32_block_data_update_set
                0x08008f46       0x4c ./Middlewares/ST/lsm6dso/lsm6dso32_reg.o
                0x08008f46                lsm6dso32_block_data_update_set
 .text.lsm6dso32_status_reg_get
                0x08008f92       0x22 ./Middlewares/ST/lsm6dso/lsm6dso32_reg.o
                0x08008f92                lsm6dso32_status_reg_get
 .text.lsm6dso32_temperature_raw_get
                0x08008fb4       0x4e ./Middlewares/ST/lsm6dso/lsm6dso32_reg.o
                0x08008fb4                lsm6dso32_temperature_raw_get
 .text.lsm6dso32_angular_rate_raw_get
                0x08009002       0x9a ./Middlewares/ST/lsm6dso/lsm6dso32_reg.o
                0x08009002                lsm6dso32_angular_rate_raw_get
 .text.lsm6dso32_acceleration_raw_get
                0x0800909c       0x9a ./Middlewares/ST/lsm6dso/lsm6dso32_reg.o
                0x0800909c                lsm6dso32_acceleration_raw_get
 .text.lsm6dso32_device_id_get
                0x08009136       0x22 ./Middlewares/ST/lsm6dso/lsm6dso32_reg.o
                0x08009136                lsm6dso32_device_id_get
 .text.lsm6dso32_reset_set
                0x08009158       0x4c ./Middlewares/ST/lsm6dso/lsm6dso32_reg.o
                0x08009158                lsm6dso32_reset_set
 .text.lsm6dso32_reset_get
                0x080091a4       0x3c ./Middlewares/ST/lsm6dso/lsm6dso32_reg.o
                0x080091a4                lsm6dso32_reset_get
 .text.lsm6dso32_i3c_disable_set
                0x080091e0       0x8c ./Middlewares/ST/lsm6dso/lsm6dso32_reg.o
                0x080091e0                lsm6dso32_i3c_disable_set
 .text.bme68x_init
                0x0800926c       0x5c ./Middlewares/Third_Party/BOSCH_BME/bme68x.o
                0x0800926c                bme68x_init
 .text.bme68x_set_regs
                0x080092c8      0x11e ./Middlewares/Third_Party/BOSCH_BME/bme68x.o
                0x080092c8                bme68x_set_regs
 .text.bme68x_get_regs
                0x080093e6       0x88 ./Middlewares/Third_Party/BOSCH_BME/bme68x.o
                0x080093e6                bme68x_get_regs
 .text.bme68x_soft_reset
                0x0800946e       0x86 ./Middlewares/Third_Party/BOSCH_BME/bme68x.o
                0x0800946e                bme68x_soft_reset
 .text.bme68x_set_conf
                0x080094f4      0x214 ./Middlewares/Third_Party/BOSCH_BME/bme68x.o
                0x080094f4                bme68x_set_conf
 .text.bme68x_set_op_mode
                0x08009708       0xc2 ./Middlewares/Third_Party/BOSCH_BME/bme68x.o
                0x08009708                bme68x_set_op_mode
 .text.bme68x_get_op_mode
                0x080097ca       0x40 ./Middlewares/Third_Party/BOSCH_BME/bme68x.o
                0x080097ca                bme68x_get_op_mode
 *fill*         0x0800980a        0x2 
 .text.bme68x_get_meas_dur
                0x0800980c       0xe8 ./Middlewares/Third_Party/BOSCH_BME/bme68x.o
                0x0800980c                bme68x_get_meas_dur
 .text.bme68x_get_data
                0x080098f4      0x1fc ./Middlewares/Third_Party/BOSCH_BME/bme68x.o
                0x080098f4                bme68x_get_data
 .text.bme68x_set_heatr_conf
                0x08009af0      0x114 ./Middlewares/Third_Party/BOSCH_BME/bme68x.o
                0x08009af0                bme68x_set_heatr_conf
 .text.calc_temperature
                0x08009c04      0x10c ./Middlewares/Third_Party/BOSCH_BME/bme68x.o
 .text.calc_pressure
                0x08009d10      0x284 ./Middlewares/Third_Party/BOSCH_BME/bme68x.o
 .text.calc_humidity
                0x08009f94      0x198 ./Middlewares/Third_Party/BOSCH_BME/bme68x.o
 .text.calc_gas_resistance_low
                0x0800a12c      0x144 ./Middlewares/Third_Party/BOSCH_BME/bme68x.o
 .text.calc_gas_resistance_high
                0x0800a270       0x74 ./Middlewares/Third_Party/BOSCH_BME/bme68x.o
 .text.calc_res_heat
                0x0800a2e4      0x160 ./Middlewares/Third_Party/BOSCH_BME/bme68x.o
 .text.calc_gas_wait
                0x0800a444       0x4a ./Middlewares/Third_Party/BOSCH_BME/bme68x.o
 .text.read_field_data
                0x0800a48e      0x286 ./Middlewares/Third_Party/BOSCH_BME/bme68x.o
 .text.read_all_field_data
                0x0800a714      0x44a ./Middlewares/Third_Party/BOSCH_BME/bme68x.o
 .text.set_mem_page
                0x0800ab5e       0xca ./Middlewares/Third_Party/BOSCH_BME/bme68x.o
 .text.get_mem_page
                0x0800ac28       0x5e ./Middlewares/Third_Party/BOSCH_BME/bme68x.o
 .text.boundary_check
                0x0800ac86       0x5a ./Middlewares/Third_Party/BOSCH_BME/bme68x.o
 .text.null_ptr_check
                0x0800ace0       0x3e ./Middlewares/Third_Party/BOSCH_BME/bme68x.o
 .text.set_conf
                0x0800ad1e      0x2a6 ./Middlewares/Third_Party/BOSCH_BME/bme68x.o
 .text.calc_heatr_dur_shared
                0x0800afc4       0x6c ./Middlewares/Third_Party/BOSCH_BME/bme68x.o
 .text.sort_sensor_data
                0x0800b030       0xac ./Middlewares/Third_Party/BOSCH_BME/bme68x.o
 .text.swap_fields
                0x0800b0dc       0x48 ./Middlewares/Third_Party/BOSCH_BME/bme68x.o
 .text.get_calib_data
                0x0800b124      0x21e ./Middlewares/Third_Party/BOSCH_BME/bme68x.o
 .text.read_variant_id
                0x0800b342       0x3a ./Middlewares/Third_Party/BOSCH_BME/bme68x.o
 .text.disk_status
                0x0800b37c       0x34 ./Middlewares/Third_Party/FatFs/src/diskio.o
                0x0800b37c                disk_status
 .text.disk_initialize
                0x0800b3b0       0x50 ./Middlewares/Third_Party/FatFs/src/diskio.o
                0x0800b3b0                disk_initialize
 .text.disk_read
                0x0800b400       0x40 ./Middlewares/Third_Party/FatFs/src/diskio.o
                0x0800b400                disk_read
 .text.disk_write
                0x0800b440       0x40 ./Middlewares/Third_Party/FatFs/src/diskio.o
                0x0800b440                disk_write
 .text.disk_ioctl
                0x0800b480       0x3c ./Middlewares/Third_Party/FatFs/src/diskio.o
                0x0800b480                disk_ioctl
 .text.ld_word  0x0800b4bc       0x32 ./Middlewares/Third_Party/FatFs/src/ff.o
 .text.ld_dword
                0x0800b4ee       0x46 ./Middlewares/Third_Party/FatFs/src/ff.o
 .text.st_word  0x0800b534       0x36 ./Middlewares/Third_Party/FatFs/src/ff.o
 .text.st_dword
                0x0800b56a       0x58 ./Middlewares/Third_Party/FatFs/src/ff.o
 .text.mem_cpy  0x0800b5c2       0x42 ./Middlewares/Third_Party/FatFs/src/ff.o
 .text.mem_set  0x0800b604       0x36 ./Middlewares/Third_Party/FatFs/src/ff.o
 .text.mem_cmp  0x0800b63a       0x4e ./Middlewares/Third_Party/FatFs/src/ff.o
 .text.chk_chr  0x0800b688       0x36 ./Middlewares/Third_Party/FatFs/src/ff.o
 *fill*         0x0800b6be        0x2 
 .text.chk_lock
                0x0800b6c0       0xb8 ./Middlewares/Third_Party/FatFs/src/ff.o
 .text.enq_lock
                0x0800b778       0x44 ./Middlewares/Third_Party/FatFs/src/ff.o
 .text.inc_lock
                0x0800b7bc      0x11c ./Middlewares/Third_Party/FatFs/src/ff.o
 .text.dec_lock
                0x0800b8d8       0x78 ./Middlewares/Third_Party/FatFs/src/ff.o
 .text.clear_lock
                0x0800b950       0x48 ./Middlewares/Third_Party/FatFs/src/ff.o
 .text.sync_window
                0x0800b998       0x88 ./Middlewares/Third_Party/FatFs/src/ff.o
 .text.move_window
                0x0800ba20       0x5a ./Middlewares/Third_Party/FatFs/src/ff.o
 *fill*         0x0800ba7a        0x2 
 .text.sync_fs  0x0800ba7c       0xdc ./Middlewares/Third_Party/FatFs/src/ff.o
 .text.clust2sect
                0x0800bb58       0x3e ./Middlewares/Third_Party/FatFs/src/ff.o
 .text.get_fat  0x0800bb96      0x14e ./Middlewares/Third_Party/FatFs/src/ff.o
 .text.put_fat  0x0800bce4      0x1d4 ./Middlewares/Third_Party/FatFs/src/ff.o
 .text.remove_chain
                0x0800beb8       0xca ./Middlewares/Third_Party/FatFs/src/ff.o
 .text.create_chain
                0x0800bf82      0x130 ./Middlewares/Third_Party/FatFs/src/ff.o
 .text.clmt_clust
                0x0800c0b2       0x68 ./Middlewares/Third_Party/FatFs/src/ff.o
 .text.dir_sdi  0x0800c11a       0xf6 ./Middlewares/Third_Party/FatFs/src/ff.o
 .text.dir_next
                0x0800c210      0x18a ./Middlewares/Third_Party/FatFs/src/ff.o
 .text.dir_alloc
                0x0800c39a       0x8e ./Middlewares/Third_Party/FatFs/src/ff.o
 .text.ld_clust
                0x0800c428       0x3e ./Middlewares/Third_Party/FatFs/src/ff.o
 .text.st_clust
                0x0800c466       0x40 ./Middlewares/Third_Party/FatFs/src/ff.o
 .text.dir_read
                0x0800c4a6       0xba ./Middlewares/Third_Party/FatFs/src/ff.o
 .text.dir_find
                0x0800c560       0xaa ./Middlewares/Third_Party/FatFs/src/ff.o
 .text.dir_register
                0x0800c60a       0x64 ./Middlewares/Third_Party/FatFs/src/ff.o
 .text.get_fileinfo
                0x0800c66e       0xc0 ./Middlewares/Third_Party/FatFs/src/ff.o
 *fill*         0x0800c72e        0x2 
 .text.create_name
                0x0800c730      0x128 ./Middlewares/Third_Party/FatFs/src/ff.o
 .text.follow_path
                0x0800c858       0xe2 ./Middlewares/Third_Party/FatFs/src/ff.o
 .text.get_ldnumber
                0x0800c93a       0x88 ./Middlewares/Third_Party/FatFs/src/ff.o
 *fill*         0x0800c9c2        0x2 
 .text.check_fs
                0x0800c9c4       0xac ./Middlewares/Third_Party/FatFs/src/ff.o
 .text.find_volume
                0x0800ca70      0x498 ./Middlewares/Third_Party/FatFs/src/ff.o
 .text.validate
                0x0800cf08       0x6a ./Middlewares/Third_Party/FatFs/src/ff.o
 *fill*         0x0800cf72        0x2 
 .text.f_mount  0x0800cf74       0x8c ./Middlewares/Third_Party/FatFs/src/ff.o
                0x0800cf74                f_mount
 .text.f_open   0x0800d000      0x374 ./Middlewares/Third_Party/FatFs/src/ff.o
                0x0800d000                f_open
 .text.f_write  0x0800d374      0x2ea ./Middlewares/Third_Party/FatFs/src/ff.o
                0x0800d374                f_write
 .text.f_sync   0x0800d65e       0xfc ./Middlewares/Third_Party/FatFs/src/ff.o
                0x0800d65e                f_sync
 .text.f_close  0x0800d75a       0x54 ./Middlewares/Third_Party/FatFs/src/ff.o
                0x0800d75a                f_close
 .text.f_opendir
                0x0800d7ae       0xe6 ./Middlewares/Third_Party/FatFs/src/ff.o
                0x0800d7ae                f_opendir
 .text.f_closedir
                0x0800d894       0x4c ./Middlewares/Third_Party/FatFs/src/ff.o
                0x0800d894                f_closedir
 .text.f_readdir
                0x0800d8e0       0x7a ./Middlewares/Third_Party/FatFs/src/ff.o
                0x0800d8e0                f_readdir
 *fill*         0x0800d95a        0x2 
 .text.FATFS_LinkDriverEx
                0x0800d95c       0x98 ./Middlewares/Third_Party/FatFs/src/ff_gen_drv.o
                0x0800d95c                FATFS_LinkDriverEx
 .text.FATFS_LinkDriver
                0x0800d9f4       0x1e ./Middlewares/Third_Party/FatFs/src/ff_gen_drv.o
                0x0800d9f4                FATFS_LinkDriver
 *fill*         0x0800da12        0x2 
 .text.findHighestLogNumber
                0x0800da14       0x94 ./UserCode/DataLogger.o
 .text.createLogFile
                0x0800daa8       0xec ./UserCode/DataLogger.o
 .text.writeCSVRow
                0x0800db94      0x1c8 ./UserCode/DataLogger.o
 .text.DataLogger_Init
                0x0800dd5c       0x50 ./UserCode/DataLogger.o
                0x0800dd5c                DataLogger_Init
 .text.DataLogger_StateMachine_Task
                0x0800ddac      0x17c ./UserCode/DataLogger.o
                0x0800ddac                DataLogger_StateMachine_Task
 .text.HAL_GPIO_EXTI_Callback
                0x0800df28       0x28 ./UserCode/SD_Card.o
                0x0800df28                HAL_GPIO_EXTI_Callback
 .text.cardIsPresent
                0x0800df50       0x24 ./UserCode/SD_Card.o
 .text.sdCardTeardown
                0x0800df74       0x1c ./UserCode/SD_Card.o
 .text.SD_Init  0x0800df90       0x50 ./UserCode/SD_Card.o
                0x0800df90                SD_Init
 .text.SD_StateMachine
                0x0800dfe0      0x160 ./UserCode/SD_Card.o
                0x0800dfe0                SD_StateMachine
 .text.SD_GetState
                0x0800e140       0x18 ./UserCode/SD_Card.o
                0x0800e140                SD_GetState
 .text.SD_FileOpen
                0x0800e158       0x34 ./UserCode/SD_Card.o
                0x0800e158                SD_FileOpen
 .text.SD_FileClose
                0x0800e18c       0x28 ./UserCode/SD_Card.o
                0x0800e18c                SD_FileClose
 .text.SD_FileWrite
                0x0800e1b4       0x34 ./UserCode/SD_Card.o
                0x0800e1b4                SD_FileWrite
 .text.SD_FileSync
                0x0800e1e8       0x28 ./UserCode/SD_Card.o
                0x0800e1e8                SD_FileSync
 .text.SD_DirOpen
                0x0800e210       0x2c ./UserCode/SD_Card.o
                0x0800e210                SD_DirOpen
 .text.SD_DirRead
                0x0800e23c       0x1c ./UserCode/SD_Card.o
                0x0800e23c                SD_DirRead
 .text.SD_DirClose
                0x0800e258       0x18 ./UserCode/SD_Card.o
                0x0800e258                SD_DirClose
 .text.Scheduler_Init
                0x0800e270       0x24 ./UserCode/Scheduler.o
                0x0800e270                Scheduler_Init
 .text.Scheduler_RegisterTask
                0x0800e294       0xa4 ./UserCode/Scheduler.o
                0x0800e294                Scheduler_RegisterTask
 .text.Scheduler_Run
                0x0800e338      0x108 ./UserCode/Scheduler.o
                0x0800e338                Scheduler_Run
 .text.bme68x_spi_read
                0x0800e440       0x98 ./UserCode/bme680_device.o
 .text.bme68x_spi_write
                0x0800e4d8       0x80 ./UserCode/bme680_device.o
 .text.bme68x_delay_us
                0x0800e558       0x2c ./UserCode/bme680_device.o
 .text.updateMeasDuration
                0x0800e584       0x54 ./UserCode/bme680_device.o
 .text.bme680_init
                0x0800e5d8      0x154 ./UserCode/bme680_device.o
                0x0800e5d8                bme680_init
 .text.bme680_setGasEnabled
                0x0800e72c       0x2c ./UserCode/bme680_device.o
                0x0800e72c                bme680_setGasEnabled
 .text.bme680_triggerMeasurement
                0x0800e758       0x50 ./UserCode/bme680_device.o
                0x0800e758                bme680_triggerMeasurement
 .text.bme680_stateMachine
                0x0800e7a8      0x220 ./UserCode/bme680_device.o
                0x0800e7a8                bme680_stateMachine
 .text.bme680_isDataReady
                0x0800e9c8       0x20 ./UserCode/bme680_device.o
                0x0800e9c8                bme680_isDataReady
 .text.bme680_getData
                0x0800e9e8       0x2c ./UserCode/bme680_device.o
                0x0800e9e8                bme680_getData
 .text.atoi     0x0800ea14        0x8 /opt/stm32cubeide/plugins/com.st.stm32cube.ide.mcu.externaltools.gnu-tools-for-stm32.14.3.rel1.linux64_1.0.100.202602081740/tools/bin/../lib/gcc/arm-none-eabi/14.3.1/../../../../arm-none-eabi/lib/thumb/v7e-m+dp/hard/libc_nano.a(libc_a-atoi.o)
                0x0800ea14                atoi
 .text._strtol_l.isra.0
                0x0800ea1c       0xf4 /opt/stm32cubeide/plugins/com.st.stm32cube.ide.mcu.externaltools.gnu-tools-for-stm32.14.3.rel1.linux64_1.0.100.202602081740/tools/bin/../lib/gcc/arm-none-eabi/14.3.1/../../../../arm-none-eabi/lib/thumb/v7e-m+dp/hard/libc_nano.a(libc_a-strtol.o)
 .text.strtol   0x0800eb10       0x14 /opt/stm32cubeide/plugins/com.st.stm32cube.ide.mcu.externaltools.gnu-tools-for-stm32.14.3.rel1.linux64_1.0.100.202602081740/tools/bin/../lib/gcc/arm-none-eabi/14.3.1/../../../../arm-none-eabi/lib/thumb/v7e-m+dp/hard/libc_nano.a(libc_a-strtol.o)
                0x0800eb10                strtol
 .text.__cvt    0x0800eb24       0xa8 /opt/stm32cubeide/plugins/com.st.stm32cube.ide.mcu.externaltools.gnu-tools-for-stm32.14.3.rel1.linux64_1.0.100.202602081740/tools/bin/../lib/gcc/arm-none-eabi/14.3.1/../../../../arm-none-eabi/lib/thumb/v7e-m+dp/hard/libc_nano.a(libc_a-nano-vfprintf_float.o)
                0x0800eb24                __cvt
 .text.__exponent
                0x0800ebcc       0x74 /opt/stm32cubeide/plugins/com.st.stm32cube.ide.mcu.externaltools.gnu-tools-for-stm32.14.3.rel1.linux64_1.0.100.202602081740/tools/bin/../lib/gcc/arm-none-eabi/14.3.1/../../../../arm-none-eabi/lib/thumb/v7e-m+dp/hard/libc_nano.a(libc_a-nano-vfprintf_float.o)
                0x0800ebcc                __exponent
 .text._printf_float
                0x0800ec40      0x434 /opt/stm32cubeide/plugins/com.st.stm32cube.ide.mcu.externaltools.gnu-tools-for-stm32.14.3.rel1.linux64_1.0.100.202602081740/tools/bin/../lib/gcc/arm-none-eabi/14.3.1/../../../../arm-none-eabi/lib/thumb/v7e-m+dp/hard/libc_nano.a(libc_a-nano-vfprintf_float.o)
                0x0800ec40                _printf_float
 .text._printf_common
                0x0800f074       0xda /opt/stm32cubeide/plugins/com.st.stm32cube.ide.mcu.externaltools.gnu-tools-for-stm32.14.3.rel1.linux64_1.0.100.202602081740/tools/bin/../lib/gcc/arm-none-eabi/14.3.1/../../../../arm-none-eabi/lib/thumb/v7e-m+dp/hard/libc_nano.a(libc_a-nano-vfprintf_i.o)
                0x0800f074                _printf_common
 *fill*         0x0800f14e        0x2 
 .text._printf_i
                0x0800f150      0x24c /opt/stm32cubeide/plugins/com.st.stm32cube.ide.mcu.externaltools.gnu-tools-for-stm32.14.3.rel1.linux64_1.0.100.202602081740/tools/bin/../lib/gcc/arm-none-eabi/14.3.1/../../../../arm-none-eabi/lib/thumb/v7e-m+dp/hard/libc_nano.a(libc_a-nano-vfprintf_i.o)
                0x0800f150                _printf_i
 .text.std      0x0800f39c       0x6c /opt/stm32cubeide/plugins/com.st.stm32cube.ide.mcu.externaltools.gnu-tools-for-stm32.14.3.rel1.linux64_1.0.100.202602081740/tools/bin/../lib/gcc/arm-none-eabi/14.3.1/../../../../arm-none-eabi/lib/thumb/v7e-m+dp/hard/libc_nano.a(libc_a-findfp.o)
 .text.stdio_exit_handler
                0x0800f408       0x18 /opt/stm32cubeide/plugins/com.st.stm32cube.ide.mcu.externaltools.gnu-tools-for-stm32.14.3.rel1.linux64_1.0.100.202602081740/tools/bin/../lib/gcc/arm-none-eabi/14.3.1/../../../../arm-none-eabi/lib/thumb/v7e-m+dp/hard/libc_nano.a(libc_a-findfp.o)
 .text.cleanup_stdio
                0x0800f420       0x40 /opt/stm32cubeide/plugins/com.st.stm32cube.ide.mcu.externaltools.gnu-tools-for-stm32.14.3.rel1.linux64_1.0.100.202602081740/tools/bin/../lib/gcc/arm-none-eabi/14.3.1/../../../../arm-none-eabi/lib/thumb/v7e-m+dp/hard/libc_nano.a(libc_a-findfp.o)
 .text.global_stdio_init.part.0
                0x0800f460       0x40 /opt/stm32cubeide/plugins/com.st.stm32cube.ide.mcu.externaltools.gnu-tools-for-stm32.14.3.rel1.linux64_1.0.100.202602081740/tools/bin/../lib/gcc/arm-none-eabi/14.3.1/../../../../arm-none-eabi/lib/thumb/v7e-m+dp/hard/libc_nano.a(libc_a-findfp.o)
 .text.__sfp_lock_acquire
                0x0800f4a0        0xc /opt/stm32cubeide/plugins/com.st.stm32cube.ide.mcu.externaltools.gnu-tools-for-stm32.14.3.rel1.linux64_1.0.100.202602081740/tools/bin/../lib/gcc/arm-none-eabi/14.3.1/../../../../arm-none-eabi/lib/thumb/v7e-m+dp/hard/libc_nano.a(libc_a-findfp.o)
                0x0800f4a0                __sfp_lock_acquire
 .text.__sfp_lock_release
                0x0800f4ac        0xc /opt/stm32cubeide/plugins/com.st.stm32cube.ide.mcu.externaltools.gnu-tools-for-stm32.14.3.rel1.linux64_1.0.100.202602081740/tools/bin/../lib/gcc/arm-none-eabi/14.3.1/../../../../arm-none-eabi/lib/thumb/v7e-m+dp/hard/libc_nano.a(libc_a-findfp.o)
                0x0800f4ac                __sfp_lock_release
 .text.__sinit  0x0800f4b8       0x30 /opt/stm32cubeide/plugins/com.st.stm32cube.ide.mcu.externaltools.gnu-tools-for-stm32.14.3.rel1.linux64_1.0.100.202602081740/tools/bin/../lib/gcc/arm-none-eabi/14.3.1/../../../../arm-none-eabi/lib/thumb/v7e-m+dp/hard/libc_nano.a(libc_a-findfp.o)
                0x0800f4b8                __sinit
 .text._fwalk_sglue
                0x0800f4e8       0x3c /opt/stm32cubeide/plugins/com.st.stm32cube.ide.mcu.externaltools.gnu-tools-for-stm32.14.3.rel1.linux64_1.0.100.202602081740/tools/bin/../lib/gcc/arm-none-eabi/14.3.1/../../../../arm-none-eabi/lib/thumb/v7e-m+dp/hard/libc_nano.a(libc_a-fwalk.o)
                0x0800f4e8                _fwalk_sglue
 .text.snprintf
                0x0800f524       0x6c /opt/stm32cubeide/plugins/com.st.stm32cube.ide.mcu.externaltools.gnu-tools-for-stm32.14.3.rel1.linux64_1.0.100.202602081740/tools/bin/../lib/gcc/arm-none-eabi/14.3.1/../../../../arm-none-eabi/lib/thumb/v7e-m+dp/hard/libc_nano.a(libc_a-snprintf.o)
                0x0800f524                snprintf
                0x0800f524                sniprintf
 .text.__sread  0x0800f590       0x22 /opt/stm32cubeide/plugins/com.st.stm32cube.ide.mcu.externaltools.gnu-tools-for-stm32.14.3.rel1.linux64_1.0.100.202602081740/tools/bin/../lib/gcc/arm-none-eabi/14.3.1/../../../../arm-none-eabi/lib/thumb/v7e-m+dp/hard/libc_nano.a(libc_a-stdio.o)
                0x0800f590                __sread
 .text.__swrite
                0x0800f5b2       0x38 /opt/stm32cubeide/plugins/com.st.stm32cube.ide.mcu.externaltools.gnu-tools-for-stm32.14.3.rel1.linux64_1.0.100.202602081740/tools/bin/../lib/gcc/arm-none-eabi/14.3.1/../../../../arm-none-eabi/lib/thumb/v7e-m+dp/hard/libc_nano.a(libc_a-stdio.o)
                0x0800f5b2                __swrite
 .text.__sseek  0x0800f5ea       0x26 /opt/stm32cubeide/plugins/com.st.stm32cube.ide.mcu.externaltools.gnu-tools-for-stm32.14.3.rel1.linux64_1.0.100.202602081740/tools/bin/../lib/gcc/arm-none-eabi/14.3.1/../../../../arm-none-eabi/lib/thumb/v7e-m+dp/hard/libc_nano.a(libc_a-stdio.o)
                0x0800f5ea                __sseek
 .text.__sclose
                0x0800f610        0x8 /opt/stm32cubeide/plugins/com.st.stm32cube.ide.mcu.externaltools.gnu-tools-for-stm32.14.3.rel1.linux64_1.0.100.202602081740/tools/bin/../lib/gcc/arm-none-eabi/14.3.1/../../../../arm-none-eabi/lib/thumb/v7e-m+dp/hard/libc_nano.a(libc_a-stdio.o)
                0x0800f610                __sclose
 .text._vsnprintf_r
                0x0800f618       0x5c /opt/stm32cubeide/plugins/com.st.stm32cube.ide.mcu.externaltools.gnu-tools-for-stm32.14.3.rel1.linux64_1.0.100.202602081740/tools/bin/../lib/gcc/arm-none-eabi/14.3.1/../../../../arm-none-eabi/lib/thumb/v7e-m+dp/hard/libc_nano.a(libc_a-vsnprintf.o)
                0x0800f618                _vsnprintf_r
                0x0800f618                _vsniprintf_r
 .text.vsnprintf
                0x0800f674       0x1c /opt/stm32cubeide/plugins/com.st.stm32cube.ide.mcu.externaltools.gnu-tools-for-stm32.14.3.rel1.linux64_1.0.100.202602081740/tools/bin/../lib/gcc/arm-none-eabi/14.3.1/../../../../arm-none-eabi/lib/thumb/v7e-m+dp/hard/libc_nano.a(libc_a-vsnprintf.o)
                0x0800f674                vsnprintf
                0x0800f674                vsniprintf
 .text.memset   0x0800f690       0x10 /opt/stm32cubeide/plugins/com.st.stm32cube.ide.mcu.externaltools.gnu-tools-for-stm32.14.3.rel1.linux64_1.0.100.202602081740/tools/bin/../lib/gcc/arm-none-eabi/14.3.1/../../../../arm-none-eabi/lib/thumb/v7e-m+dp/hard/libc_nano.a(libc_a-memset.o)
                0x0800f690                memset
 .text.strncmp  0x0800f6a0       0x24 /opt/stm32cubeide/plugins/com.st.stm32cube.ide.mcu.externaltools.gnu-tools-for-stm32.14.3.rel1.linux64_1.0.100.202602081740/tools/bin/../lib/gcc/arm-none-eabi/14.3.1/../../../../arm-none-eabi/lib/thumb/v7e-m+dp/hard/libc_nano.a(libc_a-strncmp.o)
                0x0800f6a0                strncmp
 .text._localeconv_r
                0x0800f6c4        0x8 /opt/stm32cubeide/plugins/com.st.stm32cube.ide.mcu.externaltools.gnu-tools-for-stm32.14.3.rel1.linux64_1.0.100.202602081740/tools/bin/../lib/gcc/arm-none-eabi/14.3.1/../../../../arm-none-eabi/lib/thumb/v7e-m+dp/hard/libc_nano.a(libc_a-localeconv.o)
                0x0800f6c4                _localeconv_r
 .text._close_r
                0x0800f6cc       0x20 /opt/stm32cubeide/plugins/com.st.stm32cube.ide.mcu.externaltools.gnu-tools-for-stm32.14.3.rel1.linux64_1.0.100.202602081740/tools/bin/../lib/gcc/arm-none-eabi/14.3.1/../../../../arm-none-eabi/lib/thumb/v7e-m+dp/hard/libc_nano.a(libc_a-closer.o)
                0x0800f6cc                _close_r
 .text._lseek_r
                0x0800f6ec       0x24 /opt/stm32cubeide/plugins/com.st.stm32cube.ide.mcu.externaltools.gnu-tools-for-stm32.14.3.rel1.linux64_1.0.100.202602081740/tools/bin/../lib/gcc/arm-none-eabi/14.3.1/../../../../arm-none-eabi/lib/thumb/v7e-m+dp/hard/libc_nano.a(libc_a-lseekr.o)
                0x0800f6ec                _lseek_r
 .text._read_r  0x0800f710       0x24 /opt/stm32cubeide/plugins/com.st.stm32cube.ide.mcu.externaltools.gnu-tools-for-stm32.14.3.rel1.linux64_1.0.100.202602081740/tools/bin/../lib/gcc/arm-none-eabi/14.3.1/../../../../arm-none-eabi/lib/thumb/v7e-m+dp/hard/libc_nano.a(libc_a-readr.o)
                0x0800f710                _read_r
 .text._write_r
                0x0800f734       0x24 /opt/stm32cubeide/plugins/com.st.stm32cube.ide.mcu.externaltools.gnu-tools-for-stm32.14.3.rel1.linux64_1.0.100.202602081740/tools/bin/../lib/gcc/arm-none-eabi/14.3.1/../../../../arm-none-eabi/lib/thumb/v7e-m+dp/hard/libc_nano.a(libc_a-writer.o)
                0x0800f734                _write_r
 .text.__errno  0x0800f758        0xc /opt/stm32cubeide/plugins/com.st.stm32cube.ide.mcu.externaltools.gnu-tools-for-stm32.14.3.rel1.linux64_1.0.100.202602081740/tools/bin/../lib/gcc/arm-none-eabi/14.3.1/../../../../arm-none-eabi/lib/thumb/v7e-m+dp/hard/libc_nano.a(libc_a-errno.o)
                0x0800f758                __errno
 .text.__libc_init_array
                0x0800f764       0x48 /opt/stm32cubeide/plugins/com.st.stm32cube.ide.mcu.externaltools.gnu-tools-for-stm32.14.3.rel1.linux64_1.0.100.202602081740/tools/bin/../lib/gcc/arm-none-eabi/14.3.1/../../../../arm-none-eabi/lib/thumb/v7e-m+dp/hard/libc_nano.a(libc_a-init.o)
                0x0800f764                __libc_init_array
 .text.__retarget_lock_init_recursive
                0x0800f7ac        0x2 /opt/stm32cubeide/plugins/com.st.stm32cube.ide.mcu.externaltools.gnu-tools-for-stm32.14.3.rel1.linux64_1.0.100.202602081740/tools/bin/../lib/gcc/arm-none-eabi/14.3.1/../../../../arm-none-eabi/lib/thumb/v7e-m+dp/hard/libc_nano.a(libc_a-lock.o)
                0x0800f7ac                __retarget_lock_init_recursive
 .text.__retarget_lock_acquire_recursive
                0x0800f7ae        0x2 /opt/stm32cubeide/plugins/com.st.stm32cube.ide.mcu.externaltools.gnu-tools-for-stm32.14.3.rel1.linux64_1.0.100.202602081740/tools/bin/../lib/gcc/arm-none-eabi/14.3.1/../../../../arm-none-eabi/lib/thumb/v7e-m+dp/hard/libc_nano.a(libc_a-lock.o)
                0x0800f7ae                __retarget_lock_acquire_recursive
 .text.__retarget_lock_release_recursive
                0x0800f7b0        0x2 /opt/stm32cubeide/plugins/com.st.stm32cube.ide.mcu.externaltools.gnu-tools-for-stm32.14.3.rel1.linux64_1.0.100.202602081740/tools/bin/../lib/gcc/arm-none-eabi/14.3.1/../../../../arm-none-eabi/lib/thumb/v7e-m+dp/hard/libc_nano.a(libc_a-lock.o)
                0x0800f7b0                __retarget_lock_release_recursive
 .text.memcpy   0x0800f7b2       0x1c /opt/stm32cubeide/plugins/com.st.stm32cube.ide.mcu.externaltools.gnu-tools-for-stm32.14.3.rel1.linux64_1.0.100.202602081740/tools/bin/../lib/gcc/arm-none-eabi/14.3.1/../../../../arm-none-eabi/lib/thumb/v7e-m+dp/hard/libc_nano.a(libc_a-memcpy-stub.o)
                0x0800f7b2                memcpy
 .text.quorem   0x0800f7ce      0x110 /opt/stm32cubeide/plugins/com.st.stm32cube.ide.mcu.externaltools.gnu-tools-for-stm32.14.3.rel1.linux64_1.0.100.202602081740/tools/bin/../lib/gcc/arm-none-eabi/14.3.1/../../../../arm-none-eabi/lib/thumb/v7e-m+dp/hard/libc_nano.a(libc_a-dtoa.o)
 *fill*         0x0800f8de        0x2 
 .text._dtoa_r  0x0800f8e0      0xa94 /opt/stm32cubeide/plugins/com.st.stm32cube.ide.mcu.externaltools.gnu-tools-for-stm32.14.3.rel1.linux64_1.0.100.202602081740/tools/bin/../lib/gcc/arm-none-eabi/14.3.1/../../../../arm-none-eabi/lib/thumb/v7e-m+dp/hard/libc_nano.a(libc_a-dtoa.o)
                0x0800f8e0                _dtoa_r
 .text._free_r  0x08010374       0x94 /opt/stm32cubeide/plugins/com.st.stm32cube.ide.mcu.externaltools.gnu-tools-for-stm32.14.3.rel1.linux64_1.0.100.202602081740/tools/bin/../lib/gcc/arm-none-eabi/14.3.1/../../../../arm-none-eabi/lib/thumb/v7e-m+dp/hard/libc_nano.a(libc_a-freer.o)
                0x08010374                _free_r
 .text.malloc   0x08010408       0x10 /opt/stm32cubeide/plugins/com.st.stm32cube.ide.mcu.externaltools.gnu-tools-for-stm32.14.3.rel1.linux64_1.0.100.202602081740/tools/bin/../lib/gcc/arm-none-eabi/14.3.1/../../../../arm-none-eabi/lib/thumb/v7e-m+dp/hard/libc_nano.a(libc_a-malloc.o)
                0x08010408                malloc
 .text.sbrk_aligned
                0x08010418       0x44 /opt/stm32cubeide/plugins/com.st.stm32cube.ide.mcu.externaltools.gnu-tools-for-stm32.14.3.rel1.linux64_1.0.100.202602081740/tools/bin/../lib/gcc/arm-none-eabi/14.3.1/../../../../arm-none-eabi/lib/thumb/v7e-m+dp/hard/libc_nano.a(libc_a-mallocr.o)
 .text._malloc_r
                0x0801045c      0x100 /opt/stm32cubeide/plugins/com.st.stm32cube.ide.mcu.externaltools.gnu-tools-for-stm32.14.3.rel1.linux64_1.0.100.202602081740/tools/bin/../lib/gcc/arm-none-eabi/14.3.1/../../../../arm-none-eabi/lib/thumb/v7e-m+dp/hard/libc_nano.a(libc_a-mallocr.o)
                0x0801045c                _malloc_r
 .text.__malloc_lock
                0x0801055c        0xc /opt/stm32cubeide/plugins/com.st.stm32cube.ide.mcu.externaltools.gnu-tools-for-stm32.14.3.rel1.linux64_1.0.100.202602081740/tools/bin/../lib/gcc/arm-none-eabi/14.3.1/../../../../arm-none-eabi/lib/thumb/v7e-m+dp/hard/libc_nano.a(libc_a-mlock.o)
                0x0801055c                __malloc_lock
 .text.__malloc_unlock
                0x08010568        0xc /opt/stm32cubeide/plugins/com.st.stm32cube.ide.mcu.externaltools.gnu-tools-for-stm32.14.3.rel1.linux64_1.0.100.202602081740/tools/bin/../lib/gcc/arm-none-eabi/14.3.1/../../../../arm-none-eabi/lib/thumb/v7e-m+dp/hard/libc_nano.a(libc_a-mlock.o)
                0x08010568                __malloc_unlock
 .text._Balloc  0x08010574       0x7c /opt/stm32cubeide/plugins/com.st.stm32cube.ide.mcu.externaltools.gnu-tools-for-stm32.14.3.rel1.linux64_1.0.100.202602081740/tools/bin/../lib/gcc/arm-none-eabi/14.3.1/../../../../arm-none-eabi/lib/thumb/v7e-m+dp/hard/libc_nano.a(libc_a-mprec.o)
                0x08010574                _Balloc
 .text._Bfree   0x080105f0       0x44 /opt/stm32cubeide/plugins/com.st.stm32cube.ide.mcu.externaltools.gnu-tools-for-stm32.14.3.rel1.linux64_1.0.100.202602081740/tools/bin/../lib/gcc/arm-none-eabi/14.3.1/../../../../arm-none-eabi/lib/thumb/v7e-m+dp/hard/libc_nano.a(libc_a-mprec.o)
                0x080105f0                _Bfree
 .text.__multadd
                0x08010634       0x8c /opt/stm32cubeide/plugins/com.st.stm32cube.ide.mcu.externaltools.gnu-tools-for-stm32.14.3.rel1.linux64_1.0.100.202602081740/tools/bin/../lib/gcc/arm-none-eabi/14.3.1/../../../../arm-none-eabi/lib/thumb/v7e-m+dp/hard/libc_nano.a(libc_a-mprec.o)
                0x08010634                __multadd
 .text.__hi0bits
                0x080106c0       0x3e /opt/stm32cubeide/plugins/com.st.stm32cube.ide.mcu.externaltools.gnu-tools-for-stm32.14.3.rel1.linux64_1.0.100.202602081740/tools/bin/../lib/gcc/arm-none-eabi/14.3.1/../../../../arm-none-eabi/lib/thumb/v7e-m+dp/hard/libc_nano.a(libc_a-mprec.o)
                0x080106c0                __hi0bits
 .text.__lo0bits
                0x080106fe       0x5a /opt/stm32cubeide/plugins/com.st.stm32cube.ide.mcu.externaltools.gnu-tools-for-stm32.14.3.rel1.linux64_1.0.100.202602081740/tools/bin/../lib/gcc/arm-none-eabi/14.3.1/../../../../arm-none-eabi/lib/thumb/v7e-m+dp/hard/libc_nano.a(libc_a-mprec.o)
                0x080106fe                __lo0bits
 .text.__i2b    0x08010758       0x2c /opt/stm32cubeide/plugins/com.st.stm32cube.ide.mcu.externaltools.gnu-tools-for-stm32.14.3.rel1.linux64_1.0.100.202602081740/tools/bin/../lib/gcc/arm-none-eabi/14.3.1/../../../../arm-none-eabi/lib/thumb/v7e-m+dp/hard/libc_nano.a(libc_a-mprec.o)
                0x08010758                __i2b
 .text.__multiply
                0x08010784      0x154 /opt/stm32cubeide/plugins/com.st.stm32cube.ide.mcu.externaltools.gnu-tools-for-stm32.14.3.rel1.linux64_1.0.100.202602081740/tools/bin/../lib/gcc/arm-none-eabi/14.3.1/../../../../arm-none-eabi/lib/thumb/v7e-m+dp/hard/libc_nano.a(libc_a-mprec.o)
                0x08010784                __multiply
 .text.__pow5mult
                0x080108d8       0xb8 /opt/stm32cubeide/plugins/com.st.stm32cube.ide.mcu.externaltools.gnu-tools-for-stm32.14.3.rel1.linux64_1.0.100.202602081740/tools/bin/../lib/gcc/arm-none-eabi/14.3.1/../../../../arm-none-eabi/lib/thumb/v7e-m+dp/hard/libc_nano.a(libc_a-mprec.o)
                0x080108d8                __pow5mult
 .text.__lshift
                0x08010990       0xdc /opt/stm32cubeide/plugins/com.st.stm32cube.ide.mcu.externaltools.gnu-tools-for-stm32.14.3.rel1.linux64_1.0.100.202602081740/tools/bin/../lib/gcc/arm-none-eabi/14.3.1/../../../../arm-none-eabi/lib/thumb/v7e-m+dp/hard/libc_nano.a(libc_a-mprec.o)
                0x08010990                __lshift
 .text.__mcmp   0x08010a6c       0x36 /opt/stm32cubeide/plugins/com.st.stm32cube.ide.mcu.externaltools.gnu-tools-for-stm32.14.3.rel1.linux64_1.0.100.202602081740/tools/bin/../lib/gcc/arm-none-eabi/14.3.1/../../../../arm-none-eabi/lib/thumb/v7e-m+dp/hard/libc_nano.a(libc_a-mprec.o)
                0x08010a6c                __mcmp
 *fill*         0x08010aa2        0x2 
 .text.__mdiff  0x08010aa4      0x130 /opt/stm32cubeide/plugins/com.st.stm32cube.ide.mcu.externaltools.gnu-tools-for-stm32.14.3.rel1.linux64_1.0.100.202602081740/tools/bin/../lib/gcc/arm-none-eabi/14.3.1/../../../../arm-none-eabi/lib/thumb/v7e-m+dp/hard/libc_nano.a(libc_a-mprec.o)
                0x08010aa4                __mdiff
 .text.__d2b    0x08010bd4       0xb0 /opt/stm32cubeide/plugins/com.st.stm32cube.ide.mcu.externaltools.gnu-tools-for-stm32.14.3.rel1.linux64_1.0.100.202602081740/tools/bin/../lib/gcc/arm-none-eabi/14.3.1/../../../../arm-none-eabi/lib/thumb/v7e-m+dp/hard/libc_nano.a(libc_a-mprec.o)
                0x08010bd4                __d2b
 .text.__ssputs_r
                0x08010c84       0xc0 /opt/stm32cubeide/plugins/com.st.stm32cube.ide.mcu.externaltools.gnu-tools-for-stm32.14.3.rel1.linux64_1.0.100.202602081740/tools/bin/../lib/gcc/arm-none-eabi/14.3.1/../../../../arm-none-eabi/lib/thumb/v7e-m+dp/hard/libc_nano.a(libc_a-nano-svfprintf.o)
                0x08010c84                __ssputs_r
 .text._svfprintf_r
                0x08010d44      0x1f0 /opt/stm32cubeide/plugins/com.st.stm32cube.ide.mcu.externaltools.gnu-tools-for-stm32.14.3.rel1.linux64_1.0.100.202602081740/tools/bin/../lib/gcc/arm-none-eabi/14.3.1/../../../../arm-none-eabi/lib/thumb/v7e-m+dp/hard/libc_nano.a(libc_a-nano-svfprintf.o)
                0x08010d44                _svfprintf_r
                0x08010d44                _svfiprintf_r
 .text.__sflush_r
                0x08010f34      0x104 /opt/stm32cubeide/plugins/com.st.stm32cube.ide.mcu.externaltools.gnu-tools-for-stm32.14.3.rel1.linux64_1.0.100.202602081740/tools/bin/../lib/gcc/arm-none-eabi/14.3.1/../../../../arm-none-eabi/lib/thumb/v7e-m+dp/hard/libc_nano.a(libc_a-fflush.o)
                0x08010f34                __sflush_r
 .text._fflush_r
                0x08011038       0x50 /opt/stm32cubeide/plugins/com.st.stm32cube.ide.mcu.externaltools.gnu-tools-for-stm32.14.3.rel1.linux64_1.0.100.202602081740/tools/bin/../lib/gcc/arm-none-eabi/14.3.1/../../../../arm-none-eabi/lib/thumb/v7e-m+dp/hard/libc_nano.a(libc_a-fflush.o)
                0x08011038                _fflush_r
 .text.memmove  0x08011088       0x32 /opt/stm32cubeide/plugins/com.st.stm32cube.ide.mcu.externaltools.gnu-tools-for-stm32.14.3.rel1.linux64_1.0.100.202602081740/tools/bin/../lib/gcc/arm-none-eabi/14.3.1/../../../../arm-none-eabi/lib/thumb/v7e-m+dp/hard/libc_nano.a(libc_a-memmove.o)
                0x08011088                memmove
 *fill*         0x080110ba        0x2 
 .text._sbrk_r  0x080110bc       0x20 /opt/stm32cubeide/plugins/com.st.stm32cube.ide.mcu.externaltools.gnu-tools-for-stm32.14.3.rel1.linux64_1.0.100.202602081740/tools/bin/../lib/gcc/arm-none-eabi/14.3.1/../../../../arm-none-eabi/lib/thumb/v7e-m+dp/hard/libc_nano.a(libc_a-sbrkr.o)
                0x080110bc                _sbrk_r
 .text.__assert_func
                0x080110dc       0x3c /opt/stm32cubeide/plugins/com.st.stm32cube.ide.mcu.externaltools.gnu-tools-for-stm32.14.3.rel1.linux64_1.0.100.202602081740/tools/bin/../lib/gcc/arm-none-eabi/14.3.1/../../../../arm-none-eabi/lib/thumb/v7e-m+dp/hard/libc_nano.a(libc_a-assert.o)
                0x080110dc                __assert_func
 .text._calloc_r
                0x08011118       0x28 /opt/stm32cubeide/plugins/com.st.stm32cube.ide.mcu.externaltools.gnu-tools-for-stm32.14.3.rel1.linux64_1.0.100.202602081740/tools/bin/../lib/gcc/arm-none-eabi/14.3.1/../../../../arm-none-eabi/lib/thumb/v7e-m+dp/hard/libc_nano.a(libc_a-callocr.o)
                0x08011118                _calloc_r
 .text.__ascii_mbtowc
                0x08011140       0x24 /opt/stm32cubeide/plugins/com.st.stm32cube.ide.mcu.externaltools.gnu-tools-for-stm32.14.3.rel1.linux64_1.0.100.202602081740/tools/bin/../lib/gcc/arm-none-eabi/14.3.1/../../../../arm-none-eabi/lib/thumb/v7e-m+dp/hard/libc_nano.a(libc_a-mbtowc_r.o)
                0x08011140                __ascii_mbtowc
 .text._realloc_r
                0x08011164       0x5c /opt/stm32cubeide/plugins/com.st.stm32cube.ide.mcu.externaltools.gnu-tools-for-stm32.14.3.rel1.linux64_1.0.100.202602081740/tools/bin/../lib/gcc/arm-none-eabi/14.3.1/../../../../arm-none-eabi/lib/thumb/v7e-m+dp/hard/libc_nano.a(libc_a-reallocr.o)
                0x08011164                _realloc_r
 .text.__ascii_wctomb
                0x080111c0       0x1a /opt/stm32cubeide/plugins/com.st.stm32cube.ide.mcu.externaltools.gnu-tools-for-stm32.14.3.rel1.linux64_1.0.100.202602081740/tools/bin/../lib/gcc/arm-none-eabi/14.3.1/../../../../arm-none-eabi/lib/thumb/v7e-m+dp/hard/libc_nano.a(libc_a-wctomb_r.o)
                0x080111c0                __ascii_wctomb
 *fill*         0x080111da        0x2 
 .text.fprintf  0x080111dc       0x24 /opt/stm32cubeide/plugins/com.st.stm32cube.ide.mcu.externaltools.gnu-tools-for-stm32.14.3.rel1.linux64_1.0.100.202602081740/tools/bin/../lib/gcc/arm-none-eabi/14.3.1/../../../../arm-none-eabi/lib/thumb/v7e-m+dp/hard/libc_nano.a(libc_a-fprintf.o)
                0x080111dc                fprintf
                0x080111dc                fiprintf
 .text.abort    0x08011200        0xe /opt/stm32cubeide/plugins/com.st.stm32cube.ide.mcu.externaltools.gnu-tools-for-stm32.14.3.rel1.linux64_1.0.100.202602081740/tools/bin/../lib/gcc/arm-none-eabi/14.3.1/../../../../arm-none-eabi/lib/thumb/v7e-m+dp/hard/libc_nano.a(libc_a-abort.o)
                0x08011200                abort
 .text._malloc_usable_size_r
                0x0801120e       0x10 /opt/stm32cubeide/plugins/com.st.stm32cube.ide.mcu.externaltools.gnu-tools-for-stm32.14.3.rel1.linux64_1.0.100.202602081740/tools/bin/../lib/gcc/arm-none-eabi/14.3.1/../../../../arm-none-eabi/lib/thumb/v7e-m+dp/hard/libc_nano.a(libc_a-msizer.o)
                0x0801120e                _malloc_usable_size_r
 .text.__sfputc_r
                0x0801121e       0x2e /opt/stm32cubeide/plugins/com.st.stm32cube.ide.mcu.externaltools.gnu-tools-for-stm32.14.3.rel1.linux64_1.0.100.202602081740/tools/bin/../lib/gcc/arm-none-eabi/14.3.1/../../../../arm-none-eabi/lib/thumb/v7e-m+dp/hard/libc_nano.a(libc_a-nano-vfprintf.o)
 .text.__sfputs_r
                0x0801124c       0x24 /opt/stm32cubeide/plugins/com.st.stm32cube.ide.mcu.externaltools.gnu-tools-for-stm32.14.3.rel1.linux64_1.0.100.202602081740/tools/bin/../lib/gcc/arm-none-eabi/14.3.1/../../../../arm-none-eabi/lib/thumb/v7e-m+dp/hard/libc_nano.a(libc_a-nano-vfprintf.o)
                0x0801124c                __sfputs_r
 .text._vfprintf_r
                0x08011270      0x228 /opt/stm32cubeide/plugins/com.st.stm32cube.ide.mcu.externaltools.gnu-tools-for-stm32.14.3.rel1.linux64_1.0.100.202602081740/tools/bin/../lib/gcc/arm-none-eabi/14.3.1/../../../../arm-none-eabi/lib/thumb/v7e-m+dp/hard/libc_nano.a(libc_a-nano-vfprintf.o)
                0x08011270                _vfiprintf_r
                0x08011270                _vfprintf_r
 .text.__swbuf_r
                0x08011498       0x7c /opt/stm32cubeide/plugins/com.st.stm32cube.ide.mcu.externaltools.gnu-tools-for-stm32.14.3.rel1.linux64_1.0.100.202602081740/tools/bin/../lib/gcc/arm-none-eabi/14.3.1/../../../../arm-none-eabi/lib/thumb/v7e-m+dp/hard/libc_nano.a(libc_a-wbuf.o)
                0x08011498                __swbuf_r
 .text.__swsetup_r
                0x08011514       0xa8 /opt/stm32cubeide/plugins/com.st.stm32cube.ide.mcu.externaltools.gnu-tools-for-stm32.14.3.rel1.linux64_1.0.100.202602081740/tools/bin/../lib/gcc/arm-none-eabi/14.3.1/../../../../arm-none-eabi/lib/thumb/v7e-m+dp/hard/libc_nano.a(libc_a-wsetup.o)
                0x08011514                __swsetup_r
 .text._raise_r
                0x080115bc       0x50 /opt/stm32cubeide/plugins/com.st.stm32cube.ide.mcu.externaltools.gnu-tools-for-stm32.14.3.rel1.linux64_1.0.100.202602081740/tools/bin/../lib/gcc/arm-none-eabi/14.3.1/../../../../arm-none-eabi/lib/thumb/v7e-m+dp/hard/libc_nano.a(libc_a-signal.o)
                0x080115bc                _raise_r
 .text.raise    0x0801160c       0x10 /opt/stm32cubeide/plugins/com.st.stm32cube.ide.mcu.externaltools.gnu-tools-for-stm32.14.3.rel1.linux64_1.0.100.202602081740/tools/bin/../lib/gcc/arm-none-eabi/14.3.1/../../../../arm-none-eabi/lib/thumb/v7e-m+dp/hard/libc_nano.a(libc_a-signal.o)
                0x0801160c                raise
 .text._kill_r  0x0801161c       0x24 /opt/stm32cubeide/plugins/com.st.stm32cube.ide.mcu.externaltools.gnu-tools-for-stm32.14.3.rel1.linux64_1.0.100.202602081740/tools/bin/../lib/gcc/arm-none-eabi/14.3.1/../../../../arm-none-eabi/lib/thumb/v7e-m+dp/hard/libc_nano.a(libc_a-signalr.o)
                0x0801161c                _kill_r
 .text._getpid_r
                0x08011640        0x4 /opt/stm32cubeide/plugins/com.st.stm32cube.ide.mcu.externaltools.gnu-tools-for-stm32.14.3.rel1.linux64_1.0.100.202602081740/tools/bin/../lib/gcc/arm-none-eabi/14.3.1/../../../../arm-none-eabi/lib/thumb/v7e-m+dp/hard/libc_nano.a(libc_a-signalr.o)
                0x08011640                _getpid_r
 .text.__swhatbuf_r
                0x08011644       0x48 /opt/stm32cubeide/plugins/com.st.stm32cube.ide.mcu.externaltools.gnu-tools-for-stm32.14.3.rel1.linux64_1.0.100.202602081740/tools/bin/../lib/gcc/arm-none-eabi/14.3.1/../../../../arm-none-eabi/lib/thumb/v7e-m+dp/hard/libc_nano.a(libc_a-makebuf.o)
                0x08011644                __swhatbuf_r
 .text.__smakebuf_r
                0x0801168c       0x72 /opt/stm32cubeide/plugins/com.st.stm32cube.ide.mcu.externaltools.gnu-tools-for-stm32.14.3.rel1.linux64_1.0.100.202602081740/tools/bin/../lib/gcc/arm-none-eabi/14.3.1/../../../../arm-none-eabi/lib/thumb/v7e-m+dp/hard/libc_nano.a(libc_a-makebuf.o)
                0x0801168c                __smakebuf_r
 *fill*         0x080116fe        0x2 
 .text._fstat_r
                0x08011700       0x24 /opt/stm32cubeide/plugins/com.st.stm32cube.ide.mcu.externaltools.gnu-tools-for-stm32.14.3.rel1.linux64_1.0.100.202602081740/tools/bin/../lib/gcc/arm-none-eabi/14.3.1/../../../../arm-none-eabi/lib/thumb/v7e-m+dp/hard/libc_nano.a(libc_a-fstatr.o)
                0x08011700                _fstat_r
 .text._isatty_r
                0x08011724       0x20 /opt/stm32cubeide/plugins/com.st.stm32cube.ide.mcu.externaltools.gnu-tools-for-stm32.14.3.rel1.linux64_1.0.100.202602081740/tools/bin/../lib/gcc/arm-none-eabi/14.3.1/../../../../arm-none-eabi/lib/thumb/v7e-m+dp/hard/libc_nano.a(libc_a-isattyr.o)
                0x08011724                _isatty_r
 *(.glue_7)
 .glue_7        0x08011744        0x0 linker stubs
 *(.glue_7t)
 .glue_7t       0x08011744        0x0 linker stubs
 *(.eh_frame)
 .eh_frame      0x08011744        0x0 /opt/stm32cubeide/plugins/com.st.stm32cube.ide.mcu.externaltools.gnu-tools-for-stm32.14.3.rel1.linux64_1.0.100.202602081740/tools/bin/../lib/gcc/arm-none-eabi/14.3.1/thumb/v7e-m+dp/hard/crtbegin.o
 *(.init)
 .init          0x08011744        0x4 /opt/stm32cubeide/plugins/com.st.stm32cube.ide.mcu.externaltools.gnu-tools-for-stm32.14.3.rel1.linux64_1.0.100.202602081740/tools/bin/../lib/gcc/arm-none-eabi/14.3.1/thumb/v7e-m+dp/hard/crti.o
                0x08011744                _init
 .init          0x08011748        0x8 /opt/stm32cubeide/plugins/com.st.stm32cube.ide.mcu.externaltools.gnu-tools-for-stm32.14.3.rel1.linux64_1.0.100.202602081740/tools/bin/../lib/gcc/arm-none-eabi/14.3.1/thumb/v7e-m+dp/hard/crtn.o
 *(.fini)
 .fini          0x08011750        0x4 /opt/stm32cubeide/plugins/com.st.stm32cube.ide.mcu.externaltools.gnu-tools-for-stm32.14.3.rel1.linux64_1.0.100.202602081740/tools/bin/../lib/gcc/arm-none-eabi/14.3.1/thumb/v7e-m+dp/hard/crti.o
                0x08011750                _fini
 .fini          0x08011754        0x8 /opt/stm32cubeide/plugins/com.st.stm32cube.ide.mcu.externaltools.gnu-tools-for-stm32.14.3.rel1.linux64_1.0.100.202602081740/tools/bin/../lib/gcc/arm-none-eabi/14.3.1/thumb/v7e-m+dp/hard/crtn.o
                0x0801175c                        . = ALIGN (0x4)
                0x0801175c                        _etext = .

.vfp11_veneer   0x0801175c        0x0
 .vfp11_veneer  0x0801175c        0x0 linker stubs

.v4_bx          0x0801175c        0x0
 .v4_bx         0x0801175c        0x0 linker stubs

.iplt           0x0801175c        0x0
 .iplt          0x0801175c        0x0 /opt/stm32cubeide/plugins/com.st.stm32cube.ide.mcu.externaltools.gnu-tools-for-stm32.14.3.rel1.linux64_1.0.100.202602081740/tools/bin/../lib/gcc/arm-none-eabi/14.3.1/thumb/v7e-m+dp/hard/crtbegin.o

.rodata         0x08011760      0xa70
                0x08011760                        . = ALIGN (0x4)
 *(.rodata)
 .rodata        0x08011760       0x90 ./Middlewares/Third_Party/BOSCH_BME/bme68x.o
 *(.rodata*)
 .rodata.D1CorePrescTable
                0x080117f0       0x10 ./Core/Src/system_stm32h7xx.o
                0x080117f0                D1CorePrescTable
 .rodata.UARTPrescTable
                0x08011800       0x18 ./Drivers/STM32H7xx_HAL_Driver/Src/stm32h7xx_hal_uart.o
                0x08011800                UARTPrescTable
 .rodata.numerator.1
                0x08011818        0x8 ./Drivers/STM32H7xx_HAL_Driver/Src/stm32h7xx_hal_uart_ex.o
 .rodata.denominator.0
                0x08011820        0x8 ./Drivers/STM32H7xx_HAL_Driver/Src/stm32h7xx_hal_uart_ex.o
 .rodata.lsm6_init.str1.4
                0x08011828      0x4ef ./Middlewares/ST/lsm6dso/lsm6dso32_device.o
                                 0x3b (size before relaxing)
 *fill*         0x08011d17        0x1 
 .rodata.ExCvt  0x08011d18       0x80 ./Middlewares/Third_Party/FatFs/src/ff.o
 .rodata.create_name.str1.4
                0x08011d98        0xf ./Middlewares/Third_Party/FatFs/src/ff.o
 .rodata.CSV_HEADER
                0x08011d98       0xc4 ./UserCode/DataLogger.o
 .rodata.findHighestLogNumber.str1.4
                0x08011e5c        0x9 ./UserCode/DataLogger.o
 .rodata.createLogFile.str1.4
                0x08011e5c       0x64 ./UserCode/DataLogger.o
 .rodata.writeCSVRow.str1.4
                0x08011e5c       0xed ./UserCode/DataLogger.o
 .rodata.DataLogger_StateMachine_Task.str1.4
                0x08011e5c       0x30 ./UserCode/DataLogger.o
 .rodata.sdCardTeardown.str1.4
                0x08011e5c        0x1 ./UserCode/SD_Card.o
 .rodata.SD_Init.str1.4
                0x08011e5c       0x4a ./UserCode/SD_Card.o
 .rodata.SD_StateMachine.str1.4
                0x08011e5c       0xd0 ./UserCode/SD_Card.o
 .rodata.bme680_init.str1.4
                0x08011e5c       0xdd ./UserCode/bme680_device.o
 .rodata.bme680_triggerMeasurement.str1.4
                0x08011e5c       0x7e ./UserCode/bme680_device.o
 .rodata.bme680_stateMachine.str1.4
                0x08011e5c       0x97 ./UserCode/bme680_device.o
 .rodata._ctype_
                0x08011e5c      0x101 /opt/stm32cubeide/plugins/com.st.stm32cube.ide.mcu.externaltools.gnu-tools-for-stm32.14.3.rel1.linux64_1.0.100.202602081740/tools/bin/../lib/gcc/arm-none-eabi/14.3.1/../../../../arm-none-eabi/lib/thumb/v7e-m+dp/hard/libc_nano.a(libc_a-ctype_.o)
                0x08011e5c                _ctype_
 .rodata._printf_float.str1.1
                0x08011f5d      0x171 /opt/stm32cubeide/plugins/com.st.stm32cube.ide.mcu.externaltools.gnu-tools-for-stm32.14.3.rel1.linux64_1.0.100.202602081740/tools/bin/../lib/gcc/arm-none-eabi/14.3.1/../../../../arm-none-eabi/lib/thumb/v7e-m+dp/hard/libc_nano.a(libc_a-nano-vfprintf_float.o)
                                 0x12 (size before relaxing)
 .rodata._printf_i.str1.1
                0x080120ce       0x22 /opt/stm32cubeide/plugins/com.st.stm32cube.ide.mcu.externaltools.gnu-tools-for-stm32.14.3.rel1.linux64_1.0.100.202602081740/tools/bin/../lib/gcc/arm-none-eabi/14.3.1/../../../../arm-none-eabi/lib/thumb/v7e-m+dp/hard/libc_nano.a(libc_a-nano-vfprintf_i.o)
 .rodata._dtoa_r.str1.1
                0x080120ce       0x8f /opt/stm32cubeide/plugins/com.st.stm32cube.ide.mcu.externaltools.gnu-tools-for-stm32.14.3.rel1.linux64_1.0.100.202602081740/tools/bin/../lib/gcc/arm-none-eabi/14.3.1/../../../../arm-none-eabi/lib/thumb/v7e-m+dp/hard/libc_nano.a(libc_a-dtoa.o)
 .rodata._Balloc.str1.1
                0x080120ce       0x70 /opt/stm32cubeide/plugins/com.st.stm32cube.ide.mcu.externaltools.gnu-tools-for-stm32.14.3.rel1.linux64_1.0.100.202602081740/tools/bin/../lib/gcc/arm-none-eabi/14.3.1/../../../../arm-none-eabi/lib/thumb/v7e-m+dp/hard/libc_nano.a(libc_a-mprec.o)
 .rodata.__multadd.str1.1
                0x080120ce       0x11 /opt/stm32cubeide/plugins/com.st.stm32cube.ide.mcu.externaltools.gnu-tools-for-stm32.14.3.rel1.linux64_1.0.100.202602081740/tools/bin/../lib/gcc/arm-none-eabi/14.3.1/../../../../arm-none-eabi/lib/thumb/v7e-m+dp/hard/libc_nano.a(libc_a-mprec.o)
 *fill*         0x080120ce        0x2 
 .rodata.p05.0  0x080120d0        0xc /opt/stm32cubeide/plugins/com.st.stm32cube.ide.mcu.externaltools.gnu-tools-for-stm32.14.3.rel1.linux64_1.0.100.202602081740/tools/bin/../lib/gcc/arm-none-eabi/14.3.1/../../../../arm-none-eabi/lib/thumb/v7e-m+dp/hard/libc_nano.a(libc_a-mprec.o)
 *fill*         0x080120dc        0x4 
 .rodata.__mprec_bigtens
                0x080120e0       0x28 /opt/stm32cubeide/plugins/com.st.stm32cube.ide.mcu.externaltools.gnu-tools-for-stm32.14.3.rel1.linux64_1.0.100.202602081740/tools/bin/../lib/gcc/arm-none-eabi/14.3.1/../../../../arm-none-eabi/lib/thumb/v7e-m+dp/hard/libc_nano.a(libc_a-mprec.o)
                0x080120e0                __mprec_bigtens
 .rodata.__mprec_tens
                0x08012108       0xc8 /opt/stm32cubeide/plugins/com.st.stm32cube.ide.mcu.externaltools.gnu-tools-for-stm32.14.3.rel1.linux64_1.0.100.202602081740/tools/bin/../lib/gcc/arm-none-eabi/14.3.1/../../../../arm-none-eabi/lib/thumb/v7e-m+dp/hard/libc_nano.a(libc_a-mprec.o)
                0x08012108                __mprec_tens
 .rodata._svfprintf_r.str1.1
                0x080121d0       0x11 /opt/stm32cubeide/plugins/com.st.stm32cube.ide.mcu.externaltools.gnu-tools-for-stm32.14.3.rel1.linux64_1.0.100.202602081740/tools/bin/../lib/gcc/arm-none-eabi/14.3.1/../../../../arm-none-eabi/lib/thumb/v7e-m+dp/hard/libc_nano.a(libc_a-nano-svfprintf.o)
 .rodata._setlocale_r.str1.1
                0x080121d0        0x9 /opt/stm32cubeide/plugins/com.st.stm32cube.ide.mcu.externaltools.gnu-tools-for-stm32.14.3.rel1.linux64_1.0.100.202602081740/tools/bin/../lib/gcc/arm-none-eabi/14.3.1/../../../../arm-none-eabi/lib/thumb/v7e-m+dp/hard/libc_nano.a(libc_a-locale.o)
 .rodata.str1.1
                0x080121d0        0x2 /opt/stm32cubeide/plugins/com.st.stm32cube.ide.mcu.externaltools.gnu-tools-for-stm32.14.3.rel1.linux64_1.0.100.202602081740/tools/bin/../lib/gcc/arm-none-eabi/14.3.1/../../../../arm-none-eabi/lib/thumb/v7e-m+dp/hard/libc_nano.a(libc_a-locale.o)
 .rodata.__assert_func.str1.1
                0x080121d0       0x3d /opt/stm32cubeide/plugins/com.st.stm32cube.ide.mcu.externaltools.gnu-tools-for-stm32.14.3.rel1.linux64_1.0.100.202602081740/tools/bin/../lib/gcc/arm-none-eabi/14.3.1/../../../../arm-none-eabi/lib/thumb/v7e-m+dp/hard/libc_nano.a(libc_a-assert.o)
 .rodata._vfprintf_r.str1.1
                0x080121d0       0x11 /opt/stm32cubeide/plugins/com.st.stm32cube.ide.mcu.externaltools.gnu-tools-for-stm32.14.3.rel1.linux64_1.0.100.202602081740/tools/bin/../lib/gcc/arm-none-eabi/14.3.1/../../../../arm-none-eabi/lib/thumb/v7e-m+dp/hard/libc_nano.a(libc_a-nano-vfprintf.o)
                0x08012210                        . = ALIGN (0x4)

.ARM.extab
 *(.ARM.extab* .gnu.linkonce.armextab.*)

.ARM            0x080121d0        0x8
                0x080121d0                        __exidx_start = .
 *(.ARM.exidx*)
 .ARM.exidx     0x080121d0        0x8 /opt/stm32cubeide/plugins/com.st.stm32cube.ide.mcu.externaltools.gnu-tools-for-stm32.14.3.rel1.linux64_1.0.100.202602081740/tools/bin/../lib/gcc/arm-none-eabi/14.3.1/../../../../arm-none-eabi/lib/thumb/v7e-m+dp/hard/libc_nano.a(libc_a-memchr.o)
 .ARM.exidx     0x080121d8        0x0 /opt/stm32cubeide/plugins/com.st.stm32cube.ide.mcu.externaltools.gnu-tools-for-stm32.14.3.rel1.linux64_1.0.100.202602081740/tools/bin/../lib/gcc/arm-none-eabi/14.3.1/../../../../arm-none-eabi/lib/thumb/v7e-m+dp/hard/libc_nano.a(libc_a-strlen.o)
                                  0x8 (size before relaxing)
 .ARM.exidx     0x080121d8        0x0 /opt/stm32cubeide/plugins/com.st.stm32cube.ide.mcu.externaltools.gnu-tools-for-stm32.14.3.rel1.linux64_1.0.100.202602081740/tools/bin/../lib/gcc/arm-none-eabi/14.3.1/thumb/v7e-m+dp/hard/libgcc.a(_udivmoddi4.o)
                                  0x8 (size before relaxing)
                0x080121d8                        __exidx_end = .

.preinit_array  0x080121d8        0x0
                0x080121d8                        PROVIDE (__preinit_array_start = .)
 *(.preinit_array*)
                0x080121d8                        PROVIDE (__preinit_array_end = .)

.init_array     0x080121d8        0x4
                0x080121d8                        PROVIDE (__init_array_start = .)
 *(SORT_BY_NAME(.init_array.*))
 *(.init_array*)
 .init_array    0x080121d8        0x4 /opt/stm32cubeide/plugins/com.st.stm32cube.ide.mcu.externaltools.gnu-tools-for-stm32.14.3.rel1.linux64_1.0.100.202602081740/tools/bin/../lib/gcc/arm-none-eabi/14.3.1/thumb/v7e-m+dp/hard/crtbegin.o
                0x080121dc                        PROVIDE (__init_array_end = .)

.fini_array     0x080121dc        0x4
                [!provide]                        PROVIDE (__fini_array_start = .)
 *(SORT_BY_NAME(.fini_array.*))
 *(.fini_array*)
 .fini_array    0x080121dc        0x4 /opt/stm32cubeide/plugins/com.st.stm32cube.ide.mcu.externaltools.gnu-tools-for-stm32.14.3.rel1.linux64_1.0.100.202602081740/tools/bin/../lib/gcc/arm-none-eabi/14.3.1/thumb/v7e-m+dp/hard/crtbegin.o
                [!provide]                        PROVIDE (__fini_array_end = .)
                0x080121e0                        _sidata = LOADADDR (.data)

.rel.dyn        0x080121e0        0x0
 .rel.iplt      0x080121e0        0x0 /opt/stm32cubeide/plugins/com.st.stm32cube.ide.mcu.externaltools.gnu-tools-for-stm32.14.3.rel1.linux64_1.0.100.202602081740/tools/bin/../lib/gcc/arm-none-eabi/14.3.1/thumb/v7e-m+dp/hard/crtbegin.o

.data           0x24000000      0x1f4 load address 0x080121e0
                0x24000000                        . = ALIGN (0x4)
                0x24000000                        _sdata = .
 *(.data)
 *(.data*)
 .data.SystemCoreClock
                0x24000000        0x4 ./Core/Src/system_stm32h7xx.o
                0x24000000                SystemCoreClock
 .data.SystemD2Clock
                0x24000004        0x4 ./Core/Src/system_stm32h7xx.o
                0x24000004                SystemD2Clock
 .data.uwTickPrio
                0x24000008        0x4 ./Drivers/STM32H7xx_HAL_Driver/Src/stm32h7xx_hal.o
                0x24000008                uwTickPrio
 .data.uwTickFreq
                0x2400000c        0x1 ./Drivers/STM32H7xx_HAL_Driver/Src/stm32h7xx_hal.o
                0x2400000c                uwTickFreq