../Core/Src/main.c:81:6:myprintf	16	static
../Core/Src/main.c:97:5:main	8	static
../Core/Src/main.c:165:6:SystemClock_Config	120	static
../Core/Src/main.c:215:6:PeriphCommonClock_Config	200	static
../Core/Src/main.c:234:13:MX_I2C4_Init	8	static
../Core/Src/main.c:282:13:MX_SPI1_Init	8	static
../Core/Src/main.c:330:13:MX_SPI2_Init	8	static
../Core/Src/main.c:378:13:MX_SPI3_Init	8	static
../Core/Src/main.c:426:13:MX_USART3_UART_Init	8	static
../Core/Src/main.c:474:13:MX_GPIO_Init	48	static
../Core/Src/main.c:549:13:LED_Toggle	8	static
../Core/Src/main.c:557:6:MPU_Config	24	static
../Core/Src/main.c:588:6:Error_Handler	4	static,ignoring_inline_asm
