../Core/Src/main.c:80:6:myprintf	16	static
../Core/Src/main.c:96:5:main	16	static
../Core/Src/main.c:198:6:SystemClock_Config	120	static
../Core/Src/main.c:248:6:PeriphCommonClock_Config	200	static
../Core/Src/main.c:267:13:MX_I2C4_Init	8	static
../Core/Src/main.c:315:13:MX_SPI1_Init	8	static
../Core/Src/main.c:363:13:MX_SPI2_Init	8	static
../Core/Src/main.c:411:13:MX_SPI3_Init	8	static
../Core/Src/main.c:459:13:MX_USART3_UART_Init	8	static
../Core/Src/main.c:507:13:MX_GPIO_Init	48	static
../Core/Src/main.c:587:6:MPU_Config	24	static
../Core/Src/main.c:618:6:Error_Handler	4	static,ignoring_inline_asm
