../FATFS/Target/user_diskio_spi.c:86:6:SPI_Timer_On	16	static
../FATFS/Target/user_diskio_spi.c:91:9:SPI_Timer_Status	8	static
../FATFS/Target/user_diskio_spi.c:101:6:xchg_spi	32	static
../FATFS/Target/user_diskio_spi.c:113:6:rcvr_spi_multi	32	static
../FATFS/Target/user_diskio_spi.c:141:13:fclk_fast	16	static
../FATFS/Target/user_diskio_spi.c:154:13:fclk_slow	16	static
../FATFS/Target/user_diskio_spi.c:171:6:xmit_spi_multi	16	static
../FATFS/Target/user_diskio_spi.c:186:5:wait_ready	32	static
../FATFS/Target/user_diskio_spi.c:213:6:despiselect	8	static
../FATFS/Target/user_diskio_spi.c:227:5:spiselect	8	static
../FATFS/Target/user_diskio_spi.c:244:5:rcvr_datablock	24	static
../FATFS/Target/user_diskio_spi.c:273:5:xmit_datablock	24	static
../FATFS/Target/user_diskio_spi.c:301:6:send_cmd	24	static
../FATFS/Target/user_diskio_spi.c:376:16:USER_SPI_initialize	32	static
../FATFS/Target/user_diskio_spi.c:453:6:USER_SPI_deinitialize	8	static
../FATFS/Target/user_diskio_spi.c:479:16:USER_SPI_status	16	static
../FATFS/Target/user_diskio_spi.c:494:16:USER_SPI_read	24	static
../FATFS/Target/user_diskio_spi.c:533:16:USER_SPI_write	24	static
../FATFS/Target/user_diskio_spi.c:574:16:USER_SPI_ioctl	56	static
