../FATFS/Target/user_diskio_spi.c:116:6:SPI_Timer_On	16	static
../FATFS/Target/user_diskio_spi.c:121:9:SPI_Timer_Status	8	static
../FATFS/Target/user_diskio_spi.c:131:6:xchg_spi	32	static
../FATFS/Target/user_diskio_spi.c:143:6:rcvr_spi_multi	32	static
../FATFS/Target/user_diskio_spi.c:157:6:xmit_spi_multi	16	static
../FATFS/Target/user_diskio_spi.c:172:5:wait_ready	32	static
../FATFS/Target/user_diskio_spi.c:199:6:despiselect	8	static
../FATFS/Target/user_diskio_spi.c:213:5:spiselect	8	static
../FATFS/Target/user_diskio_spi.c:230:5:rcvr_datablock	24	static
../FATFS/Target/user_diskio_spi.c:259:5:xmit_datablock	24	static
../FATFS/Target/user_diskio_spi.c:287:6:send_cmd	24	static
../FATFS/Target/user_diskio_spi.c:362:16:USER_SPI_initialize	32	static
../FATFS/Target/user_diskio_spi.c:439:6:USER_SPI_deinitialize	8	static
../FATFS/Target/user_diskio_spi.c:453:16:USER_SPI_status	16	static
../FATFS/Target/user_diskio_spi.c:468:16:USER_SPI_read	24	static
../FATFS/Target/user_diskio_spi.c:507:16:USER_SPI_write	24	static
../FATFS/Target/user_diskio_spi.c:548:16:USER_SPI_ioctl	56	static
