../Middlewares/ST/lsm6dso/lsm6dso32_reg.c:48:16:lsm6dso32_read_reg	40	static
../Middlewares/ST/lsm6dso/lsm6dso32_reg.c:71:16:lsm6dso32_write_reg	40	static
../Middlewares/ST/lsm6dso/lsm6dso32_reg.c:95:9:lsm6dso32_from_fs4_to_mg	16	static
../Middlewares/ST/lsm6dso/lsm6dso32_reg.c:100:9:lsm6dso32_from_fs8_to_mg	16	static
../Middlewares/ST/lsm6dso/lsm6dso32_reg.c:105:9:lsm6dso32_from_fs16_to_mg	16	static
../Middlewares/ST/lsm6dso/lsm6dso32_reg.c:110:9:lsm6dso32_from_fs32_to_mg	16	static
../Middlewares/ST/lsm6dso/lsm6dso32_reg.c:115:9:lsm6dso32_from_fs125_to_mdps	16	static
../Middlewares/ST/lsm6dso/lsm6dso32_reg.c:120:9:lsm6dso32_from_fs250_to_mdps	16	static
../Middlewares/ST/lsm6dso/lsm6dso32_reg.c:125:9:lsm6dso32_from_fs500_to_mdps	16	static
../Middlewares/ST/lsm6dso/lsm6dso32_reg.c:130:9:lsm6dso32_from_fs1000_to_mdps	16	static
../Middlewares/ST/lsm6dso/lsm6dso32_reg.c:135:9:lsm6dso32_from_fs2000_to_mdps	16	static
../Middlewares/ST/lsm6dso/lsm6dso32_reg.c:140:9:lsm6dso32_from_lsb_to_celsius	16	static
../Middlewares/ST/lsm6dso/lsm6dso32_reg.c:145:9:lsm6dso32_from_lsb_to_nsec	16	static
../Middlewares/ST/lsm6dso/lsm6dso32_reg.c:170:9:lsm6dso32_xl_full_scale_set	24	static
../Middlewares/ST/lsm6dso/lsm6dso32_reg.c:197:9:lsm6dso32_xl_full_scale_get	24	static
../Middlewares/ST/lsm6dso/lsm6dso32_reg.c:242:9:lsm6dso32_xl_data_rate_set	32	static
../Middlewares/ST/lsm6dso/lsm6dso32_reg.c:309:9:lsm6dso32_xl_data_rate_get	32	static
../Middlewares/ST/lsm6dso/lsm6dso32_reg.c:435:9:lsm6dso32_gy_full_scale_set	24	static
../Middlewares/ST/lsm6dso/lsm6dso32_reg.c:460:9:lsm6dso32_gy_full_scale_get	24	static
../Middlewares/ST/lsm6dso/lsm6dso32_reg.c:508:9:lsm6dso32_gy_data_rate_set	32	static
../Middlewares/ST/lsm6dso/lsm6dso32_reg.c:556:9:lsm6dso32_gy_data_rate_get	32	static
../Middlewares/ST/lsm6dso/lsm6dso32_reg.c:650:9:lsm6dso32_block_data_update_set	24	static
../Middlewares/ST/lsm6dso/lsm6dso32_reg.c:675:9:lsm6dso32_block_data_update_get	24	static
../Middlewares/ST/lsm6dso/lsm6dso32_reg.c:699:9:lsm6dso32_xl_offset_weight_set	24	static
../Middlewares/ST/lsm6dso/lsm6dso32_reg.c:725:9:lsm6dso32_xl_offset_weight_get	24	static
../Middlewares/ST/lsm6dso/lsm6dso32_reg.c:763:9:lsm6dso32_all_sources_get	24	static
../Middlewares/ST/lsm6dso/lsm6dso32_reg.c:831:9:lsm6dso32_status_reg_get	24	static
../Middlewares/ST/lsm6dso/lsm6dso32_reg.c:849:9:lsm6dso32_xl_flag_data_ready_get	24	static
../Middlewares/ST/lsm6dso/lsm6dso32_reg.c:872:9:lsm6dso32_gy_flag_data_ready_get	24	static
../Middlewares/ST/lsm6dso/lsm6dso32_reg.c:895:9:lsm6dso32_temp_flag_data_ready_get	24	static
../Middlewares/ST/lsm6dso/lsm6dso32_reg.c:920:9:lsm6dso32_xl_usr_offset_x_set	24	static
../Middlewares/ST/lsm6dso/lsm6dso32_reg.c:940:9:lsm6dso32_xl_usr_offset_x_get	24	static
../Middlewares/ST/lsm6dso/lsm6dso32_reg.c:960:9:lsm6dso32_xl_usr_offset_y_set	24	static
../Middlewares/ST/lsm6dso/lsm6dso32_reg.c:980:9:lsm6dso32_xl_usr_offset_y_get	24	static
../Middlewares/ST/lsm6dso/lsm6dso32_reg.c:1000:9:lsm6dso32_xl_usr_offset_z_set	24	static
../Middlewares/ST/lsm6dso/lsm6dso32_reg.c:1020:9:lsm6dso32_xl_usr_offset_z_get	24	static
../Middlewares/ST/lsm6dso/lsm6dso32_reg.c:1038:9:lsm6dso32_xl_usr_offset_set	24	static
../Middlewares/ST/lsm6dso/lsm6dso32_reg.c:1062:9:lsm6dso32_xl_usr_offset_get	24	static
../Middlewares/ST/lsm6dso/lsm6dso32_reg.c:1097:9:lsm6dso32_timestamp_set	24	static
../Middlewares/ST/lsm6dso/lsm6dso32_reg.c:1121:9:lsm6dso32_timestamp_get	24	static
../Middlewares/ST/lsm6dso/lsm6dso32_reg.c:1145:9:lsm6dso32_timestamp_raw_get	24	static
../Middlewares/ST/lsm6dso/lsm6dso32_reg.c:1183:9:lsm6dso32_rounding_mode_set	24	static
../Middlewares/ST/lsm6dso/lsm6dso32_reg.c:1208:9:lsm6dso32_rounding_mode_get	24	static
../Middlewares/ST/lsm6dso/lsm6dso32_reg.c:1254:9:lsm6dso32_temperature_raw_get	24	static
../Middlewares/ST/lsm6dso/lsm6dso32_reg.c:1278:9:lsm6dso32_angular_rate_raw_get	32	static
../Middlewares/ST/lsm6dso/lsm6dso32_reg.c:1307:9:lsm6dso32_acceleration_raw_get	32	static
../Middlewares/ST/lsm6dso/lsm6dso32_reg.c:1335:9:lsm6dso32_fifo_out_raw_get	24	static
../Middlewares/ST/lsm6dso/lsm6dso32_reg.c:1352:9:lsm6dso32_number_of_steps_get	24	static
../Middlewares/ST/lsm6dso/lsm6dso32_reg.c:1383:9:lsm6dso32_steps_reset	24	static
../Middlewares/ST/lsm6dso/lsm6dso32_reg.c:1430:9:lsm6dso32_odr_cal_reg_set	24	static
../Middlewares/ST/lsm6dso/lsm6dso32_reg.c:1458:9:lsm6dso32_odr_cal_reg_get	24	static
../Middlewares/ST/lsm6dso/lsm6dso32_reg.c:1483:9:lsm6dso32_mem_bank_set	24	static
../Middlewares/ST/lsm6dso/lsm6dso32_reg.c:1511:9:lsm6dso32_mem_bank_get	24	static
../Middlewares/ST/lsm6dso/lsm6dso32_reg.c:1553:9:lsm6dso32_ln_pg_write_byte	24	static
../Middlewares/ST/lsm6dso/lsm6dso32_reg.c:1568:9:lsm6dso32_ln_pg_write	48	static
../Middlewares/ST/lsm6dso/lsm6dso32_reg.c:1652:9:lsm6dso32_ln_pg_read_byte	24	static
../Middlewares/ST/lsm6dso/lsm6dso32_reg.c:1657:9:lsm6dso32_ln_pg_read	48	static
../Middlewares/ST/lsm6dso/lsm6dso32_reg.c:1741:9:lsm6dso32_data_ready_mode_set	24	static
../Middlewares/ST/lsm6dso/lsm6dso32_reg.c:1770:9:lsm6dso32_data_ready_mode_get	24	static
../Middlewares/ST/lsm6dso/lsm6dso32_reg.c:1807:9:lsm6dso32_device_id_get	24	static
../Middlewares/ST/lsm6dso/lsm6dso32_reg.c:1825:9:lsm6dso32_reset_set	24	static
../Middlewares/ST/lsm6dso/lsm6dso32_reg.c:1849:9:lsm6dso32_reset_get	24	static
../Middlewares/ST/lsm6dso/lsm6dso32_reg.c:1872:9:lsm6dso32_auto_increment_set	24	static
../Middlewares/ST/lsm6dso/lsm6dso32_reg.c:1897:9:lsm6dso32_auto_increment_get	24	static
../Middlewares/ST/lsm6dso/lsm6dso32_reg.c:1919:9:lsm6dso32_boot_set	24	static
../Middlewares/ST/lsm6dso/lsm6dso32_reg.c:1943:9:lsm6dso32_boot_get	24	static
../Middlewares/ST/lsm6dso/lsm6dso32_reg.c:1965:9:lsm6dso32_xl_self_test_set	24	static
../Middlewares/ST/lsm6dso/lsm6dso32_reg.c:1990:9:lsm6dso32_xl_self_test_get	24	static
../Middlewares/ST/lsm6dso/lsm6dso32_reg.c:2030:9:lsm6dso32_gy_self_test_set	24	static
../Middlewares/ST/lsm6dso/lsm6dso32_reg.c:2055:9:lsm6dso32_gy_self_test_get	24	static
../Middlewares/ST/lsm6dso/lsm6dso32_reg.c:2108:9:lsm6dso32_xl_filter_lp2_set	24	static
../Middlewares/ST/lsm6dso/lsm6dso32_reg.c:2132:9:lsm6dso32_xl_filter_lp2_get	24	static
../Middlewares/ST/lsm6dso/lsm6dso32_reg.c:2156:9:lsm6dso32_gy_filter_lp1_set	24	static
../Middlewares/ST/lsm6dso/lsm6dso32_reg.c:2182:9:lsm6dso32_gy_filter_lp1_get	24	static
../Middlewares/ST/lsm6dso/lsm6dso32_reg.c:2205:9:lsm6dso32_filter_settling_mask_set	24	static
../Middlewares/ST/lsm6dso/lsm6dso32_reg.c:2231:9:lsm6dso32_filter_settling_mask_get	24	static
../Middlewares/ST/lsm6dso/lsm6dso32_reg.c:2254:9:lsm6dso32_gy_lp1_bandwidth_set	24	static
../Middlewares/ST/lsm6dso/lsm6dso32_reg.c:2279:9:lsm6dso32_gy_lp1_bandwidth_get	24	static
../Middlewares/ST/lsm6dso/lsm6dso32_reg.c:2339:9:lsm6dso32_xl_lp2_on_6d_set	24	static
../Middlewares/ST/lsm6dso/lsm6dso32_reg.c:2363:9:lsm6dso32_xl_lp2_on_6d_get	24	static
../Middlewares/ST/lsm6dso/lsm6dso32_reg.c:2387:9:lsm6dso32_xl_hp_path_on_out_set	24	static
../Middlewares/ST/lsm6dso/lsm6dso32_reg.c:2415:9:lsm6dso32_xl_hp_path_on_out_get	24	static
../Middlewares/ST/lsm6dso/lsm6dso32_reg.c:2539:9:lsm6dso32_xl_fast_settling_set	24	static
../Middlewares/ST/lsm6dso/lsm6dso32_reg.c:2565:9:lsm6dso32_xl_fast_settling_get	24	static
../Middlewares/ST/lsm6dso/lsm6dso32_reg.c:2589:9:lsm6dso32_xl_hp_path_internal_set	24	static
../Middlewares/ST/lsm6dso/lsm6dso32_reg.c:2615:9:lsm6dso32_xl_hp_path_internal_get	24	static
../Middlewares/ST/lsm6dso/lsm6dso32_reg.c:2652:9:lsm6dso32_gy_hp_path_internal_set	24	static
../Middlewares/ST/lsm6dso/lsm6dso32_reg.c:2679:9:lsm6dso32_gy_hp_path_internal_get	24	static
../Middlewares/ST/lsm6dso/lsm6dso32_reg.c:2741:9:lsm6dso32_sdo_sa0_mode_set	24	static
../Middlewares/ST/lsm6dso/lsm6dso32_reg.c:2766:9:lsm6dso32_sdo_sa0_mode_get	24	static
../Middlewares/ST/lsm6dso/lsm6dso32_reg.c:2802:9:lsm6dso32_spi_mode_set	24	static
../Middlewares/ST/lsm6dso/lsm6dso32_reg.c:2826:9:lsm6dso32_spi_mode_get	24	static
../Middlewares/ST/lsm6dso/lsm6dso32_reg.c:2863:9:lsm6dso32_i2c_interface_set	24	static
../Middlewares/ST/lsm6dso/lsm6dso32_reg.c:2889:9:lsm6dso32_i2c_interface_get	24	static
../Middlewares/ST/lsm6dso/lsm6dso32_reg.c:2925:9:lsm6dso32_i3c_disable_set	32	static
../Middlewares/ST/lsm6dso/lsm6dso32_reg.c:2966:9:lsm6dso32_i3c_disable_get	32	static
../Middlewares/ST/lsm6dso/lsm6dso32_reg.c:3031:9:lsm6dso32_int1_mode_set	24	static
../Middlewares/ST/lsm6dso/lsm6dso32_reg.c:3056:9:lsm6dso32_int1_mode_get	24	static
../Middlewares/ST/lsm6dso/lsm6dso32_reg.c:3094:9:lsm6dso32_pin_int1_route_set	32	static
../Middlewares/ST/lsm6dso/lsm6dso32_reg.c:3229:9:lsm6dso32_pin_int1_route_get	24	static
../Middlewares/ST/lsm6dso/lsm6dso32_reg.c:3280:9:lsm6dso32_pin_int2_route_set	32	static
../Middlewares/ST/lsm6dso/lsm6dso32_reg.c:3415:9:lsm6dso32_pin_int2_route_get	24	static
../Middlewares/ST/lsm6dso/lsm6dso32_reg.c:3465:9:lsm6dso32_pin_mode_set	24	static
../Middlewares/ST/lsm6dso/lsm6dso32_reg.c:3490:9:lsm6dso32_pin_mode_get	24	static
../Middlewares/ST/lsm6dso/lsm6dso32_reg.c:3526:9:lsm6dso32_pin_polarity_set	24	static
../Middlewares/ST/lsm6dso/lsm6dso32_reg.c:3551:9:lsm6dso32_pin_polarity_get	24	static
../Middlewares/ST/lsm6dso/lsm6dso32_reg.c:3587:9:lsm6dso32_all_on_int1_set	24	static
../Middlewares/ST/lsm6dso/lsm6dso32_reg.c:3611:9:lsm6dso32_all_on_int1_get	24	static
../Middlewares/ST/lsm6dso/lsm6dso32_reg.c:3633:9:lsm6dso32_int_notification_set	32	static
../Middlewares/ST/lsm6dso/lsm6dso32_reg.c:3681:9:lsm6dso32_int_notification_get	32	static
../Middlewares/ST/lsm6dso/lsm6dso32_reg.c:3756:9:lsm6dso32_wkup_ths_weight_set	24	static
../Middlewares/ST/lsm6dso/lsm6dso32_reg.c:3784:9:lsm6dso32_wkup_ths_weight_get	24	static
../Middlewares/ST/lsm6dso/lsm6dso32_reg.c:3821:9:lsm6dso32_wkup_threshold_set	24	static
../Middlewares/ST/lsm6dso/lsm6dso32_reg.c:3846:9:lsm6dso32_wkup_threshold_get	24	static
../Middlewares/ST/lsm6dso/lsm6dso32_reg.c:3869:9:lsm6dso32_xl_usr_offset_on_wkup_set	24	static
../Middlewares/ST/lsm6dso/lsm6dso32_reg.c:3895:9:lsm6dso32_xl_usr_offset_on_wkup_get	24	static
../Middlewares/ST/lsm6dso/lsm6dso32_reg.c:3919:9:lsm6dso32_wkup_dur_set	24	static
../Middlewares/ST/lsm6dso/lsm6dso32_reg.c:3944:9:lsm6dso32_wkup_dur_get	24	static
../Middlewares/ST/lsm6dso/lsm6dso32_reg.c:3979:9:lsm6dso32_gy_sleep_mode_set	24	static
../Middlewares/ST/lsm6dso/lsm6dso32_reg.c:4003:9:lsm6dso32_gy_sleep_mode_get	24	static
../Middlewares/ST/lsm6dso/lsm6dso32_reg.c:4028:9:lsm6dso32_act_pin_notification_set	24	static
../Middlewares/ST/lsm6dso/lsm6dso32_reg.c:4056:9:lsm6dso32_act_pin_notification_get	24	static
../Middlewares/ST/lsm6dso/lsm6dso32_reg.c:4092:9:lsm6dso32_act_mode_set	24	static
../Middlewares/ST/lsm6dso/lsm6dso32_reg.c:4117:9:lsm6dso32_act_mode_get	24	static
../Middlewares/ST/lsm6dso/lsm6dso32_reg.c:4162:9:lsm6dso32_act_sleep_dur_set	24	static
../Middlewares/ST/lsm6dso/lsm6dso32_reg.c:4187:9:lsm6dso32_act_sleep_dur_get	24	static
../Middlewares/ST/lsm6dso/lsm6dso32_reg.c:4222:9:lsm6dso32_tap_detection_on_z_set	24	static
../Middlewares/ST/lsm6dso/lsm6dso32_reg.c:4247:9:lsm6dso32_tap_detection_on_z_get	24	static
../Middlewares/ST/lsm6dso/lsm6dso32_reg.c:4270:9:lsm6dso32_tap_detection_on_y_set	24	static
../Middlewares/ST/lsm6dso/lsm6dso32_reg.c:4295:9:lsm6dso32_tap_detection_on_y_get	24	static
../Middlewares/ST/lsm6dso/lsm6dso32_reg.c:4318:9:lsm6dso32_tap_detection_on_x_set	24	static
../Middlewares/ST/lsm6dso/lsm6dso32_reg.c:4343:9:lsm6dso32_tap_detection_on_x_get	24	static
../Middlewares/ST/lsm6dso/lsm6dso32_reg.c:4366:9:lsm6dso32_tap_threshold_x_set	24	static
../Middlewares/ST/lsm6dso/lsm6dso32_reg.c:4390:9:lsm6dso32_tap_threshold_x_get	24	static
../Middlewares/ST/lsm6dso/lsm6dso32_reg.c:4412:9:lsm6dso32_tap_axis_priority_set	24	static
../Middlewares/ST/lsm6dso/lsm6dso32_reg.c:4437:9:lsm6dso32_tap_axis_priority_get	24	static
../Middlewares/ST/lsm6dso/lsm6dso32_reg.c:4489:9:lsm6dso32_tap_threshold_y_set	24	static
../Middlewares/ST/lsm6dso/lsm6dso32_reg.c:4513:9:lsm6dso32_tap_threshold_y_get	24	static
../Middlewares/ST/lsm6dso/lsm6dso32_reg.c:4535:9:lsm6dso32_tap_threshold_z_set	24	static
../Middlewares/ST/lsm6dso/lsm6dso32_reg.c:4559:9:lsm6dso32_tap_threshold_z_get	24	static
../Middlewares/ST/lsm6dso/lsm6dso32_reg.c:4586:9:lsm6dso32_tap_shock_set	24	static
../Middlewares/ST/lsm6dso/lsm6dso32_reg.c:4615:9:lsm6dso32_tap_shock_get	24	static
../Middlewares/ST/lsm6dso/lsm6dso32_reg.c:4643:9:lsm6dso32_tap_quiet_set	24	static
../Middlewares/ST/lsm6dso/lsm6dso32_reg.c:4673:9:lsm6dso32_tap_quiet_get	24	static
../Middlewares/ST/lsm6dso/lsm6dso32_reg.c:4702:9:lsm6dso32_tap_dur_set	24	static
../Middlewares/ST/lsm6dso/lsm6dso32_reg.c:4733:9:lsm6dso32_tap_dur_get	24	static
../Middlewares/ST/lsm6dso/lsm6dso32_reg.c:4755:9:lsm6dso32_tap_mode_set	24	static
../Middlewares/ST/lsm6dso/lsm6dso32_reg.c:4780:9:lsm6dso32_tap_mode_get	24	static
../Middlewares/ST/lsm6dso/lsm6dso32_reg.c:4829:9:lsm6dso32_6d_threshold_set	24	static
../Middlewares/ST/lsm6dso/lsm6dso32_reg.c:4854:9:lsm6dso32_6d_threshold_get	24	static
../Middlewares/ST/lsm6dso/lsm6dso32_reg.c:4890:9:lsm6dso32_4d_mode_set	24	static
../Middlewares/ST/lsm6dso/lsm6dso32_reg.c:4914:9:lsm6dso32_4d_mode_get	24	static
../Middlewares/ST/lsm6dso/lsm6dso32_reg.c:4949:9:lsm6dso32_ff_threshold_set	24	static
../Middlewares/ST/lsm6dso/lsm6dso32_reg.c:4974:9:lsm6dso32_ff_threshold_get	24	static
../Middlewares/ST/lsm6dso/lsm6dso32_reg.c:5015:9:lsm6dso32_ff_dur_set	32	static
../Middlewares/ST/lsm6dso/lsm6dso32_reg.c:5056:9:lsm6dso32_ff_dur_get	32	static
../Middlewares/ST/lsm6dso/lsm6dso32_reg.c:5095:9:lsm6dso32_fifo_watermark_set	32	static
../Middlewares/ST/lsm6dso/lsm6dso32_reg.c:5129:9:lsm6dso32_fifo_watermark_get	32	static
../Middlewares/ST/lsm6dso/lsm6dso32_reg.c:5157:9:lsm6dso32_compression_algo_init_set	24	static
../Middlewares/ST/lsm6dso/lsm6dso32_reg.c:5192:9:lsm6dso32_compression_algo_init_get	24	static
../Middlewares/ST/lsm6dso/lsm6dso32_reg.c:5225:9:lsm6dso32_compression_algo_set	32	static
../Middlewares/ST/lsm6dso/lsm6dso32_reg.c:5275:9:lsm6dso32_compression_algo_get	24	static
../Middlewares/ST/lsm6dso/lsm6dso32_reg.c:5323:9:lsm6dso32_fifo_virtual_sens_odr_chg_set	24	static
../Middlewares/ST/lsm6dso/lsm6dso32_reg.c:5348:9:lsm6dso32_fifo_virtual_sens_odr_chg_get	24	static
../Middlewares/ST/lsm6dso/lsm6dso32_reg.c:5372:9:lsm6dso32_compression_algo_real_time_set	24	static
../Middlewares/ST/lsm6dso/lsm6dso32_reg.c:5397:9:lsm6dso32_compression_algo_real_time_get	24	static
../Middlewares/ST/lsm6dso/lsm6dso32_reg.c:5421:9:lsm6dso32_fifo_stop_on_wtm_set	24	static
../Middlewares/ST/lsm6dso/lsm6dso32_reg.c:5446:9:lsm6dso32_fifo_stop_on_wtm_get	24	static
../Middlewares/ST/lsm6dso/lsm6dso32_reg.c:5470:9:lsm6dso32_fifo_xl_batch_set	24	static
../Middlewares/ST/lsm6dso/lsm6dso32_reg.c:5496:9:lsm6dso32_fifo_xl_batch_get	24	static
../Middlewares/ST/lsm6dso/lsm6dso32_reg.c:5573:9:lsm6dso32_fifo_gy_batch_set	24	static
../Middlewares/ST/lsm6dso/lsm6dso32_reg.c:5599:9:lsm6dso32_fifo_gy_batch_get	24	static
../Middlewares/ST/lsm6dso/lsm6dso32_reg.c:5675:9:lsm6dso32_fifo_mode_set	24	static
../Middlewares/ST/lsm6dso/lsm6dso32_reg.c:5700:9:lsm6dso32_fifo_mode_get	24	static
../Middlewares/ST/lsm6dso/lsm6dso32_reg.c:5753:9:lsm6dso32_fifo_temp_batch_set	24	static
../Middlewares/ST/lsm6dso/lsm6dso32_reg.c:5779:9:lsm6dso32_fifo_temp_batch_get	24	static
../Middlewares/ST/lsm6dso/lsm6dso32_reg.c:5825:9:lsm6dso32_fifo_timestamp_decimation_set	24	static
../Middlewares/ST/lsm6dso/lsm6dso32_reg.c:5852:9:lsm6dso32_fifo_timestamp_decimation_get	24	static
../Middlewares/ST/lsm6dso/lsm6dso32_reg.c:5898:9:lsm6dso32_fifo_cnt_event_batch_set	24	static
../Middlewares/ST/lsm6dso/lsm6dso32_reg.c:5927:9:lsm6dso32_fifo_cnt_event_batch_get	24	static
../Middlewares/ST/lsm6dso/lsm6dso32_reg.c:5966:9:lsm6dso32_rst_batch_counter_set	24	static
../Middlewares/ST/lsm6dso/lsm6dso32_reg.c:5995:9:lsm6dso32_rst_batch_counter_get	24	static
../Middlewares/ST/lsm6dso/lsm6dso32_reg.c:6020:9:lsm6dso32_batch_counter_threshold_set	32	static
../Middlewares/ST/lsm6dso/lsm6dso32_reg.c:6056:9:lsm6dso32_batch_counter_threshold_get	32	static
../Middlewares/ST/lsm6dso/lsm6dso32_reg.c:6085:9:lsm6dso32_fifo_data_level_get	32	static
../Middlewares/ST/lsm6dso/lsm6dso32_reg.c:6113:9:lsm6dso32_fifo_status_get	32	static
../Middlewares/ST/lsm6dso/lsm6dso32_reg.c:6139:9:lsm6dso32_fifo_full_flag_get	32	static
../Middlewares/ST/lsm6dso/lsm6dso32_reg.c:6165:9:lsm6dso32_fifo_ovr_flag_get	32	static
../Middlewares/ST/lsm6dso/lsm6dso32_reg.c:6190:9:lsm6dso32_fifo_wtm_flag_get	32	static
../Middlewares/ST/lsm6dso/lsm6dso32_reg.c:6215:9:lsm6dso32_fifo_sensor_tag_get	24	static
../Middlewares/ST/lsm6dso/lsm6dso32_reg.c:6322:9:lsm6dso32_fifo_pedo_batch_set	24	static
../Middlewares/ST/lsm6dso/lsm6dso32_reg.c:6356:9:lsm6dso32_fifo_pedo_batch_get	24	static
../Middlewares/ST/lsm6dso/lsm6dso32_reg.c:6388:9:lsm6dso32_sh_batch_slave_0_set	24	static
../Middlewares/ST/lsm6dso/lsm6dso32_reg.c:6420:9:lsm6dso32_sh_batch_slave_0_get	24	static
../Middlewares/ST/lsm6dso/lsm6dso32_reg.c:6452:9:lsm6dso32_sh_batch_slave_1_set	24	static
../Middlewares/ST/lsm6dso/lsm6dso32_reg.c:6484:9:lsm6dso32_sh_batch_slave_1_get	24	static
../Middlewares/ST/lsm6dso/lsm6dso32_reg.c:6512:9:lsm6dso32_sh_batch_slave_2_set	24	static
../Middlewares/ST/lsm6dso/lsm6dso32_reg.c:6544:9:lsm6dso32_sh_batch_slave_2_get	24	static
../Middlewares/ST/lsm6dso/lsm6dso32_reg.c:6576:9:lsm6dso32_sh_batch_slave_3_set	24	static
../Middlewares/ST/lsm6dso/lsm6dso32_reg.c:6608:9:lsm6dso32_sh_batch_slave_3_get	24	static
../Middlewares/ST/lsm6dso/lsm6dso32_reg.c:6652:9:lsm6dso32_den_mode_set	24	static
../Middlewares/ST/lsm6dso/lsm6dso32_reg.c:6677:9:lsm6dso32_den_mode_get	24	static
../Middlewares/ST/lsm6dso/lsm6dso32_reg.c:6725:9:lsm6dso32_den_polarity_set	24	static
../Middlewares/ST/lsm6dso/lsm6dso32_reg.c:6750:9:lsm6dso32_den_polarity_get	24	static
../Middlewares/ST/lsm6dso/lsm6dso32_reg.c:6786:9:lsm6dso32_den_enable_set	24	static
../Middlewares/ST/lsm6dso/lsm6dso32_reg.c:6811:9:lsm6dso32_den_enable_get	24	static
../Middlewares/ST/lsm6dso/lsm6dso32_reg.c:6851:9:lsm6dso32_den_mark_axis_x_set	24	static
../Middlewares/ST/lsm6dso/lsm6dso32_reg.c:6875:9:lsm6dso32_den_mark_axis_x_get	24	static
../Middlewares/ST/lsm6dso/lsm6dso32_reg.c:6897:9:lsm6dso32_den_mark_axis_y_set	24	static
../Middlewares/ST/lsm6dso/lsm6dso32_reg.c:6921:9:lsm6dso32_den_mark_axis_y_get	24	static
../Middlewares/ST/lsm6dso/lsm6dso32_reg.c:6943:9:lsm6dso32_den_mark_axis_z_set	24	static
../Middlewares/ST/lsm6dso/lsm6dso32_reg.c:6967:9:lsm6dso32_den_mark_axis_z_get	24	static
../Middlewares/ST/lsm6dso/lsm6dso32_reg.c:7001:9:lsm6dso32_pedo_sens_set	32	static
../Middlewares/ST/lsm6dso/lsm6dso32_reg.c:7064:9:lsm6dso32_pedo_sens_get	32	static
../Middlewares/ST/lsm6dso/lsm6dso32_reg.c:7136:9:lsm6dso32_pedo_step_detect_get	24	static
../Middlewares/ST/lsm6dso/lsm6dso32_reg.c:7168:9:lsm6dso32_pedo_debounce_steps_set	24	static
../Middlewares/ST/lsm6dso/lsm6dso32_reg.c:7187:9:lsm6dso32_pedo_debounce_steps_get	24	static
../Middlewares/ST/lsm6dso/lsm6dso32_reg.c:7206:9:lsm6dso32_pedo_steps_period_set	24	static
../Middlewares/ST/lsm6dso/lsm6dso32_reg.c:7234:9:lsm6dso32_pedo_steps_period_get	24	static
../Middlewares/ST/lsm6dso/lsm6dso32_reg.c:7263:9:lsm6dso32_pedo_int_mode_set	24	static
../Middlewares/ST/lsm6dso/lsm6dso32_reg.c:7291:9:lsm6dso32_pedo_int_mode_get	24	static
../Middlewares/ST/lsm6dso/lsm6dso32_reg.c:7341:9:lsm6dso32_motion_sens_set	24	static
../Middlewares/ST/lsm6dso/lsm6dso32_reg.c:7374:9:lsm6dso32_motion_sens_get	24	static
../Middlewares/ST/lsm6dso/lsm6dso32_reg.c:7405:9:lsm6dso32_motion_flag_data_ready_get	24	static
../Middlewares/ST/lsm6dso/lsm6dso32_reg.c:7450:9:lsm6dso32_tilt_sens_set	24	static
../Middlewares/ST/lsm6dso/lsm6dso32_reg.c:7483:9:lsm6dso32_tilt_sens_get	24	static
../Middlewares/ST/lsm6dso/lsm6dso32_reg.c:7514:9:lsm6dso32_tilt_flag_data_ready_get	24	static
../Middlewares/ST/lsm6dso/lsm6dso32_reg.c:7559:9:lsm6dso32_mag_sensitivity_set	24	static
../Middlewares/ST/lsm6dso/lsm6dso32_reg.c:7586:9:lsm6dso32_mag_sensitivity_get	24	static
../Middlewares/ST/lsm6dso/lsm6dso32_reg.c:7614:9:lsm6dso32_mag_offset_set	32	static
../Middlewares/ST/lsm6dso/lsm6dso32_reg.c:7669:9:lsm6dso32_mag_offset_get	32	static
../Middlewares/ST/lsm6dso/lsm6dso32_reg.c:7734:9:lsm6dso32_mag_soft_iron_set	40	static
../Middlewares/ST/lsm6dso/lsm6dso32_reg.c:7851:9:lsm6dso32_mag_soft_iron_get	40	static
../Middlewares/ST/lsm6dso/lsm6dso32_reg.c:7968:9:lsm6dso32_mag_z_orient_set	24	static
../Middlewares/ST/lsm6dso/lsm6dso32_reg.c:7998:9:lsm6dso32_mag_z_orient_get	24	static
../Middlewares/ST/lsm6dso/lsm6dso32_reg.c:8054:9:lsm6dso32_mag_y_orient_set	24	static
../Middlewares/ST/lsm6dso/lsm6dso32_reg.c:8084:9:lsm6dso32_mag_y_orient_get	24	static
../Middlewares/ST/lsm6dso/lsm6dso32_reg.c:8140:9:lsm6dso32_mag_x_orient_set	24	static
../Middlewares/ST/lsm6dso/lsm6dso32_reg.c:8170:9:lsm6dso32_mag_x_orient_get	24	static
../Middlewares/ST/lsm6dso/lsm6dso32_reg.c:8237:9:lsm6dso32_long_cnt_flag_data_ready_get	24	static
../Middlewares/ST/lsm6dso/lsm6dso32_reg.c:8269:9:lsm6dso32_emb_fsm_en_set	24	static
../Middlewares/ST/lsm6dso/lsm6dso32_reg.c:8302:9:lsm6dso32_emb_fsm_en_get	24	static
../Middlewares/ST/lsm6dso/lsm6dso32_reg.c:8335:9:lsm6dso32_fsm_enable_set	24	static
../Middlewares/ST/lsm6dso/lsm6dso32_reg.c:8406:9:lsm6dso32_fsm_enable_get	24	static
../Middlewares/ST/lsm6dso/lsm6dso32_reg.c:8433:9:lsm6dso32_long_cnt_set	24	static
../Middlewares/ST/lsm6dso/lsm6dso32_reg.c:8461:9:lsm6dso32_long_cnt_get	24	static
../Middlewares/ST/lsm6dso/lsm6dso32_reg.c:8493:9:lsm6dso32_long_clr_set	24	static
../Middlewares/ST/lsm6dso/lsm6dso32_reg.c:8528:9:lsm6dso32_long_clr_get	24	static
../Middlewares/ST/lsm6dso/lsm6dso32_reg.c:8577:9:lsm6dso32_fsm_out_get	24	static
../Middlewares/ST/lsm6dso/lsm6dso32_reg.c:8603:9:lsm6dso32_fsm_data_rate_set	24	static
../Middlewares/ST/lsm6dso/lsm6dso32_reg.c:8639:9:lsm6dso32_fsm_data_rate_get	24	static
../Middlewares/ST/lsm6dso/lsm6dso32_reg.c:8692:9:lsm6dso32_fsm_init_set	24	static
../Middlewares/ST/lsm6dso/lsm6dso32_reg.c:8725:9:lsm6dso32_fsm_init_get	24	static
../Middlewares/ST/lsm6dso/lsm6dso32_reg.c:8759:9:lsm6dso32_long_cnt_int_value_set	24	static
../Middlewares/ST/lsm6dso/lsm6dso32_reg.c:8790:9:lsm6dso32_long_cnt_int_value_get	24	static
../Middlewares/ST/lsm6dso/lsm6dso32_reg.c:8818:9:lsm6dso32_fsm_number_of_programs_set	24	static
../Middlewares/ST/lsm6dso/lsm6dso32_reg.c:8836:9:lsm6dso32_fsm_number_of_programs_get	24	static
../Middlewares/ST/lsm6dso/lsm6dso32_reg.c:8855:9:lsm6dso32_fsm_start_address_set	24	static
../Middlewares/ST/lsm6dso/lsm6dso32_reg.c:8884:9:lsm6dso32_fsm_start_address_get	24	static
../Middlewares/ST/lsm6dso/lsm6dso32_reg.c:8925:9:lsm6dso32_sh_read_data_raw_get	24	static
../Middlewares/ST/lsm6dso/lsm6dso32_reg.c:8951:9:lsm6dso32_sh_slave_connected_set	24	static
../Middlewares/ST/lsm6dso/lsm6dso32_reg.c:8985:9:lsm6dso32_sh_slave_connected_get	24	static
../Middlewares/ST/lsm6dso/lsm6dso32_reg.c:9038:9:lsm6dso32_sh_master_set	24	static
../Middlewares/ST/lsm6dso/lsm6dso32_reg.c:9071:9:lsm6dso32_sh_master_get	24	static
../Middlewares/ST/lsm6dso/lsm6dso32_reg.c:9102:9:lsm6dso32_sh_pin_mode_set	24	static
../Middlewares/ST/lsm6dso/lsm6dso32_reg.c:9136:9:lsm6dso32_sh_pin_mode_get	24	static
../Middlewares/ST/lsm6dso/lsm6dso32_reg.c:9182:9:lsm6dso32_sh_pass_through_set	24	static
../Middlewares/ST/lsm6dso/lsm6dso32_reg.c:9216:9:lsm6dso32_sh_pass_through_get	24	static
../Middlewares/ST/lsm6dso/lsm6dso32_reg.c:9247:9:lsm6dso32_sh_syncro_mode_set	24	static
../Middlewares/ST/lsm6dso/lsm6dso32_reg.c:9281:9:lsm6dso32_sh_syncro_mode_get	24	static
../Middlewares/ST/lsm6dso/lsm6dso32_reg.c:9327:9:lsm6dso32_sh_write_mode_set	24	static
../Middlewares/ST/lsm6dso/lsm6dso32_reg.c:9362:9:lsm6dso32_sh_write_mode_get	24	static
../Middlewares/ST/lsm6dso/lsm6dso32_reg.c:9406:9:lsm6dso32_sh_reset_set	24	static
../Middlewares/ST/lsm6dso/lsm6dso32_reg.c:9446:9:lsm6dso32_sh_reset_get	24	static
../Middlewares/ST/lsm6dso/lsm6dso32_reg.c:9477:9:lsm6dso32_sh_data_rate_set	24	static
../Middlewares/ST/lsm6dso/lsm6dso32_reg.c:9509:9:lsm6dso32_sh_data_rate_get	24	static
../Middlewares/ST/lsm6dso/lsm6dso32_reg.c:9564:9:lsm6dso32_sh_cfg_write	24	static
../Middlewares/ST/lsm6dso/lsm6dso32_reg.c:9607:9:lsm6dso32_sh_slv0_cfg_read	32	static
../Middlewares/ST/lsm6dso/lsm6dso32_reg.c:9659:9:lsm6dso32_sh_slv1_cfg_read	32	static
../Middlewares/ST/lsm6dso/lsm6dso32_reg.c:9711:9:lsm6dso32_sh_slv2_cfg_read	32	static
../Middlewares/ST/lsm6dso/lsm6dso32_reg.c:9763:9:lsm6dso32_sh_slv3_cfg_read	32	static
../Middlewares/ST/lsm6dso/lsm6dso32_reg.c:9812:9:lsm6dso32_sh_status_get	24	static
