../UserCode/bme680_spi.c:138:20:cs_low	8	static
../UserCode/bme680_spi.c:143:20:cs_high	8	static
../UserCode/bme680_spi.c:149:13:spi_read	16	static
../UserCode/bme680_spi.c:159:13:spi_write	16	static
../UserCode/bme680_spi.c:171:13:set_page	24	static
../UserCode/bme680_spi.c:190:14:compensate_temperature	24	static
../UserCode/bme680_spi.c:201:14:compensate_pressure	32	static
../UserCode/bme680_spi.c:221:14:compensate_humidity	40	static
../UserCode/bme680_spi.c:239:14:compensate_gas_resistance	24	static
../UserCode/bme680_spi.c:259:16:calc_res_heat	40	static
../UserCode/bme680_spi.c:278:13:read_calibration	56	static
../UserCode/bme680_spi.c:372:9:bme680_init	16	static
../UserCode/bme680_spi.c:412:6:bme680_setGasEnabled	16	static
../UserCode/bme680_spi.c:419:6:bme680_triggerMeasurement	4	static
../UserCode/bme680_spi.c:437:9:bme680_stateMachine	40	static
../UserCode/bme680_spi.c:548:9:bme680_isDataReady	4	static
../UserCode/bme680_spi.c:554:15:bme680_getData	24	static
