../UserCode/SD_Card.c:58:6:HAL_GPIO_EXTI_Callback	16	static
../UserCode/SD_Card.c:70:16:cardIsPresent	8	static
../UserCode/SD_Card.c:80:17:findHighestLogNumber	88	static
../UserCode/SD_Card.c:105:16:mountAndCreateLog	32	static
../UserCode/SD_Card.c:145:13:unmount	8	static
../UserCode/SD_Card.c:158:6:SD_Init	8	static
../UserCode/SD_Card.c:173:6:SD_Update	8	static
../UserCode/SD_Card.c:235:12:SD_GetState	4	static
../UserCode/SD_Card.c:240:9:SD_IsReady	4	static
../UserCode/SD_Card.c:245:9:SD_WriteLine	24	static
