../UserCode/SD_Card.c:49:6:HAL_GPIO_EXTI_Callback	16	static
../UserCode/SD_Card.c:61:16:cardIsPresent	8	static
../UserCode/SD_Card.c:87:13:sdCardTeardown	8	static
../UserCode/SD_Card.c:97:6:SD_Init	8	static
../UserCode/SD_Card.c:111:6:SD_StateMachine	8	static
../UserCode/SD_Card.c:175:12:SD_GetState	4	static
../UserCode/SD_Card.c:180:9:SD_IsMounted	4	static
../UserCode/SD_Card.c:189:9:SD_FileOpen	24	static
../UserCode/SD_Card.c:195:9:SD_FileClose	16	static
../UserCode/SD_Card.c:201:9:SD_FileWrite	24	static
../UserCode/SD_Card.c:219:9:SD_FileSync	16	static
../UserCode/SD_Card.c:230:9:SD_DirOpen	16	static
../UserCode/SD_Card.c:237:9:SD_DirRead	16	static
../UserCode/SD_Card.c:242:9:SD_DirClose	16	static
